<!doctype html public "-//w3c//dtd html 4.0 transitional//en">
<html><head>
<title>Static Call Graph - [location\location.axf]</title></head>
<body><HR>
<H1>Static Call Graph for image location\location.axf</H1><HR>
<BR><P>#&#060CALLGRAPH&#062# ARM Linker, 5060960: Last Updated: Fri May 29 19:53:01 2026
<BR><P>
<H3>Maximum Stack Usage =       1240 bytes + Unknown(Cycles, Untraceable Function Pointers)</H3><H3>
Call chain for Maximum Stack Depth:</H3>
main &rArr; App_Main_UploadData2Server &rArr; Int_QS100_UploadData &rArr; Int_QS100_SendData2Server &rArr; Int_QS100_SendATCMD &rArr; HAL_UART_Transmit &rArr; UART_WaitOnFlagUntilTimeout
<P>
<H3>
Mutually Recursive functions
</H3> <LI><a href="#[1c]">ADC1_2_IRQHandler</a>&nbsp;&nbsp;&nbsp;&rArr;&nbsp;&nbsp;&nbsp;<a href="#[1c]">ADC1_2_IRQHandler</a><BR>
 <LI><a href="#[143]">print_object</a>&nbsp;&nbsp;&nbsp;&rArr;&nbsp;&nbsp;&nbsp;<a href="#[13d]">print_value</a><BR>
 <LI><a href="#[13f]">print_array</a>&nbsp;&nbsp;&nbsp;&rArr;&nbsp;&nbsp;&nbsp;<a href="#[13d]">print_value</a><BR>
 <LI><a href="#[9b]">cJSON_Delete</a>&nbsp;&nbsp;&nbsp;&rArr;&nbsp;&nbsp;&nbsp;<a href="#[9b]">cJSON_Delete</a><BR>
</UL>
<P>
<H3>
Function Pointers
</H3><UL>
 <LI><a href="#[1c]">ADC1_2_IRQHandler</a> from startup_stm32f103xb.o(.text) referenced from startup_stm32f103xb.o(RESET)
 <LI><a href="#[4]">BusFault_Handler</a> from stm32f1xx_it.o(i.BusFault_Handler) referenced from startup_stm32f103xb.o(RESET)
 <LI><a href="#[1f]">CAN1_RX1_IRQHandler</a> from startup_stm32f103xb.o(.text) referenced from startup_stm32f103xb.o(RESET)
 <LI><a href="#[20]">CAN1_SCE_IRQHandler</a> from startup_stm32f103xb.o(.text) referenced from startup_stm32f103xb.o(RESET)
 <LI><a href="#[15]">DMA1_Channel1_IRQHandler</a> from startup_stm32f103xb.o(.text) referenced from startup_stm32f103xb.o(RESET)
 <LI><a href="#[16]">DMA1_Channel2_IRQHandler</a> from startup_stm32f103xb.o(.text) referenced from startup_stm32f103xb.o(RESET)
 <LI><a href="#[17]">DMA1_Channel3_IRQHandler</a> from startup_stm32f103xb.o(.text) referenced from startup_stm32f103xb.o(RESET)
 <LI><a href="#[18]">DMA1_Channel4_IRQHandler</a> from startup_stm32f103xb.o(.text) referenced from startup_stm32f103xb.o(RESET)
 <LI><a href="#[19]">DMA1_Channel5_IRQHandler</a> from startup_stm32f103xb.o(.text) referenced from startup_stm32f103xb.o(RESET)
 <LI><a href="#[1a]">DMA1_Channel6_IRQHandler</a> from startup_stm32f103xb.o(.text) referenced from startup_stm32f103xb.o(RESET)
 <LI><a href="#[1b]">DMA1_Channel7_IRQHandler</a> from startup_stm32f103xb.o(.text) referenced from startup_stm32f103xb.o(RESET)
 <LI><a href="#[7]">DebugMon_Handler</a> from stm32f1xx_it.o(i.DebugMon_Handler) referenced from startup_stm32f103xb.o(RESET)
 <LI><a href="#[10]">EXTI0_IRQHandler</a> from startup_stm32f103xb.o(.text) referenced from startup_stm32f103xb.o(RESET)
 <LI><a href="#[32]">EXTI15_10_IRQHandler</a> from startup_stm32f103xb.o(.text) referenced from startup_stm32f103xb.o(RESET)
 <LI><a href="#[11]">EXTI1_IRQHandler</a> from startup_stm32f103xb.o(.text) referenced from startup_stm32f103xb.o(RESET)
 <LI><a href="#[12]">EXTI2_IRQHandler</a> from startup_stm32f103xb.o(.text) referenced from startup_stm32f103xb.o(RESET)
 <LI><a href="#[13]">EXTI3_IRQHandler</a> from startup_stm32f103xb.o(.text) referenced from startup_stm32f103xb.o(RESET)
 <LI><a href="#[14]">EXTI4_IRQHandler</a> from startup_stm32f103xb.o(.text) referenced from startup_stm32f103xb.o(RESET)
 <LI><a href="#[21]">EXTI9_5_IRQHandler</a> from startup_stm32f103xb.o(.text) referenced from startup_stm32f103xb.o(RESET)
 <LI><a href="#[46]">Ebyte_E220x_GetDriverVersion</a> from ebyte_e220x.o(i.Ebyte_E220x_GetDriverVersion) referenced from ebyte_core.o(.constdata)
 <LI><a href="#[45]">Ebyte_E220x_GetName</a> from ebyte_e220x.o(i.Ebyte_E220x_GetName) referenced from ebyte_core.o(.constdata)
 <LI><a href="#[3f]">Ebyte_E220x_Init</a> from ebyte_e220x.o(i.Ebyte_E220x_Init) referenced from ebyte_core.o(.constdata)
 <LI><a href="#[43]">Ebyte_E220x_IntOrPollTask</a> from ebyte_e220x.o(i.Ebyte_E220x_IntOrPollTask) referenced from ebyte_core.o(.constdata)
 <LI><a href="#[44]">Ebyte_E220x_InterruptTrigger</a> from ebyte_e220x.o(i.Ebyte_E220x_InterruptTrigger) referenced from ebyte_core.o(.constdata)
 <LI><a href="#[40]">Ebyte_E220x_SendPayload</a> from ebyte_e220x.o(i.Ebyte_E220x_SendPayload) referenced from ebyte_core.o(.constdata)
 <LI><a href="#[42]">Ebyte_E220x_SetRx</a> from ebyte_e220x.o(i.Ebyte_E220x_SetRx) referenced from ebyte_core.o(.constdata)
 <LI><a href="#[41]">Ebyte_E220x_SetSleep</a> from ebyte_e220x.o(i.Ebyte_E220x_SetSleep) referenced from ebyte_core.o(.constdata)
 <LI><a href="#[e]">FLASH_IRQHandler</a> from startup_stm32f103xb.o(.text) referenced from startup_stm32f103xb.o(RESET)
 <LI><a href="#[2]">HardFault_Handler</a> from stm32f1xx_it.o(i.HardFault_Handler) referenced from startup_stm32f103xb.o(RESET)
 <LI><a href="#[2a]">I2C1_ER_IRQHandler</a> from startup_stm32f103xb.o(.text) referenced from startup_stm32f103xb.o(RESET)
 <LI><a href="#[29]">I2C1_EV_IRQHandler</a> from startup_stm32f103xb.o(.text) referenced from startup_stm32f103xb.o(RESET)
 <LI><a href="#[2c]">I2C2_ER_IRQHandler</a> from startup_stm32f103xb.o(.text) referenced from startup_stm32f103xb.o(RESET)
 <LI><a href="#[2b]">I2C2_EV_IRQHandler</a> from startup_stm32f103xb.o(.text) referenced from startup_stm32f103xb.o(RESET)
 <LI><a href="#[3]">MemManage_Handler</a> from stm32f1xx_it.o(i.MemManage_Handler) referenced from startup_stm32f103xb.o(RESET)
 <LI><a href="#[1]">NMI_Handler</a> from stm32f1xx_it.o(i.NMI_Handler) referenced from startup_stm32f103xb.o(RESET)
 <LI><a href="#[b]">PVD_IRQHandler</a> from startup_stm32f103xb.o(.text) referenced from startup_stm32f103xb.o(RESET)
 <LI><a href="#[8]">PendSV_Handler</a> from stm32f1xx_it.o(i.PendSV_Handler) referenced from startup_stm32f103xb.o(RESET)
 <LI><a href="#[f]">RCC_IRQHandler</a> from startup_stm32f103xb.o(.text) referenced from startup_stm32f103xb.o(RESET)
 <LI><a href="#[33]">RTC_Alarm_IRQHandler</a> from startup_stm32f103xb.o(.text) referenced from startup_stm32f103xb.o(RESET)
 <LI><a href="#[d]">RTC_IRQHandler</a> from startup_stm32f103xb.o(.text) referenced from startup_stm32f103xb.o(RESET)
 <LI><a href="#[0]">Reset_Handler</a> from startup_stm32f103xb.o(.text) referenced from startup_stm32f103xb.o(RESET)
 <LI><a href="#[2d]">SPI1_IRQHandler</a> from startup_stm32f103xb.o(.text) referenced from startup_stm32f103xb.o(RESET)
 <LI><a href="#[2e]">SPI2_IRQHandler</a> from startup_stm32f103xb.o(.text) referenced from startup_stm32f103xb.o(RESET)
 <LI><a href="#[6]">SVC_Handler</a> from stm32f1xx_it.o(i.SVC_Handler) referenced from startup_stm32f103xb.o(RESET)
 <LI><a href="#[9]">SysTick_Handler</a> from stm32f1xx_it.o(i.SysTick_Handler) referenced from startup_stm32f103xb.o(RESET)
 <LI><a href="#[36]">SystemInit</a> from system_stm32f1xx.o(i.SystemInit) referenced from startup_stm32f103xb.o(.text)
 <LI><a href="#[c]">TAMPER_IRQHandler</a> from startup_stm32f103xb.o(.text) referenced from startup_stm32f103xb.o(RESET)
 <LI><a href="#[22]">TIM1_BRK_IRQHandler</a> from startup_stm32f103xb.o(.text) referenced from startup_stm32f103xb.o(RESET)
 <LI><a href="#[25]">TIM1_CC_IRQHandler</a> from startup_stm32f103xb.o(.text) referenced from startup_stm32f103xb.o(RESET)
 <LI><a href="#[24]">TIM1_TRG_COM_IRQHandler</a> from startup_stm32f103xb.o(.text) referenced from startup_stm32f103xb.o(RESET)
 <LI><a href="#[23]">TIM1_UP_IRQHandler</a> from startup_stm32f103xb.o(.text) referenced from startup_stm32f103xb.o(RESET)
 <LI><a href="#[26]">TIM2_IRQHandler</a> from startup_stm32f103xb.o(.text) referenced from startup_stm32f103xb.o(RESET)
 <LI><a href="#[27]">TIM3_IRQHandler</a> from startup_stm32f103xb.o(.text) referenced from startup_stm32f103xb.o(RESET)
 <LI><a href="#[28]">TIM4_IRQHandler</a> from startup_stm32f103xb.o(.text) referenced from startup_stm32f103xb.o(RESET)
 <LI><a href="#[3c]">UART_DMAAbortOnError</a> from stm32f1xx_hal_uart.o(i.UART_DMAAbortOnError) referenced from stm32f1xx_hal_uart.o(i.HAL_UART_IRQHandler)
 <LI><a href="#[2f]">USART1_IRQHandler</a> from startup_stm32f103xb.o(.text) referenced from startup_stm32f103xb.o(RESET)
 <LI><a href="#[30]">USART2_IRQHandler</a> from stm32f1xx_it.o(i.USART2_IRQHandler) referenced from startup_stm32f103xb.o(RESET)
 <LI><a href="#[31]">USART3_IRQHandler</a> from stm32f1xx_it.o(i.USART3_IRQHandler) referenced from startup_stm32f103xb.o(RESET)
 <LI><a href="#[34]">USBWakeUp_IRQHandler</a> from startup_stm32f103xb.o(.text) referenced from startup_stm32f103xb.o(RESET)
 <LI><a href="#[1d]">USB_HP_CAN1_TX_IRQHandler</a> from startup_stm32f103xb.o(.text) referenced from startup_stm32f103xb.o(RESET)
 <LI><a href="#[1e]">USB_LP_CAN1_RX0_IRQHandler</a> from startup_stm32f103xb.o(.text) referenced from startup_stm32f103xb.o(RESET)
 <LI><a href="#[5]">UsageFault_Handler</a> from stm32f1xx_it.o(i.UsageFault_Handler) referenced from startup_stm32f103xb.o(RESET)
 <LI><a href="#[a]">WWDG_IRQHandler</a> from startup_stm32f103xb.o(.text) referenced from startup_stm32f103xb.o(RESET)
 <LI><a href="#[37]">__main</a> from entry.o(.ARM.Collect$$$$00000000) referenced from startup_stm32f103xb.o(.text)
 <LI><a href="#[39]">_sbackspace</a> from _sgetc.o(.text) referenced from __0sscanf.o(.text)
 <LI><a href="#[3a]">_scanf_char_input</a> from scanf_char.o(.text) referenced from scanf_char.o(.text)
 <LI><a href="#[38]">_sgetc</a> from _sgetc.o(.text) referenced from __0sscanf.o(.text)
 <LI><a href="#[3e]">_sputc</a> from printfa.o(i._sputc) referenced from printfa.o(i.__0sprintf)
 <LI><a href="#[3d]">fputc</a> from com_debug.o(i.fputc) referenced from printfa.o(i.__0printf)
 <LI><a href="#[48]">free</a> from mallocr.o(i.__free$realloc) referenced from cjson.o(.data)
 <LI><a href="#[3b]">isspace</a> from isspace_c.o(.text) referenced from scanf_char.o(.text)
 <LI><a href="#[35]">main</a> from main.o(i.main) referenced from entry9a.o(.ARM.Collect$$$$0000000B)
 <LI><a href="#[47]">malloc</a> from mallocr.o(i.__malloc$realloc) referenced from cjson.o(.data)
 <LI><a href="#[49]">realloc</a> from mallocr.o(i.realloc) referenced from cjson.o(.data)
</UL>
<P>
<H3>
Global Symbols
</H3>
<P><STRONG><a name="[37]"></a>__main</STRONG> (Thumb, 0 bytes, Stack size unknown bytes, entry.o(.ARM.Collect$$$$00000000))
<BR>[Address Reference Count : 1]<UL><LI> startup_stm32f103xb.o(.text)
</UL>
<P><STRONG><a name="[147]"></a>_main_stk</STRONG> (Thumb, 0 bytes, Stack size unknown bytes, entry2.o(.ARM.Collect$$$$00000001))

<P><STRONG><a name="[4a]"></a>_main_scatterload</STRONG> (Thumb, 0 bytes, Stack size unknown bytes, entry5.o(.ARM.Collect$$$$00000004))
<BR><BR>[Calls]<UL><LI><a href="#[4b]">&gt;&gt;</a>&nbsp;&nbsp;&nbsp;__scatterload
</UL>

<P><STRONG><a name="[73]"></a>__main_after_scatterload</STRONG> (Thumb, 0 bytes, Stack size unknown bytes, entry5.o(.ARM.Collect$$$$00000004))
<BR><BR>[Called By]<UL><LI><a href="#[4b]">&gt;&gt;</a>&nbsp;&nbsp;&nbsp;__scatterload
</UL>

<P><STRONG><a name="[148]"></a>_main_clock</STRONG> (Thumb, 0 bytes, Stack size unknown bytes, entry7b.o(.ARM.Collect$$$$00000008))

<P><STRONG><a name="[149]"></a>_main_cpp_init</STRONG> (Thumb, 0 bytes, Stack size unknown bytes, entry8b.o(.ARM.Collect$$$$0000000A))

<P><STRONG><a name="[14a]"></a>_main_init</STRONG> (Thumb, 0 bytes, Stack size unknown bytes, entry9a.o(.ARM.Collect$$$$0000000B))

<P><STRONG><a name="[14b]"></a>__rt_lib_shutdown_fini</STRONG> (Thumb, 0 bytes, Stack size unknown bytes, entry12b.o(.ARM.Collect$$$$0000000E))

<P><STRONG><a name="[14c]"></a>__rt_final_cpp</STRONG> (Thumb, 0 bytes, Stack size unknown bytes, entry10a.o(.ARM.Collect$$$$0000000F))

<P><STRONG><a name="[14d]"></a>__rt_final_exit</STRONG> (Thumb, 0 bytes, Stack size unknown bytes, entry11a.o(.ARM.Collect$$$$00000011))

<P><STRONG><a name="[0]"></a>Reset_Handler</STRONG> (Thumb, 8 bytes, Stack size 0 bytes, startup_stm32f103xb.o(.text))
<BR>[Address Reference Count : 1]<UL><LI> startup_stm32f103xb.o(RESET)
</UL>
<P><STRONG><a name="[1c]"></a>ADC1_2_IRQHandler</STRONG> (Thumb, 0 bytes, Stack size 0 bytes, startup_stm32f103xb.o(.text))
<BR><BR>[Calls]<UL><LI><a href="#[1c]">&gt;&gt;</a>&nbsp;&nbsp;&nbsp;ADC1_2_IRQHandler
</UL>
<BR>[Called By]<UL><LI><a href="#[1c]">&gt;&gt;</a>&nbsp;&nbsp;&nbsp;ADC1_2_IRQHandler
</UL>
<BR>[Address Reference Count : 1]<UL><LI> startup_stm32f103xb.o(RESET)
</UL>
<P><STRONG><a name="[1f]"></a>CAN1_RX1_IRQHandler</STRONG> (Thumb, 0 bytes, Stack size 0 bytes, startup_stm32f103xb.o(.text))
<BR>[Address Reference Count : 1]<UL><LI> startup_stm32f103xb.o(RESET)
</UL>
<P><STRONG><a name="[20]"></a>CAN1_SCE_IRQHandler</STRONG> (Thumb, 0 bytes, Stack size 0 bytes, startup_stm32f103xb.o(.text))
<BR>[Address Reference Count : 1]<UL><LI> startup_stm32f103xb.o(RESET)
</UL>
<P><STRONG><a name="[15]"></a>DMA1_Channel1_IRQHandler</STRONG> (Thumb, 0 bytes, Stack size 0 bytes, startup_stm32f103xb.o(.text))
<BR>[Address Reference Count : 1]<UL><LI> startup_stm32f103xb.o(RESET)
</UL>
<P><STRONG><a name="[16]"></a>DMA1_Channel2_IRQHandler</STRONG> (Thumb, 0 bytes, Stack size 0 bytes, startup_stm32f103xb.o(.text))
<BR>[Address Reference Count : 1]<UL><LI> startup_stm32f103xb.o(RESET)
</UL>
<P><STRONG><a name="[17]"></a>DMA1_Channel3_IRQHandler</STRONG> (Thumb, 0 bytes, Stack size 0 bytes, startup_stm32f103xb.o(.text))
<BR>[Address Reference Count : 1]<UL><LI> startup_stm32f103xb.o(RESET)
</UL>
<P><STRONG><a name="[18]"></a>DMA1_Channel4_IRQHandler</STRONG> (Thumb, 0 bytes, Stack size 0 bytes, startup_stm32f103xb.o(.text))
<BR>[Address Reference Count : 1]<UL><LI> startup_stm32f103xb.o(RESET)
</UL>
<P><STRONG><a name="[19]"></a>DMA1_Channel5_IRQHandler</STRONG> (Thumb, 0 bytes, Stack size 0 bytes, startup_stm32f103xb.o(.text))
<BR>[Address Reference Count : 1]<UL><LI> startup_stm32f103xb.o(RESET)
</UL>
<P><STRONG><a name="[1a]"></a>DMA1_Channel6_IRQHandler</STRONG> (Thumb, 0 bytes, Stack size 0 bytes, startup_stm32f103xb.o(.text))
<BR>[Address Reference Count : 1]<UL><LI> startup_stm32f103xb.o(RESET)
</UL>
<P><STRONG><a name="[1b]"></a>DMA1_Channel7_IRQHandler</STRONG> (Thumb, 0 bytes, Stack size 0 bytes, startup_stm32f103xb.o(.text))
<BR>[Address Reference Count : 1]<UL><LI> startup_stm32f103xb.o(RESET)
</UL>
<P><STRONG><a name="[10]"></a>EXTI0_IRQHandler</STRONG> (Thumb, 0 bytes, Stack size 0 bytes, startup_stm32f103xb.o(.text))
<BR>[Address Reference Count : 1]<UL><LI> startup_stm32f103xb.o(RESET)
</UL>
<P><STRONG><a name="[32]"></a>EXTI15_10_IRQHandler</STRONG> (Thumb, 0 bytes, Stack size 0 bytes, startup_stm32f103xb.o(.text))
<BR>[Address Reference Count : 1]<UL><LI> startup_stm32f103xb.o(RESET)
</UL>
<P><STRONG><a name="[11]"></a>EXTI1_IRQHandler</STRONG> (Thumb, 0 bytes, Stack size 0 bytes, startup_stm32f103xb.o(.text))
<BR>[Address Reference Count : 1]<UL><LI> startup_stm32f103xb.o(RESET)
</UL>
<P><STRONG><a name="[12]"></a>EXTI2_IRQHandler</STRONG> (Thumb, 0 bytes, Stack size 0 bytes, startup_stm32f103xb.o(.text))
<BR>[Address Reference Count : 1]<UL><LI> startup_stm32f103xb.o(RESET)
</UL>
<P><STRONG><a name="[13]"></a>EXTI3_IRQHandler</STRONG> (Thumb, 0 bytes, Stack size 0 bytes, startup_stm32f103xb.o(.text))
<BR>[Address Reference Count : 1]<UL><LI> startup_stm32f103xb.o(RESET)
</UL>
<P><STRONG><a name="[14]"></a>EXTI4_IRQHandler</STRONG> (Thumb, 0 bytes, Stack size 0 bytes, startup_stm32f103xb.o(.text))
<BR>[Address Reference Count : 1]<UL><LI> startup_stm32f103xb.o(RESET)
</UL>
<P><STRONG><a name="[21]"></a>EXTI9_5_IRQHandler</STRONG> (Thumb, 0 bytes, Stack size 0 bytes, startup_stm32f103xb.o(.text))
<BR>[Address Reference Count : 1]<UL><LI> startup_stm32f103xb.o(RESET)
</UL>
<P><STRONG><a name="[e]"></a>FLASH_IRQHandler</STRONG> (Thumb, 0 bytes, Stack size 0 bytes, startup_stm32f103xb.o(.text))
<BR>[Address Reference Count : 1]<UL><LI> startup_stm32f103xb.o(RESET)
</UL>
<P><STRONG><a name="[2a]"></a>I2C1_ER_IRQHandler</STRONG> (Thumb, 0 bytes, Stack size 0 bytes, startup_stm32f103xb.o(.text))
<BR>[Address Reference Count : 1]<UL><LI> startup_stm32f103xb.o(RESET)
</UL>
<P><STRONG><a name="[29]"></a>I2C1_EV_IRQHandler</STRONG> (Thumb, 0 bytes, Stack size 0 bytes, startup_stm32f103xb.o(.text))
<BR>[Address Reference Count : 1]<UL><LI> startup_stm32f103xb.o(RESET)
</UL>
<P><STRONG><a name="[2c]"></a>I2C2_ER_IRQHandler</STRONG> (Thumb, 0 bytes, Stack size 0 bytes, startup_stm32f103xb.o(.text))
<BR>[Address Reference Count : 1]<UL><LI> startup_stm32f103xb.o(RESET)
</UL>
<P><STRONG><a name="[2b]"></a>I2C2_EV_IRQHandler</STRONG> (Thumb, 0 bytes, Stack size 0 bytes, startup_stm32f103xb.o(.text))
<BR>[Address Reference Count : 1]<UL><LI> startup_stm32f103xb.o(RESET)
</UL>
<P><STRONG><a name="[b]"></a>PVD_IRQHandler</STRONG> (Thumb, 0 bytes, Stack size 0 bytes, startup_stm32f103xb.o(.text))
<BR>[Address Reference Count : 1]<UL><LI> startup_stm32f103xb.o(RESET)
</UL>
<P><STRONG><a name="[f]"></a>RCC_IRQHandler</STRONG> (Thumb, 0 bytes, Stack size 0 bytes, startup_stm32f103xb.o(.text))
<BR>[Address Reference Count : 1]<UL><LI> startup_stm32f103xb.o(RESET)
</UL>
<P><STRONG><a name="[33]"></a>RTC_Alarm_IRQHandler</STRONG> (Thumb, 0 bytes, Stack size 0 bytes, startup_stm32f103xb.o(.text))
<BR>[Address Reference Count : 1]<UL><LI> startup_stm32f103xb.o(RESET)
</UL>
<P><STRONG><a name="[d]"></a>RTC_IRQHandler</STRONG> (Thumb, 0 bytes, Stack size 0 bytes, startup_stm32f103xb.o(.text))
<BR>[Address Reference Count : 1]<UL><LI> startup_stm32f103xb.o(RESET)
</UL>
<P><STRONG><a name="[2d]"></a>SPI1_IRQHandler</STRONG> (Thumb, 0 bytes, Stack size 0 bytes, startup_stm32f103xb.o(.text))
<BR>[Address Reference Count : 1]<UL><LI> startup_stm32f103xb.o(RESET)
</UL>
<P><STRONG><a name="[2e]"></a>SPI2_IRQHandler</STRONG> (Thumb, 0 bytes, Stack size 0 bytes, startup_stm32f103xb.o(.text))
<BR>[Address Reference Count : 1]<UL><LI> startup_stm32f103xb.o(RESET)
</UL>
<P><STRONG><a name="[c]"></a>TAMPER_IRQHandler</STRONG> (Thumb, 0 bytes, Stack size 0 bytes, startup_stm32f103xb.o(.text))
<BR>[Address Reference Count : 1]<UL><LI> startup_stm32f103xb.o(RESET)
</UL>
<P><STRONG><a name="[22]"></a>TIM1_BRK_IRQHandler</STRONG> (Thumb, 0 bytes, Stack size 0 bytes, startup_stm32f103xb.o(.text))
<BR>[Address Reference Count : 1]<UL><LI> startup_stm32f103xb.o(RESET)
</UL>
<P><STRONG><a name="[25]"></a>TIM1_CC_IRQHandler</STRONG> (Thumb, 0 bytes, Stack size 0 bytes, startup_stm32f103xb.o(.text))
<BR>[Address Reference Count : 1]<UL><LI> startup_stm32f103xb.o(RESET)
</UL>
<P><STRONG><a name="[24]"></a>TIM1_TRG_COM_IRQHandler</STRONG> (Thumb, 0 bytes, Stack size 0 bytes, startup_stm32f103xb.o(.text))
<BR>[Address Reference Count : 1]<UL><LI> startup_stm32f103xb.o(RESET)
</UL>
<P><STRONG><a name="[23]"></a>TIM1_UP_IRQHandler</STRONG> (Thumb, 0 bytes, Stack size 0 bytes, startup_stm32f103xb.o(.text))
<BR>[Address Reference Count : 1]<UL><LI> startup_stm32f103xb.o(RESET)
</UL>
<P><STRONG><a name="[26]"></a>TIM2_IRQHandler</STRONG> (Thumb, 0 bytes, Stack size 0 bytes, startup_stm32f103xb.o(.text))
<BR>[Address Reference Count : 1]<UL><LI> startup_stm32f103xb.o(RESET)
</UL>
<P><STRONG><a name="[27]"></a>TIM3_IRQHandler</STRONG> (Thumb, 0 bytes, Stack size 0 bytes, startup_stm32f103xb.o(.text))
<BR>[Address Reference Count : 1]<UL><LI> startup_stm32f103xb.o(RESET)
</UL>
<P><STRONG><a name="[28]"></a>TIM4_IRQHandler</STRONG> (Thumb, 0 bytes, Stack size 0 bytes, startup_stm32f103xb.o(.text))
<BR>[Address Reference Count : 1]<UL><LI> startup_stm32f103xb.o(RESET)
</UL>
<P><STRONG><a name="[2f]"></a>USART1_IRQHandler</STRONG> (Thumb, 0 bytes, Stack size 0 bytes, startup_stm32f103xb.o(.text))
<BR>[Address Reference Count : 1]<UL><LI> startup_stm32f103xb.o(RESET)
</UL>
<P><STRONG><a name="[34]"></a>USBWakeUp_IRQHandler</STRONG> (Thumb, 0 bytes, Stack size 0 bytes, startup_stm32f103xb.o(.text))
<BR>[Address Reference Count : 1]<UL><LI> startup_stm32f103xb.o(RESET)
</UL>
<P><STRONG><a name="[1d]"></a>USB_HP_CAN1_TX_IRQHandler</STRONG> (Thumb, 0 bytes, Stack size 0 bytes, startup_stm32f103xb.o(.text))
<BR>[Address Reference Count : 1]<UL><LI> startup_stm32f103xb.o(RESET)
</UL>
<P><STRONG><a name="[1e]"></a>USB_LP_CAN1_RX0_IRQHandler</STRONG> (Thumb, 0 bytes, Stack size 0 bytes, startup_stm32f103xb.o(.text))
<BR>[Address Reference Count : 1]<UL><LI> startup_stm32f103xb.o(RESET)
</UL>
<P><STRONG><a name="[a]"></a>WWDG_IRQHandler</STRONG> (Thumb, 0 bytes, Stack size 0 bytes, startup_stm32f103xb.o(.text))
<BR>[Address Reference Count : 1]<UL><LI> startup_stm32f103xb.o(RESET)
</UL>
<P><STRONG><a name="[6d]"></a>__aeabi_llsr</STRONG> (Thumb, 32 bytes, Stack size 0 bytes, llushr.o(.text))
<BR><BR>[Called By]<UL><LI><a href="#[6e]">&gt;&gt;</a>&nbsp;&nbsp;&nbsp;__aeabi_d2uiz
<LI><a href="#[6c]">&gt;&gt;</a>&nbsp;&nbsp;&nbsp;__aeabi_d2iz
<LI><a href="#[6f]">&gt;&gt;</a>&nbsp;&nbsp;&nbsp;__aeabi_uldivmod
<LI><a href="#[65]">&gt;&gt;</a>&nbsp;&nbsp;&nbsp;_double_epilogue
<LI><a href="#[72]">&gt;&gt;</a>&nbsp;&nbsp;&nbsp;__aeabi_d2ulz
</UL>

<P><STRONG><a name="[14e]"></a>_ll_ushift_r</STRONG> (Thumb, 0 bytes, Stack size 0 bytes, llushr.o(.text), UNUSED)

<P><STRONG><a name="[4c]"></a>mktime</STRONG> (Thumb, 150 bytes, Stack size 16 bytes, mktime.o(.text))
<BR><BR>[Stack]<UL><LI>Max Depth = 24<LI>Call Chain = mktime &rArr; _localtime
</UL>
<BR>[Calls]<UL><LI><a href="#[4d]">&gt;&gt;</a>&nbsp;&nbsp;&nbsp;_localtime
</UL>
<BR>[Called By]<UL><LI><a href="#[88]">&gt;&gt;</a>&nbsp;&nbsp;&nbsp;Com_Util_utc2beijing
</UL>

<P><STRONG><a name="[9a]"></a>__aeabi_memcpy</STRONG> (Thumb, 36 bytes, Stack size 0 bytes, memcpya.o(.text))
<BR><BR>[Called By]<UL><LI><a href="#[8d]">&gt;&gt;</a>&nbsp;&nbsp;&nbsp;Com_Util_UploadData2JsonString
<LI><a href="#[113]">&gt;&gt;</a>&nbsp;&nbsp;&nbsp;Int_QS100_SendATCMD
<LI><a href="#[86]">&gt;&gt;</a>&nbsp;&nbsp;&nbsp;Int_AT6558R_GetGPS
<LI><a href="#[13d]">&gt;&gt;</a>&nbsp;&nbsp;&nbsp;print_value
<LI><a href="#[144]">&gt;&gt;</a>&nbsp;&nbsp;&nbsp;print_string_ptr
<LI><a href="#[13a]">&gt;&gt;</a>&nbsp;&nbsp;&nbsp;print
<LI><a href="#[13c]">&gt;&gt;</a>&nbsp;&nbsp;&nbsp;ensure
<LI><a href="#[135]">&gt;&gt;</a>&nbsp;&nbsp;&nbsp;cJSON_strdup
<LI><a href="#[12b]">&gt;&gt;</a>&nbsp;&nbsp;&nbsp;internal_alloc
</UL>

<P><STRONG><a name="[14f]"></a>__aeabi_memcpy4</STRONG> (Thumb, 0 bytes, Stack size 0 bytes, memcpya.o(.text), UNUSED)

<P><STRONG><a name="[150]"></a>__aeabi_memcpy8</STRONG> (Thumb, 0 bytes, Stack size 0 bytes, memcpya.o(.text), UNUSED)

<P><STRONG><a name="[4f]"></a>__aeabi_memset</STRONG> (Thumb, 14 bytes, Stack size 0 bytes, memseta.o(.text))
<BR><BR>[Called By]<UL><LI><a href="#[50]">&gt;&gt;</a>&nbsp;&nbsp;&nbsp;_memset$wrapper
<LI><a href="#[4e]">&gt;&gt;</a>&nbsp;&nbsp;&nbsp;__aeabi_memclr
</UL>

<P><STRONG><a name="[151]"></a>__aeabi_memset4</STRONG> (Thumb, 0 bytes, Stack size 0 bytes, memseta.o(.text), UNUSED)

<P><STRONG><a name="[152]"></a>__aeabi_memset8</STRONG> (Thumb, 0 bytes, Stack size 0 bytes, memseta.o(.text), UNUSED)

<P><STRONG><a name="[4e]"></a>__aeabi_memclr</STRONG> (Thumb, 4 bytes, Stack size 0 bytes, memseta.o(.text))
<BR><BR>[Calls]<UL><LI><a href="#[4f]">&gt;&gt;</a>&nbsp;&nbsp;&nbsp;__aeabi_memset
</UL>
<BR>[Called By]<UL><LI><a href="#[113]">&gt;&gt;</a>&nbsp;&nbsp;&nbsp;Int_QS100_SendATCMD
<LI><a href="#[86]">&gt;&gt;</a>&nbsp;&nbsp;&nbsp;Int_AT6558R_GetGPS
</UL>

<P><STRONG><a name="[99]"></a>__aeabi_memclr4</STRONG> (Thumb, 0 bytes, Stack size 0 bytes, memseta.o(.text))
<BR><BR>[Called By]<UL><LI><a href="#[125]">&gt;&gt;</a>&nbsp;&nbsp;&nbsp;SystemClock_Config
<LI><a href="#[88]">&gt;&gt;</a>&nbsp;&nbsp;&nbsp;Com_Util_utc2beijing
<LI><a href="#[8d]">&gt;&gt;</a>&nbsp;&nbsp;&nbsp;Com_Util_UploadData2JsonString
<LI><a href="#[118]">&gt;&gt;</a>&nbsp;&nbsp;&nbsp;Int_QS100_SendData2Server
<LI><a href="#[112]">&gt;&gt;</a>&nbsp;&nbsp;&nbsp;Int_QS100_ConnectServer
<LI><a href="#[10f]">&gt;&gt;</a>&nbsp;&nbsp;&nbsp;Int_AT6558R_SendCMD
<LI><a href="#[140]">&gt;&gt;</a>&nbsp;&nbsp;&nbsp;print_number
<LI><a href="#[13a]">&gt;&gt;</a>&nbsp;&nbsp;&nbsp;print
<LI><a href="#[138]">&gt;&gt;</a>&nbsp;&nbsp;&nbsp;cJSON_New_Item
</UL>

<P><STRONG><a name="[153]"></a>__aeabi_memclr8</STRONG> (Thumb, 0 bytes, Stack size 0 bytes, memseta.o(.text), UNUSED)

<P><STRONG><a name="[50]"></a>_memset$wrapper</STRONG> (Thumb, 18 bytes, Stack size 8 bytes, memseta.o(.text), UNUSED)
<BR><BR>[Calls]<UL><LI><a href="#[4f]">&gt;&gt;</a>&nbsp;&nbsp;&nbsp;__aeabi_memset
</UL>

<P><STRONG><a name="[114]"></a>strstr</STRONG> (Thumb, 36 bytes, Stack size 12 bytes, strstr.o(.text))
<BR><BR>[Stack]<UL><LI>Max Depth = 12<LI>Call Chain = strstr
</UL>
<BR>[Called By]<UL><LI><a href="#[118]">&gt;&gt;</a>&nbsp;&nbsp;&nbsp;Int_QS100_SendData2Server
<LI><a href="#[117]">&gt;&gt;</a>&nbsp;&nbsp;&nbsp;Int_QS100_IsNetWork
<LI><a href="#[115]">&gt;&gt;</a>&nbsp;&nbsp;&nbsp;Int_QS100_CreateSocket
<LI><a href="#[112]">&gt;&gt;</a>&nbsp;&nbsp;&nbsp;Int_QS100_ConnectServer
<LI><a href="#[113]">&gt;&gt;</a>&nbsp;&nbsp;&nbsp;Int_QS100_SendATCMD
</UL>

<P><STRONG><a name="[8e]"></a>strlen</STRONG> (Thumb, 14 bytes, Stack size 0 bytes, strlen.o(.text))
<BR><BR>[Called By]<UL><LI><a href="#[85]">&gt;&gt;</a>&nbsp;&nbsp;&nbsp;App_Main_UploadData2Server
<LI><a href="#[8d]">&gt;&gt;</a>&nbsp;&nbsp;&nbsp;Com_Util_UploadData2JsonString
<LI><a href="#[113]">&gt;&gt;</a>&nbsp;&nbsp;&nbsp;Int_QS100_SendATCMD
<LI><a href="#[10f]">&gt;&gt;</a>&nbsp;&nbsp;&nbsp;Int_AT6558R_SendCMD
<LI><a href="#[86]">&gt;&gt;</a>&nbsp;&nbsp;&nbsp;Int_AT6558R_GetGPS
<LI><a href="#[13e]">&gt;&gt;</a>&nbsp;&nbsp;&nbsp;update_offset
<LI><a href="#[13d]">&gt;&gt;</a>&nbsp;&nbsp;&nbsp;print_value
<LI><a href="#[135]">&gt;&gt;</a>&nbsp;&nbsp;&nbsp;cJSON_strdup
</UL>

<P><STRONG><a name="[146]"></a>strcpy</STRONG> (Thumb, 18 bytes, Stack size 0 bytes, strcpy.o(.text))
<BR><BR>[Called By]<UL><LI><a href="#[13d]">&gt;&gt;</a>&nbsp;&nbsp;&nbsp;print_value
<LI><a href="#[144]">&gt;&gt;</a>&nbsp;&nbsp;&nbsp;print_string_ptr
</UL>

<P><STRONG><a name="[8b]"></a>strrchr</STRONG> (Thumb, 22 bytes, Stack size 0 bytes, strrchr.o(.text))
<BR><BR>[Called By]<UL><LI><a href="#[85]">&gt;&gt;</a>&nbsp;&nbsp;&nbsp;App_Main_UploadData2Server
<LI><a href="#[c4]">&gt;&gt;</a>&nbsp;&nbsp;&nbsp;Ebyte_Port_TransmitCallback
<LI><a href="#[b8]">&gt;&gt;</a>&nbsp;&nbsp;&nbsp;Ebyte_Port_ReceiveCallback
<LI><a href="#[8f]">&gt;&gt;</a>&nbsp;&nbsp;&nbsp;Int_QS100_UploadData
<LI><a href="#[7e]">&gt;&gt;</a>&nbsp;&nbsp;&nbsp;Int_DS3553_Init
</UL>

<P><STRONG><a name="[51]"></a>__0sscanf</STRONG> (Thumb, 48 bytes, Stack size 72 bytes, __0sscanf.o(.text))
<BR><BR>[Stack]<UL><LI>Max Depth = 264<LI>Call Chain = __0sscanf &rArr; __vfscanf_char &rArr; __vfscanf &rArr; _scanf_real
</UL>
<BR>[Calls]<UL><LI><a href="#[52]">&gt;&gt;</a>&nbsp;&nbsp;&nbsp;__vfscanf_char
</UL>
<BR>[Called By]<UL><LI><a href="#[85]">&gt;&gt;</a>&nbsp;&nbsp;&nbsp;App_Main_UploadData2Server
<LI><a href="#[88]">&gt;&gt;</a>&nbsp;&nbsp;&nbsp;Com_Util_utc2beijing
<LI><a href="#[140]">&gt;&gt;</a>&nbsp;&nbsp;&nbsp;print_number
</UL>

<P><STRONG><a name="[53]"></a>_scanf_int</STRONG> (Thumb, 332 bytes, Stack size 56 bytes, _scanf_int.o(.text))
<BR><BR>[Stack]<UL><LI>Max Depth = 56<LI>Call Chain = _scanf_int
</UL>
<BR>[Calls]<UL><LI><a href="#[54]">&gt;&gt;</a>&nbsp;&nbsp;&nbsp;_chval
</UL>
<BR>[Called By]<UL><LI><a href="#[71]">&gt;&gt;</a>&nbsp;&nbsp;&nbsp;__vfscanf
</UL>

<P><STRONG><a name="[76]"></a>_scanf_string</STRONG> (Thumb, 224 bytes, Stack size 56 bytes, _scanf_str.o(.text))
<BR><BR>[Stack]<UL><LI>Max Depth = 56<LI>Call Chain = _scanf_string
</UL>
<BR>[Called By]<UL><LI><a href="#[71]">&gt;&gt;</a>&nbsp;&nbsp;&nbsp;__vfscanf
</UL>

<P><STRONG><a name="[75]"></a>_scanf_real</STRONG> (Thumb, 0 bytes, Stack size 104 bytes, scanf_fp.o(.text))
<BR><BR>[Stack]<UL><LI>Max Depth = 104<LI>Call Chain = _scanf_real
</UL>
<BR>[Called By]<UL><LI><a href="#[71]">&gt;&gt;</a>&nbsp;&nbsp;&nbsp;__vfscanf
</UL>

<P><STRONG><a name="[59]"></a>_scanf_really_real</STRONG> (Thumb, 556 bytes, Stack size 104 bytes, scanf_fp.o(.text), UNUSED)
<BR><BR>[Calls]<UL><LI><a href="#[5b]">&gt;&gt;</a>&nbsp;&nbsp;&nbsp;__aeabi_d2f
<LI><a href="#[5a]">&gt;&gt;</a>&nbsp;&nbsp;&nbsp;_is_digit
<LI><a href="#[55]">&gt;&gt;</a>&nbsp;&nbsp;&nbsp;_fp_value
</UL>

<P><STRONG><a name="[5c]"></a>__aeabi_fadd</STRONG> (Thumb, 164 bytes, Stack size 16 bytes, fadd.o(.text))
<BR><BR>[Stack]<UL><LI>Max Depth = 20<LI>Call Chain = __aeabi_fadd &rArr; _float_epilogue
</UL>
<BR>[Calls]<UL><LI><a href="#[5e]">&gt;&gt;</a>&nbsp;&nbsp;&nbsp;_float_round
<LI><a href="#[5d]">&gt;&gt;</a>&nbsp;&nbsp;&nbsp;_float_epilogue
</UL>
<BR>[Called By]<UL><LI><a href="#[85]">&gt;&gt;</a>&nbsp;&nbsp;&nbsp;App_Main_UploadData2Server
<LI><a href="#[60]">&gt;&gt;</a>&nbsp;&nbsp;&nbsp;__aeabi_frsub
<LI><a href="#[5f]">&gt;&gt;</a>&nbsp;&nbsp;&nbsp;__aeabi_fsub
</UL>

<P><STRONG><a name="[5f]"></a>__aeabi_fsub</STRONG> (Thumb, 6 bytes, Stack size 0 bytes, fadd.o(.text), UNUSED)
<BR><BR>[Calls]<UL><LI><a href="#[5c]">&gt;&gt;</a>&nbsp;&nbsp;&nbsp;__aeabi_fadd
</UL>

<P><STRONG><a name="[60]"></a>__aeabi_frsub</STRONG> (Thumb, 6 bytes, Stack size 0 bytes, fadd.o(.text))
<BR><BR>[Stack]<UL><LI>Max Depth = 20<LI>Call Chain = __aeabi_frsub &rArr; __aeabi_fadd &rArr; _float_epilogue
</UL>
<BR>[Calls]<UL><LI><a href="#[5c]">&gt;&gt;</a>&nbsp;&nbsp;&nbsp;__aeabi_fadd
</UL>
<BR>[Called By]<UL><LI><a href="#[85]">&gt;&gt;</a>&nbsp;&nbsp;&nbsp;App_Main_UploadData2Server
</UL>

<P><STRONG><a name="[61]"></a>__aeabi_fdiv</STRONG> (Thumb, 124 bytes, Stack size 8 bytes, fdiv.o(.text))
<BR><BR>[Stack]<UL><LI>Max Depth = 8<LI>Call Chain = __aeabi_fdiv
</UL>
<BR>[Calls]<UL><LI><a href="#[5e]">&gt;&gt;</a>&nbsp;&nbsp;&nbsp;_float_round
</UL>
<BR>[Called By]<UL><LI><a href="#[85]">&gt;&gt;</a>&nbsp;&nbsp;&nbsp;App_Main_UploadData2Server
</UL>

<P><STRONG><a name="[62]"></a>__aeabi_dadd</STRONG> (Thumb, 322 bytes, Stack size 48 bytes, dadd.o(.text))
<BR><BR>[Stack]<UL><LI>Max Depth = 88<LI>Call Chain = __aeabi_dadd &rArr; _double_epilogue &rArr; _double_round
</UL>
<BR>[Calls]<UL><LI><a href="#[64]">&gt;&gt;</a>&nbsp;&nbsp;&nbsp;__aeabi_lasr
<LI><a href="#[63]">&gt;&gt;</a>&nbsp;&nbsp;&nbsp;__aeabi_llsl
<LI><a href="#[66]">&gt;&gt;</a>&nbsp;&nbsp;&nbsp;_double_round
<LI><a href="#[65]">&gt;&gt;</a>&nbsp;&nbsp;&nbsp;_double_epilogue
</UL>
<BR>[Called By]<UL><LI><a href="#[67]">&gt;&gt;</a>&nbsp;&nbsp;&nbsp;__aeabi_dsub
<LI><a href="#[68]">&gt;&gt;</a>&nbsp;&nbsp;&nbsp;__aeabi_drsub
<LI><a href="#[12c]">&gt;&gt;</a>&nbsp;&nbsp;&nbsp;_fp_digits
</UL>

<P><STRONG><a name="[67]"></a>__aeabi_dsub</STRONG> (Thumb, 6 bytes, Stack size 0 bytes, dadd.o(.text))
<BR><BR>[Stack]<UL><LI>Max Depth = 88<LI>Call Chain = __aeabi_dsub &rArr; __aeabi_dadd &rArr; _double_epilogue &rArr; _double_round
</UL>
<BR>[Calls]<UL><LI><a href="#[62]">&gt;&gt;</a>&nbsp;&nbsp;&nbsp;__aeabi_dadd
</UL>
<BR>[Called By]<UL><LI><a href="#[13b]">&gt;&gt;</a>&nbsp;&nbsp;&nbsp;compare_double
</UL>

<P><STRONG><a name="[68]"></a>__aeabi_drsub</STRONG> (Thumb, 6 bytes, Stack size 0 bytes, dadd.o(.text), UNUSED)
<BR><BR>[Calls]<UL><LI><a href="#[62]">&gt;&gt;</a>&nbsp;&nbsp;&nbsp;__aeabi_dadd
</UL>

<P><STRONG><a name="[57]"></a>__aeabi_dmul</STRONG> (Thumb, 228 bytes, Stack size 48 bytes, dmul.o(.text))
<BR><BR>[Stack]<UL><LI>Max Depth = 88<LI>Call Chain = __aeabi_dmul &rArr; _double_epilogue &rArr; _double_round
</UL>
<BR>[Calls]<UL><LI><a href="#[65]">&gt;&gt;</a>&nbsp;&nbsp;&nbsp;_double_epilogue
</UL>
<BR>[Called By]<UL><LI><a href="#[13b]">&gt;&gt;</a>&nbsp;&nbsp;&nbsp;compare_double
<LI><a href="#[55]">&gt;&gt;</a>&nbsp;&nbsp;&nbsp;_fp_value
<LI><a href="#[12c]">&gt;&gt;</a>&nbsp;&nbsp;&nbsp;_fp_digits
</UL>

<P><STRONG><a name="[58]"></a>__aeabi_ddiv</STRONG> (Thumb, 222 bytes, Stack size 32 bytes, ddiv.o(.text))
<BR><BR>[Stack]<UL><LI>Max Depth = 40<LI>Call Chain = __aeabi_ddiv &rArr; _double_round
</UL>
<BR>[Calls]<UL><LI><a href="#[66]">&gt;&gt;</a>&nbsp;&nbsp;&nbsp;_double_round
</UL>
<BR>[Called By]<UL><LI><a href="#[b6]">&gt;&gt;</a>&nbsp;&nbsp;&nbsp;Ebyte_E220x_SetRfFrequency
<LI><a href="#[55]">&gt;&gt;</a>&nbsp;&nbsp;&nbsp;_fp_value
<LI><a href="#[12c]">&gt;&gt;</a>&nbsp;&nbsp;&nbsp;_fp_digits
</UL>

<P><STRONG><a name="[69]"></a>__aeabi_i2f</STRONG> (Thumb, 18 bytes, Stack size 0 bytes, fflti.o(.text))
<BR><BR>[Stack]<UL><LI>Max Depth = 4<LI>Call Chain = __aeabi_i2f &rArr; _float_epilogue
</UL>
<BR>[Calls]<UL><LI><a href="#[5d]">&gt;&gt;</a>&nbsp;&nbsp;&nbsp;_float_epilogue
</UL>
<BR>[Called By]<UL><LI><a href="#[85]">&gt;&gt;</a>&nbsp;&nbsp;&nbsp;App_Main_UploadData2Server
</UL>

<P><STRONG><a name="[6a]"></a>__aeabi_i2d</STRONG> (Thumb, 34 bytes, Stack size 16 bytes, dflti.o(.text))
<BR><BR>[Stack]<UL><LI>Max Depth = 56<LI>Call Chain = __aeabi_i2d &rArr; _double_epilogue &rArr; _double_round
</UL>
<BR>[Calls]<UL><LI><a href="#[65]">&gt;&gt;</a>&nbsp;&nbsp;&nbsp;_double_epilogue
</UL>
<BR>[Called By]<UL><LI><a href="#[140]">&gt;&gt;</a>&nbsp;&nbsp;&nbsp;print_number
</UL>

<P><STRONG><a name="[6b]"></a>__aeabi_ui2d</STRONG> (Thumb, 26 bytes, Stack size 16 bytes, dfltui.o(.text))
<BR><BR>[Stack]<UL><LI>Max Depth = 56<LI>Call Chain = __aeabi_ui2d &rArr; _double_epilogue &rArr; _double_round
</UL>
<BR>[Calls]<UL><LI><a href="#[65]">&gt;&gt;</a>&nbsp;&nbsp;&nbsp;_double_epilogue
</UL>
<BR>[Called By]<UL><LI><a href="#[8d]">&gt;&gt;</a>&nbsp;&nbsp;&nbsp;Com_Util_UploadData2JsonString
<LI><a href="#[b6]">&gt;&gt;</a>&nbsp;&nbsp;&nbsp;Ebyte_E220x_SetRfFrequency
</UL>

<P><STRONG><a name="[89]"></a>__aeabi_f2iz</STRONG> (Thumb, 50 bytes, Stack size 0 bytes, ffixi.o(.text))
<BR><BR>[Called By]<UL><LI><a href="#[85]">&gt;&gt;</a>&nbsp;&nbsp;&nbsp;App_Main_UploadData2Server
</UL>

<P><STRONG><a name="[6c]"></a>__aeabi_d2iz</STRONG> (Thumb, 62 bytes, Stack size 16 bytes, dfixi.o(.text))
<BR><BR>[Stack]<UL><LI>Max Depth = 16<LI>Call Chain = __aeabi_d2iz
</UL>
<BR>[Calls]<UL><LI><a href="#[6d]">&gt;&gt;</a>&nbsp;&nbsp;&nbsp;__aeabi_llsr
</UL>
<BR>[Called By]<UL><LI><a href="#[136]">&gt;&gt;</a>&nbsp;&nbsp;&nbsp;cJSON_CreateNumber
</UL>

<P><STRONG><a name="[6e]"></a>__aeabi_d2uiz</STRONG> (Thumb, 50 bytes, Stack size 8 bytes, dfixui.o(.text))
<BR><BR>[Stack]<UL><LI>Max Depth = 8<LI>Call Chain = __aeabi_d2uiz
</UL>
<BR>[Calls]<UL><LI><a href="#[6d]">&gt;&gt;</a>&nbsp;&nbsp;&nbsp;__aeabi_llsr
</UL>
<BR>[Called By]<UL><LI><a href="#[b6]">&gt;&gt;</a>&nbsp;&nbsp;&nbsp;Ebyte_E220x_SetRfFrequency
</UL>

<P><STRONG><a name="[96]"></a>__aeabi_f2d</STRONG> (Thumb, 38 bytes, Stack size 0 bytes, f2d.o(.text))
<BR><BR>[Called By]<UL><LI><a href="#[8d]">&gt;&gt;</a>&nbsp;&nbsp;&nbsp;Com_Util_UploadData2JsonString
</UL>

<P><STRONG><a name="[142]"></a>__aeabi_cdcmpeq</STRONG> (Thumb, 0 bytes, Stack size 0 bytes, cdcmple.o(.text))
<BR><BR>[Called By]<UL><LI><a href="#[140]">&gt;&gt;</a>&nbsp;&nbsp;&nbsp;print_number
</UL>

<P><STRONG><a name="[139]"></a>__aeabi_cdcmple</STRONG> (Thumb, 48 bytes, Stack size 0 bytes, cdcmple.o(.text))
<BR><BR>[Called By]<UL><LI><a href="#[136]">&gt;&gt;</a>&nbsp;&nbsp;&nbsp;cJSON_CreateNumber
<LI><a href="#[13b]">&gt;&gt;</a>&nbsp;&nbsp;&nbsp;compare_double
</UL>

<P><STRONG><a name="[12d]"></a>__aeabi_cdrcmple</STRONG> (Thumb, 48 bytes, Stack size 0 bytes, cdrcmple.o(.text))
<BR><BR>[Called By]<UL><LI><a href="#[136]">&gt;&gt;</a>&nbsp;&nbsp;&nbsp;cJSON_CreateNumber
<LI><a href="#[13b]">&gt;&gt;</a>&nbsp;&nbsp;&nbsp;compare_double
<LI><a href="#[12c]">&gt;&gt;</a>&nbsp;&nbsp;&nbsp;_fp_digits
</UL>

<P><STRONG><a name="[154]"></a>__aeabi_uidiv</STRONG> (Thumb, 0 bytes, Stack size 12 bytes, uidiv.o(.text), UNUSED)

<P><STRONG><a name="[130]"></a>__aeabi_uidivmod</STRONG> (Thumb, 44 bytes, Stack size 12 bytes, uidiv.o(.text), UNUSED)
<BR><BR>[Called By]<UL><LI><a href="#[129]">&gt;&gt;</a>&nbsp;&nbsp;&nbsp;_printf_core
</UL>

<P><STRONG><a name="[6f]"></a>__aeabi_uldivmod</STRONG> (Thumb, 98 bytes, Stack size 40 bytes, uldiv.o(.text), UNUSED)
<BR><BR>[Calls]<UL><LI><a href="#[6d]">&gt;&gt;</a>&nbsp;&nbsp;&nbsp;__aeabi_llsr
<LI><a href="#[63]">&gt;&gt;</a>&nbsp;&nbsp;&nbsp;__aeabi_llsl
</UL>
<BR>[Called By]<UL><LI><a href="#[129]">&gt;&gt;</a>&nbsp;&nbsp;&nbsp;_printf_core
<LI><a href="#[12c]">&gt;&gt;</a>&nbsp;&nbsp;&nbsp;_fp_digits
</UL>

<P><STRONG><a name="[63]"></a>__aeabi_llsl</STRONG> (Thumb, 30 bytes, Stack size 0 bytes, llshl.o(.text))
<BR><BR>[Called By]<UL><LI><a href="#[6f]">&gt;&gt;</a>&nbsp;&nbsp;&nbsp;__aeabi_uldivmod
<LI><a href="#[65]">&gt;&gt;</a>&nbsp;&nbsp;&nbsp;_double_epilogue
<LI><a href="#[62]">&gt;&gt;</a>&nbsp;&nbsp;&nbsp;__aeabi_dadd
<LI><a href="#[72]">&gt;&gt;</a>&nbsp;&nbsp;&nbsp;__aeabi_d2ulz
</UL>

<P><STRONG><a name="[155]"></a>_ll_shift_l</STRONG> (Thumb, 0 bytes, Stack size 0 bytes, llshl.o(.text), UNUSED)

<P><STRONG><a name="[64]"></a>__aeabi_lasr</STRONG> (Thumb, 36 bytes, Stack size 0 bytes, llsshr.o(.text))
<BR><BR>[Called By]<UL><LI><a href="#[62]">&gt;&gt;</a>&nbsp;&nbsp;&nbsp;__aeabi_dadd
</UL>

<P><STRONG><a name="[156]"></a>_ll_sshift_r</STRONG> (Thumb, 0 bytes, Stack size 0 bytes, llsshr.o(.text), UNUSED)

<P><STRONG><a name="[70]"></a>localtime</STRONG> (Thumb, 6 bytes, Stack size 0 bytes, localtime_w.o(.text))
<BR><BR>[Stack]<UL><LI>Max Depth = 8<LI>Call Chain = localtime &rArr; _localtime
</UL>
<BR>[Calls]<UL><LI><a href="#[4d]">&gt;&gt;</a>&nbsp;&nbsp;&nbsp;_localtime
</UL>
<BR>[Called By]<UL><LI><a href="#[88]">&gt;&gt;</a>&nbsp;&nbsp;&nbsp;Com_Util_utc2beijing
</UL>

<P><STRONG><a name="[4d]"></a>_localtime</STRONG> (Thumb, 134 bytes, Stack size 8 bytes, localtime_i.o(.text))
<BR><BR>[Stack]<UL><LI>Max Depth = 8<LI>Call Chain = _localtime
</UL>
<BR>[Called By]<UL><LI><a href="#[4c]">&gt;&gt;</a>&nbsp;&nbsp;&nbsp;mktime
<LI><a href="#[70]">&gt;&gt;</a>&nbsp;&nbsp;&nbsp;localtime
</UL>

<P><STRONG><a name="[54]"></a>_chval</STRONG> (Thumb, 28 bytes, Stack size 0 bytes, _chval.o(.text))
<BR><BR>[Called By]<UL><LI><a href="#[53]">&gt;&gt;</a>&nbsp;&nbsp;&nbsp;_scanf_int
</UL>

<P><STRONG><a name="[52]"></a>__vfscanf_char</STRONG> (Thumb, 20 bytes, Stack size 0 bytes, scanf_char.o(.text))
<BR><BR>[Stack]<UL><LI>Max Depth = 192<LI>Call Chain = __vfscanf_char &rArr; __vfscanf &rArr; _scanf_real
</UL>
<BR>[Calls]<UL><LI><a href="#[71]">&gt;&gt;</a>&nbsp;&nbsp;&nbsp;__vfscanf
</UL>
<BR>[Called By]<UL><LI><a href="#[51]">&gt;&gt;</a>&nbsp;&nbsp;&nbsp;__0sscanf
</UL>

<P><STRONG><a name="[38]"></a>_sgetc</STRONG> (Thumb, 30 bytes, Stack size 0 bytes, _sgetc.o(.text))
<BR>[Address Reference Count : 1]<UL><LI> __0sscanf.o(.text)
</UL>
<P><STRONG><a name="[39]"></a>_sbackspace</STRONG> (Thumb, 34 bytes, Stack size 0 bytes, _sgetc.o(.text))
<BR>[Address Reference Count : 1]<UL><LI> __0sscanf.o(.text)
</UL>
<P><STRONG><a name="[157]"></a>__I$use$fp</STRONG> (Thumb, 0 bytes, Stack size 0 bytes, iusefp.o(.text), UNUSED)

<P><STRONG><a name="[5e]"></a>_float_round</STRONG> (Thumb, 18 bytes, Stack size 0 bytes, fepilogue.o(.text))
<BR><BR>[Called By]<UL><LI><a href="#[61]">&gt;&gt;</a>&nbsp;&nbsp;&nbsp;__aeabi_fdiv
<LI><a href="#[5c]">&gt;&gt;</a>&nbsp;&nbsp;&nbsp;__aeabi_fadd
<LI><a href="#[5b]">&gt;&gt;</a>&nbsp;&nbsp;&nbsp;__aeabi_d2f
</UL>

<P><STRONG><a name="[5d]"></a>_float_epilogue</STRONG> (Thumb, 92 bytes, Stack size 4 bytes, fepilogue.o(.text))
<BR><BR>[Stack]<UL><LI>Max Depth = 4<LI>Call Chain = _float_epilogue
</UL>
<BR>[Called By]<UL><LI><a href="#[69]">&gt;&gt;</a>&nbsp;&nbsp;&nbsp;__aeabi_i2f
<LI><a href="#[5c]">&gt;&gt;</a>&nbsp;&nbsp;&nbsp;__aeabi_fadd
</UL>

<P><STRONG><a name="[66]"></a>_double_round</STRONG> (Thumb, 30 bytes, Stack size 8 bytes, depilogue.o(.text))
<BR><BR>[Stack]<UL><LI>Max Depth = 8<LI>Call Chain = _double_round
</UL>
<BR>[Called By]<UL><LI><a href="#[58]">&gt;&gt;</a>&nbsp;&nbsp;&nbsp;__aeabi_ddiv
<LI><a href="#[65]">&gt;&gt;</a>&nbsp;&nbsp;&nbsp;_double_epilogue
<LI><a href="#[62]">&gt;&gt;</a>&nbsp;&nbsp;&nbsp;__aeabi_dadd
</UL>

<P><STRONG><a name="[65]"></a>_double_epilogue</STRONG> (Thumb, 156 bytes, Stack size 32 bytes, depilogue.o(.text))
<BR><BR>[Stack]<UL><LI>Max Depth = 40<LI>Call Chain = _double_epilogue &rArr; _double_round
</UL>
<BR>[Calls]<UL><LI><a href="#[6d]">&gt;&gt;</a>&nbsp;&nbsp;&nbsp;__aeabi_llsr
<LI><a href="#[63]">&gt;&gt;</a>&nbsp;&nbsp;&nbsp;__aeabi_llsl
<LI><a href="#[66]">&gt;&gt;</a>&nbsp;&nbsp;&nbsp;_double_round
</UL>
<BR>[Called By]<UL><LI><a href="#[6b]">&gt;&gt;</a>&nbsp;&nbsp;&nbsp;__aeabi_ui2d
<LI><a href="#[6a]">&gt;&gt;</a>&nbsp;&nbsp;&nbsp;__aeabi_i2d
<LI><a href="#[57]">&gt;&gt;</a>&nbsp;&nbsp;&nbsp;__aeabi_dmul
<LI><a href="#[56]">&gt;&gt;</a>&nbsp;&nbsp;&nbsp;__aeabi_ul2d
<LI><a href="#[62]">&gt;&gt;</a>&nbsp;&nbsp;&nbsp;__aeabi_dadd
</UL>

<P><STRONG><a name="[56]"></a>__aeabi_ul2d</STRONG> (Thumb, 24 bytes, Stack size 16 bytes, dfltul.o(.text), UNUSED)
<BR><BR>[Calls]<UL><LI><a href="#[65]">&gt;&gt;</a>&nbsp;&nbsp;&nbsp;_double_epilogue
</UL>
<BR>[Called By]<UL><LI><a href="#[55]">&gt;&gt;</a>&nbsp;&nbsp;&nbsp;_fp_value
</UL>

<P><STRONG><a name="[72]"></a>__aeabi_d2ulz</STRONG> (Thumb, 48 bytes, Stack size 0 bytes, dfixul.o(.text), UNUSED)
<BR><BR>[Calls]<UL><LI><a href="#[6d]">&gt;&gt;</a>&nbsp;&nbsp;&nbsp;__aeabi_llsr
<LI><a href="#[63]">&gt;&gt;</a>&nbsp;&nbsp;&nbsp;__aeabi_llsl
</UL>
<BR>[Called By]<UL><LI><a href="#[12c]">&gt;&gt;</a>&nbsp;&nbsp;&nbsp;_fp_digits
</UL>

<P><STRONG><a name="[5b]"></a>__aeabi_d2f</STRONG> (Thumb, 56 bytes, Stack size 8 bytes, d2f.o(.text), UNUSED)
<BR><BR>[Calls]<UL><LI><a href="#[5e]">&gt;&gt;</a>&nbsp;&nbsp;&nbsp;_float_round
</UL>
<BR>[Called By]<UL><LI><a href="#[59]">&gt;&gt;</a>&nbsp;&nbsp;&nbsp;_scanf_really_real
</UL>

<P><STRONG><a name="[4b]"></a>__scatterload</STRONG> (Thumb, 28 bytes, Stack size 0 bytes, init.o(.text))
<BR><BR>[Calls]<UL><LI><a href="#[73]">&gt;&gt;</a>&nbsp;&nbsp;&nbsp;__main_after_scatterload
</UL>
<BR>[Called By]<UL><LI><a href="#[4a]">&gt;&gt;</a>&nbsp;&nbsp;&nbsp;_main_scatterload
</UL>

<P><STRONG><a name="[158]"></a>__scatterload_rt2</STRONG> (Thumb, 0 bytes, Stack size 0 bytes, init.o(.text), UNUSED)

<P><STRONG><a name="[3b]"></a>isspace</STRONG> (Thumb, 10 bytes, Stack size 0 bytes, isspace_c.o(.text))
<BR><BR>[Calls]<UL><LI><a href="#[74]">&gt;&gt;</a>&nbsp;&nbsp;&nbsp;__ctype_lookup
</UL>
<BR>[Address Reference Count : 1]<UL><LI> scanf_char.o(.text)
</UL>
<P><STRONG><a name="[71]"></a>__vfscanf</STRONG> (Thumb, 810 bytes, Stack size 88 bytes, _scanf.o(.text))
<BR><BR>[Stack]<UL><LI>Max Depth = 192<LI>Call Chain = __vfscanf &rArr; _scanf_real
</UL>
<BR>[Calls]<UL><LI><a href="#[75]">&gt;&gt;</a>&nbsp;&nbsp;&nbsp;_scanf_real
<LI><a href="#[76]">&gt;&gt;</a>&nbsp;&nbsp;&nbsp;_scanf_string
<LI><a href="#[53]">&gt;&gt;</a>&nbsp;&nbsp;&nbsp;_scanf_int
</UL>
<BR>[Called By]<UL><LI><a href="#[52]">&gt;&gt;</a>&nbsp;&nbsp;&nbsp;__vfscanf_char
</UL>

<P><STRONG><a name="[74]"></a>__ctype_lookup</STRONG> (Thumb, 34 bytes, Stack size 0 bytes, ctype_c.o(.text))
<BR><BR>[Called By]<UL><LI><a href="#[3b]">&gt;&gt;</a>&nbsp;&nbsp;&nbsp;isspace
</UL>

<P><STRONG><a name="[77]"></a>App_Main_EnterLowPower</STRONG> (Thumb, 110 bytes, Stack size 16 bytes, app_main.o(i.App_Main_EnterLowPower))
<BR><BR>[Stack]<UL><LI>Max Depth = 132<LI>Call Chain = App_Main_EnterLowPower &rArr; HAL_RTC_SetAlarm &rArr; HAL_RTC_GetTime &rArr; RTC_DateUpdate &rArr; RTC_WeekDayNum
</UL>
<BR>[Calls]<UL><LI><a href="#[7b]">&gt;&gt;</a>&nbsp;&nbsp;&nbsp;HAL_RTC_SetAlarm
<LI><a href="#[7a]">&gt;&gt;</a>&nbsp;&nbsp;&nbsp;HAL_RTC_GetTime
<LI><a href="#[7c]">&gt;&gt;</a>&nbsp;&nbsp;&nbsp;HAL_PWR_EnterSTANDBYMode
<LI><a href="#[78]">&gt;&gt;</a>&nbsp;&nbsp;&nbsp;Int_QS100_EnterLowPower
<LI><a href="#[79]">&gt;&gt;</a>&nbsp;&nbsp;&nbsp;Int_AT6558R_EnterLowPower
</UL>
<BR>[Called By]<UL><LI><a href="#[35]">&gt;&gt;</a>&nbsp;&nbsp;&nbsp;main
</UL>

<P><STRONG><a name="[7d]"></a>App_Main_Init</STRONG> (Thumb, 20 bytes, Stack size 8 bytes, app_main.o(i.App_Main_Init))
<BR><BR>[Stack]<UL><LI>Max Depth = 208<LI>Call Chain = App_Main_Init &rArr; Int_LoRa_Init &rArr; Ebyte_E220x_SetLoraSyncWord &rArr; Ebyte_E220x_WriteRegister &rArr; Ebyte_E220x_WriteRegisters &rArr; Ebyte_E220x_CheckReady &rArr; Ebyte_E220x_Wakeup &rArr; Ebyte_Port_SpiTransmitAndReceivce &rArr; HAL_SPI_TransmitReceive &rArr; SPI_EndRxTxTransaction &rArr; SPI_WaitFlagStateUntilTimeout
</UL>
<BR>[Calls]<UL><LI><a href="#[81]">&gt;&gt;</a>&nbsp;&nbsp;&nbsp;Int_LoRa_Init
<LI><a href="#[80]">&gt;&gt;</a>&nbsp;&nbsp;&nbsp;Int_QS100_Init
<LI><a href="#[7f]">&gt;&gt;</a>&nbsp;&nbsp;&nbsp;Int_AT6558R_Init
<LI><a href="#[7e]">&gt;&gt;</a>&nbsp;&nbsp;&nbsp;Int_DS3553_Init
</UL>
<BR>[Called By]<UL><LI><a href="#[35]">&gt;&gt;</a>&nbsp;&nbsp;&nbsp;main
</UL>

<P><STRONG><a name="[82]"></a>App_Main_LeaveLowPower</STRONG> (Thumb, 12 bytes, Stack size 8 bytes, app_main.o(i.App_Main_LeaveLowPower))
<BR><BR>[Stack]<UL><LI>Max Depth = 56<LI>Call Chain = App_Main_LeaveLowPower &rArr; Int_QS100_LeaveLowPower &rArr; Int_QS100_WakeUp &rArr; Com_Delay_Sec &rArr; Com_Delay_Ms &rArr; HAL_Delay
</UL>
<BR>[Calls]<UL><LI><a href="#[83]">&gt;&gt;</a>&nbsp;&nbsp;&nbsp;Int_QS100_LeaveLowPower
<LI><a href="#[84]">&gt;&gt;</a>&nbsp;&nbsp;&nbsp;Int_AT6558R_LeaveLowPower
</UL>
<BR>[Called By]<UL><LI><a href="#[35]">&gt;&gt;</a>&nbsp;&nbsp;&nbsp;main
</UL>

<P><STRONG><a name="[85]"></a>App_Main_UploadData2Server</STRONG> (Thumb, 500 bytes, Stack size 96 bytes, app_main.o(i.App_Main_UploadData2Server))
<BR><BR>[Stack]<UL><LI>Max Depth = 1240<LI>Call Chain = App_Main_UploadData2Server &rArr; Int_QS100_UploadData &rArr; Int_QS100_SendData2Server &rArr; Int_QS100_SendATCMD &rArr; HAL_UART_Transmit &rArr; UART_WaitOnFlagUntilTimeout
</UL>
<BR>[Calls]<UL><LI><a href="#[88]">&gt;&gt;</a>&nbsp;&nbsp;&nbsp;Com_Util_utc2beijing
<LI><a href="#[8d]">&gt;&gt;</a>&nbsp;&nbsp;&nbsp;Com_Util_UploadData2JsonString
<LI><a href="#[8b]">&gt;&gt;</a>&nbsp;&nbsp;&nbsp;strrchr
<LI><a href="#[8e]">&gt;&gt;</a>&nbsp;&nbsp;&nbsp;strlen
<LI><a href="#[69]">&gt;&gt;</a>&nbsp;&nbsp;&nbsp;__aeabi_i2f
<LI><a href="#[60]">&gt;&gt;</a>&nbsp;&nbsp;&nbsp;__aeabi_frsub
<LI><a href="#[61]">&gt;&gt;</a>&nbsp;&nbsp;&nbsp;__aeabi_fdiv
<LI><a href="#[5c]">&gt;&gt;</a>&nbsp;&nbsp;&nbsp;__aeabi_fadd
<LI><a href="#[89]">&gt;&gt;</a>&nbsp;&nbsp;&nbsp;__aeabi_f2iz
<LI><a href="#[90]">&gt;&gt;</a>&nbsp;&nbsp;&nbsp;Int_Lora_Send
<LI><a href="#[8f]">&gt;&gt;</a>&nbsp;&nbsp;&nbsp;Int_QS100_UploadData
<LI><a href="#[86]">&gt;&gt;</a>&nbsp;&nbsp;&nbsp;Int_AT6558R_GetGPS
<LI><a href="#[8a]">&gt;&gt;</a>&nbsp;&nbsp;&nbsp;Int_DS3553_GetStepNumber
<LI><a href="#[51]">&gt;&gt;</a>&nbsp;&nbsp;&nbsp;__0sscanf
<LI><a href="#[87]">&gt;&gt;</a>&nbsp;&nbsp;&nbsp;__2sprintf
<LI><a href="#[8c]">&gt;&gt;</a>&nbsp;&nbsp;&nbsp;__2printf
</UL>
<BR>[Called By]<UL><LI><a href="#[35]">&gt;&gt;</a>&nbsp;&nbsp;&nbsp;main
</UL>

<P><STRONG><a name="[4]"></a>BusFault_Handler</STRONG> (Thumb, 4 bytes, Stack size 0 bytes, stm32f1xx_it.o(i.BusFault_Handler))
<BR>[Address Reference Count : 1]<UL><LI> startup_stm32f103xb.o(RESET)
</UL>
<P><STRONG><a name="[91]"></a>Com_Delay_Ms</STRONG> (Thumb, 12 bytes, Stack size 8 bytes, com_delay.o(i.Com_Delay_Ms))
<BR><BR>[Stack]<UL><LI>Max Depth = 24<LI>Call Chain = Com_Delay_Ms &rArr; HAL_Delay
</UL>
<BR>[Calls]<UL><LI><a href="#[92]">&gt;&gt;</a>&nbsp;&nbsp;&nbsp;HAL_Delay
</UL>
<BR>[Called By]<UL><LI><a href="#[93]">&gt;&gt;</a>&nbsp;&nbsp;&nbsp;Com_Delay_Sec
<LI><a href="#[111]">&gt;&gt;</a>&nbsp;&nbsp;&nbsp;Int_DS3553_ReadRegister
<LI><a href="#[110]">&gt;&gt;</a>&nbsp;&nbsp;&nbsp;Int_DS3552_WriteRegister
</UL>

<P><STRONG><a name="[93]"></a>Com_Delay_Sec</STRONG> (Thumb, 26 bytes, Stack size 8 bytes, com_delay.o(i.Com_Delay_Sec))
<BR><BR>[Stack]<UL><LI>Max Depth = 32<LI>Call Chain = Com_Delay_Sec &rArr; Com_Delay_Ms &rArr; HAL_Delay
</UL>
<BR>[Calls]<UL><LI><a href="#[91]">&gt;&gt;</a>&nbsp;&nbsp;&nbsp;Com_Delay_Ms
</UL>
<BR>[Called By]<UL><LI><a href="#[35]">&gt;&gt;</a>&nbsp;&nbsp;&nbsp;main
<LI><a href="#[116]">&gt;&gt;</a>&nbsp;&nbsp;&nbsp;Int_QS100_WakeUp
<LI><a href="#[8f]">&gt;&gt;</a>&nbsp;&nbsp;&nbsp;Int_QS100_UploadData
</UL>

<P><STRONG><a name="[8d]"></a>Com_Util_UploadData2JsonString</STRONG> (Thumb, 190 bytes, Stack size 24 bytes, com_status.o(i.Com_Util_UploadData2JsonString))
<BR><BR>[Stack]<UL><LI>Max Depth = 456<LI>Call Chain = Com_Util_UploadData2JsonString &rArr; cJSON_PrintUnformatted &rArr; print &rArr; print_value &rArr; print_number &rArr; __0sscanf &rArr; __vfscanf_char &rArr; __vfscanf &rArr; _scanf_real
</UL>
<BR>[Calls]<UL><LI><a href="#[9c]">&gt;&gt;</a>&nbsp;&nbsp;&nbsp;cJSON_free
<LI><a href="#[98]">&gt;&gt;</a>&nbsp;&nbsp;&nbsp;cJSON_PrintUnformatted
<LI><a href="#[9b]">&gt;&gt;</a>&nbsp;&nbsp;&nbsp;cJSON_Delete
<LI><a href="#[94]">&gt;&gt;</a>&nbsp;&nbsp;&nbsp;cJSON_CreateObject
<LI><a href="#[97]">&gt;&gt;</a>&nbsp;&nbsp;&nbsp;cJSON_AddStringToObject
<LI><a href="#[95]">&gt;&gt;</a>&nbsp;&nbsp;&nbsp;cJSON_AddNumberToObject
<LI><a href="#[6b]">&gt;&gt;</a>&nbsp;&nbsp;&nbsp;__aeabi_ui2d
<LI><a href="#[96]">&gt;&gt;</a>&nbsp;&nbsp;&nbsp;__aeabi_f2d
<LI><a href="#[8e]">&gt;&gt;</a>&nbsp;&nbsp;&nbsp;strlen
<LI><a href="#[99]">&gt;&gt;</a>&nbsp;&nbsp;&nbsp;__aeabi_memclr4
<LI><a href="#[9a]">&gt;&gt;</a>&nbsp;&nbsp;&nbsp;__aeabi_memcpy
</UL>
<BR>[Called By]<UL><LI><a href="#[85]">&gt;&gt;</a>&nbsp;&nbsp;&nbsp;App_Main_UploadData2Server
</UL>

<P><STRONG><a name="[88]"></a>Com_Util_utc2beijing</STRONG> (Thumb, 116 bytes, Stack size 88 bytes, com_status.o(i.Com_Util_utc2beijing))
<BR><BR>[Stack]<UL><LI>Max Depth = 352<LI>Call Chain = Com_Util_utc2beijing &rArr; __0sscanf &rArr; __vfscanf_char &rArr; __vfscanf &rArr; _scanf_real
</UL>
<BR>[Calls]<UL><LI><a href="#[99]">&gt;&gt;</a>&nbsp;&nbsp;&nbsp;__aeabi_memclr4
<LI><a href="#[4c]">&gt;&gt;</a>&nbsp;&nbsp;&nbsp;mktime
<LI><a href="#[70]">&gt;&gt;</a>&nbsp;&nbsp;&nbsp;localtime
<LI><a href="#[51]">&gt;&gt;</a>&nbsp;&nbsp;&nbsp;__0sscanf
<LI><a href="#[87]">&gt;&gt;</a>&nbsp;&nbsp;&nbsp;__2sprintf
</UL>
<BR>[Called By]<UL><LI><a href="#[85]">&gt;&gt;</a>&nbsp;&nbsp;&nbsp;App_Main_UploadData2Server
</UL>

<P><STRONG><a name="[7]"></a>DebugMon_Handler</STRONG> (Thumb, 2 bytes, Stack size 0 bytes, stm32f1xx_it.o(i.DebugMon_Handler))
<BR>[Address Reference Count : 1]<UL><LI> startup_stm32f103xb.o(RESET)
</UL>
<P><STRONG><a name="[9d]"></a>Ebyte_E220x_Calibrate</STRONG> (Thumb, 14 bytes, Stack size 8 bytes, ebyte_e220x.o(i.Ebyte_E220x_Calibrate))
<BR><BR>[Stack]<UL><LI>Max Depth = 176<LI>Call Chain = Ebyte_E220x_Calibrate &rArr; Ebyte_E220x_WriteCommand &rArr; Ebyte_E220x_CheckReady &rArr; Ebyte_E220x_Wakeup &rArr; Ebyte_Port_SpiTransmitAndReceivce &rArr; HAL_SPI_TransmitReceive &rArr; SPI_EndRxTxTransaction &rArr; SPI_WaitFlagStateUntilTimeout
</UL>
<BR>[Calls]<UL><LI><a href="#[9e]">&gt;&gt;</a>&nbsp;&nbsp;&nbsp;Ebyte_E220x_WriteCommand
</UL>
<BR>[Called By]<UL><LI><a href="#[b6]">&gt;&gt;</a>&nbsp;&nbsp;&nbsp;Ebyte_E220x_SetRfFrequency
</UL>

<P><STRONG><a name="[9f]"></a>Ebyte_E220x_CalibrateImage</STRONG> (Thumb, 114 bytes, Stack size 16 bytes, ebyte_e220x.o(i.Ebyte_E220x_CalibrateImage))
<BR><BR>[Stack]<UL><LI>Max Depth = 184<LI>Call Chain = Ebyte_E220x_CalibrateImage &rArr; Ebyte_E220x_WriteCommand &rArr; Ebyte_E220x_CheckReady &rArr; Ebyte_E220x_Wakeup &rArr; Ebyte_Port_SpiTransmitAndReceivce &rArr; HAL_SPI_TransmitReceive &rArr; SPI_EndRxTxTransaction &rArr; SPI_WaitFlagStateUntilTimeout
</UL>
<BR>[Calls]<UL><LI><a href="#[9e]">&gt;&gt;</a>&nbsp;&nbsp;&nbsp;Ebyte_E220x_WriteCommand
</UL>
<BR>[Called By]<UL><LI><a href="#[b6]">&gt;&gt;</a>&nbsp;&nbsp;&nbsp;Ebyte_E220x_SetRfFrequency
</UL>

<P><STRONG><a name="[a0]"></a>Ebyte_E220x_CheckReady</STRONG> (Thumb, 26 bytes, Stack size 8 bytes, ebyte_e220x.o(i.Ebyte_E220x_CheckReady))
<BR><BR>[Stack]<UL><LI>Max Depth = 144<LI>Call Chain = Ebyte_E220x_CheckReady &rArr; Ebyte_E220x_Wakeup &rArr; Ebyte_Port_SpiTransmitAndReceivce &rArr; HAL_SPI_TransmitReceive &rArr; SPI_EndRxTxTransaction &rArr; SPI_WaitFlagStateUntilTimeout
</UL>
<BR>[Calls]<UL><LI><a href="#[a2]">&gt;&gt;</a>&nbsp;&nbsp;&nbsp;Ebyte_E220x_Wakeup
<LI><a href="#[a3]">&gt;&gt;</a>&nbsp;&nbsp;&nbsp;Ebyte_E220x_WaitOnBusy
<LI><a href="#[a1]">&gt;&gt;</a>&nbsp;&nbsp;&nbsp;Ebyte_E220x_GetOperatingMode
</UL>
<BR>[Called By]<UL><LI><a href="#[c9]">&gt;&gt;</a>&nbsp;&nbsp;&nbsp;Ebyte_E220x_WriteRegisters
<LI><a href="#[9e]">&gt;&gt;</a>&nbsp;&nbsp;&nbsp;Ebyte_E220x_WriteCommand
<LI><a href="#[c7]">&gt;&gt;</a>&nbsp;&nbsp;&nbsp;Ebyte_E220x_WriteBuffer
<LI><a href="#[bb]">&gt;&gt;</a>&nbsp;&nbsp;&nbsp;Ebyte_E220x_ReadRegisters
<LI><a href="#[a6]">&gt;&gt;</a>&nbsp;&nbsp;&nbsp;Ebyte_E220x_ReadCommand
<LI><a href="#[aa]">&gt;&gt;</a>&nbsp;&nbsp;&nbsp;Ebyte_E220x_ReadBuffer
</UL>

<P><STRONG><a name="[a4]"></a>Ebyte_E220x_ClearIrqStatus</STRONG> (Thumb, 28 bytes, Stack size 16 bytes, ebyte_e220x.o(i.Ebyte_E220x_ClearIrqStatus))
<BR><BR>[Stack]<UL><LI>Max Depth = 184<LI>Call Chain = Ebyte_E220x_ClearIrqStatus &rArr; Ebyte_E220x_WriteCommand &rArr; Ebyte_E220x_CheckReady &rArr; Ebyte_E220x_Wakeup &rArr; Ebyte_Port_SpiTransmitAndReceivce &rArr; HAL_SPI_TransmitReceive &rArr; SPI_EndRxTxTransaction &rArr; SPI_WaitFlagStateUntilTimeout
</UL>
<BR>[Calls]<UL><LI><a href="#[9e]">&gt;&gt;</a>&nbsp;&nbsp;&nbsp;Ebyte_E220x_WriteCommand
</UL>
<BR>[Called By]<UL><LI><a href="#[c3]">&gt;&gt;</a>&nbsp;&nbsp;&nbsp;Ebyte_E220x_SetTx
<LI><a href="#[42]">&gt;&gt;</a>&nbsp;&nbsp;&nbsp;Ebyte_E220x_SetRx
<LI><a href="#[40]">&gt;&gt;</a>&nbsp;&nbsp;&nbsp;Ebyte_E220x_SendPayload
<LI><a href="#[43]">&gt;&gt;</a>&nbsp;&nbsp;&nbsp;Ebyte_E220x_IntOrPollTask
</UL>

<P><STRONG><a name="[46]"></a>Ebyte_E220x_GetDriverVersion</STRONG> (Thumb, 4 bytes, Stack size 0 bytes, ebyte_e220x.o(i.Ebyte_E220x_GetDriverVersion))
<BR>[Address Reference Count : 1]<UL><LI> ebyte_core.o(.constdata)
</UL>
<P><STRONG><a name="[a5]"></a>Ebyte_E220x_GetIrqStatus</STRONG> (Thumb, 26 bytes, Stack size 8 bytes, ebyte_e220x.o(i.Ebyte_E220x_GetIrqStatus))
<BR><BR>[Stack]<UL><LI>Max Depth = 176<LI>Call Chain = Ebyte_E220x_GetIrqStatus &rArr; Ebyte_E220x_ReadCommand &rArr; Ebyte_E220x_CheckReady &rArr; Ebyte_E220x_Wakeup &rArr; Ebyte_Port_SpiTransmitAndReceivce &rArr; HAL_SPI_TransmitReceive &rArr; SPI_EndRxTxTransaction &rArr; SPI_WaitFlagStateUntilTimeout
</UL>
<BR>[Calls]<UL><LI><a href="#[a6]">&gt;&gt;</a>&nbsp;&nbsp;&nbsp;Ebyte_E220x_ReadCommand
</UL>
<BR>[Called By]<UL><LI><a href="#[40]">&gt;&gt;</a>&nbsp;&nbsp;&nbsp;Ebyte_E220x_SendPayload
<LI><a href="#[43]">&gt;&gt;</a>&nbsp;&nbsp;&nbsp;Ebyte_E220x_IntOrPollTask
</UL>

<P><STRONG><a name="[a7]"></a>Ebyte_E220x_GetLoraPacketStatus</STRONG> (Thumb, 78 bytes, Stack size 16 bytes, ebyte_e220x.o(i.Ebyte_E220x_GetLoraPacketStatus))
<BR><BR>[Stack]<UL><LI>Max Depth = 184<LI>Call Chain = Ebyte_E220x_GetLoraPacketStatus &rArr; Ebyte_E220x_ReadCommand &rArr; Ebyte_E220x_CheckReady &rArr; Ebyte_E220x_Wakeup &rArr; Ebyte_Port_SpiTransmitAndReceivce &rArr; HAL_SPI_TransmitReceive &rArr; SPI_EndRxTxTransaction &rArr; SPI_WaitFlagStateUntilTimeout
</UL>
<BR>[Calls]<UL><LI><a href="#[a6]">&gt;&gt;</a>&nbsp;&nbsp;&nbsp;Ebyte_E220x_ReadCommand
</UL>
<BR>[Called By]<UL><LI><a href="#[43]">&gt;&gt;</a>&nbsp;&nbsp;&nbsp;Ebyte_E220x_IntOrPollTask
</UL>

<P><STRONG><a name="[45]"></a>Ebyte_E220x_GetName</STRONG> (Thumb, 4 bytes, Stack size 0 bytes, ebyte_e220x.o(i.Ebyte_E220x_GetName))
<BR>[Address Reference Count : 1]<UL><LI> ebyte_core.o(.constdata)
</UL>
<P><STRONG><a name="[a1]"></a>Ebyte_E220x_GetOperatingMode</STRONG> (Thumb, 6 bytes, Stack size 0 bytes, ebyte_e220x.o(i.Ebyte_E220x_GetOperatingMode))
<BR><BR>[Called By]<UL><LI><a href="#[a0]">&gt;&gt;</a>&nbsp;&nbsp;&nbsp;Ebyte_E220x_CheckReady
</UL>

<P><STRONG><a name="[a8]"></a>Ebyte_E220x_GetPayload</STRONG> (Thumb, 46 bytes, Stack size 24 bytes, ebyte_e220x.o(i.Ebyte_E220x_GetPayload))
<BR><BR>[Stack]<UL><LI>Max Depth = 224<LI>Call Chain = Ebyte_E220x_GetPayload &rArr; Ebyte_E220x_GetRxBufferStatus &rArr; Ebyte_E220x_ReadRegister &rArr; Ebyte_E220x_ReadRegisters &rArr; Ebyte_E220x_CheckReady &rArr; Ebyte_E220x_Wakeup &rArr; Ebyte_Port_SpiTransmitAndReceivce &rArr; HAL_SPI_TransmitReceive &rArr; SPI_EndRxTxTransaction &rArr; SPI_WaitFlagStateUntilTimeout
</UL>
<BR>[Calls]<UL><LI><a href="#[aa]">&gt;&gt;</a>&nbsp;&nbsp;&nbsp;Ebyte_E220x_ReadBuffer
<LI><a href="#[a9]">&gt;&gt;</a>&nbsp;&nbsp;&nbsp;Ebyte_E220x_GetRxBufferStatus
</UL>
<BR>[Called By]<UL><LI><a href="#[43]">&gt;&gt;</a>&nbsp;&nbsp;&nbsp;Ebyte_E220x_IntOrPollTask
</UL>

<P><STRONG><a name="[a9]"></a>Ebyte_E220x_GetRxBufferStatus</STRONG> (Thumb, 58 bytes, Stack size 16 bytes, ebyte_e220x.o(i.Ebyte_E220x_GetRxBufferStatus))
<BR><BR>[Stack]<UL><LI>Max Depth = 200<LI>Call Chain = Ebyte_E220x_GetRxBufferStatus &rArr; Ebyte_E220x_ReadRegister &rArr; Ebyte_E220x_ReadRegisters &rArr; Ebyte_E220x_CheckReady &rArr; Ebyte_E220x_Wakeup &rArr; Ebyte_Port_SpiTransmitAndReceivce &rArr; HAL_SPI_TransmitReceive &rArr; SPI_EndRxTxTransaction &rArr; SPI_WaitFlagStateUntilTimeout
</UL>
<BR>[Calls]<UL><LI><a href="#[ab]">&gt;&gt;</a>&nbsp;&nbsp;&nbsp;Ebyte_E220x_ReadRegister
<LI><a href="#[a6]">&gt;&gt;</a>&nbsp;&nbsp;&nbsp;Ebyte_E220x_ReadCommand
</UL>
<BR>[Called By]<UL><LI><a href="#[a8]">&gt;&gt;</a>&nbsp;&nbsp;&nbsp;Ebyte_E220x_GetPayload
</UL>

<P><STRONG><a name="[3f]"></a>Ebyte_E220x_Init</STRONG> (Thumb, 126 bytes, Stack size 24 bytes, ebyte_e220x.o(i.Ebyte_E220x_Init))
<BR><BR>[Stack]<UL><LI>Max Depth = 248<LI>Call Chain = Ebyte_E220x_Init &rArr; Ebyte_E220x_SetRfFrequency &rArr; Ebyte_E220x_WriteRegister &rArr; Ebyte_E220x_WriteRegisters &rArr; Ebyte_E220x_CheckReady &rArr; Ebyte_E220x_Wakeup &rArr; Ebyte_Port_SpiTransmitAndReceivce &rArr; HAL_SPI_TransmitReceive &rArr; SPI_EndRxTxTransaction &rArr; SPI_WaitFlagStateUntilTimeout
</UL>
<BR>[Calls]<UL><LI><a href="#[ae]">&gt;&gt;</a>&nbsp;&nbsp;&nbsp;Ebyte_E220x_WriteRegister
<LI><a href="#[a2]">&gt;&gt;</a>&nbsp;&nbsp;&nbsp;Ebyte_E220x_Wakeup
<LI><a href="#[b7]">&gt;&gt;</a>&nbsp;&nbsp;&nbsp;Ebyte_E220x_SetTxPaParams
<LI><a href="#[ad]">&gt;&gt;</a>&nbsp;&nbsp;&nbsp;Ebyte_E220x_SetStandby
<LI><a href="#[b6]">&gt;&gt;</a>&nbsp;&nbsp;&nbsp;Ebyte_E220x_SetRfFrequency
<LI><a href="#[b0]">&gt;&gt;</a>&nbsp;&nbsp;&nbsp;Ebyte_E220x_SetRegulatorMode
<LI><a href="#[b2]">&gt;&gt;</a>&nbsp;&nbsp;&nbsp;Ebyte_E220x_SetPacketType
<LI><a href="#[b3]">&gt;&gt;</a>&nbsp;&nbsp;&nbsp;Ebyte_E220x_SetModulationLoraParams
<LI><a href="#[b4]">&gt;&gt;</a>&nbsp;&nbsp;&nbsp;Ebyte_E220x_SetLoraSyncWord
<LI><a href="#[b5]">&gt;&gt;</a>&nbsp;&nbsp;&nbsp;Ebyte_E220x_SetLoraPacketParams
<LI><a href="#[af]">&gt;&gt;</a>&nbsp;&nbsp;&nbsp;Ebyte_E220x_SetDio2AsRfSwitchCtrl
<LI><a href="#[b1]">&gt;&gt;</a>&nbsp;&nbsp;&nbsp;Ebyte_E220x_SetBufferBaseAddress
<LI><a href="#[ac]">&gt;&gt;</a>&nbsp;&nbsp;&nbsp;Ebyte_E220x_Reset
<LI><a href="#[42]">&gt;&gt;</a>&nbsp;&nbsp;&nbsp;Ebyte_E220x_SetRx
</UL>
<BR>[Address Reference Count : 1]<UL><LI> ebyte_core.o(.constdata)
</UL>
<P><STRONG><a name="[43]"></a>Ebyte_E220x_IntOrPollTask</STRONG> (Thumb, 78 bytes, Stack size 16 bytes, ebyte_e220x.o(i.Ebyte_E220x_IntOrPollTask))
<BR><BR>[Stack]<UL><LI>Max Depth = 240<LI>Call Chain = Ebyte_E220x_IntOrPollTask &rArr; Ebyte_E220x_GetPayload &rArr; Ebyte_E220x_GetRxBufferStatus &rArr; Ebyte_E220x_ReadRegister &rArr; Ebyte_E220x_ReadRegisters &rArr; Ebyte_E220x_CheckReady &rArr; Ebyte_E220x_Wakeup &rArr; Ebyte_Port_SpiTransmitAndReceivce &rArr; HAL_SPI_TransmitReceive &rArr; SPI_EndRxTxTransaction &rArr; SPI_WaitFlagStateUntilTimeout
</UL>
<BR>[Calls]<UL><LI><a href="#[a8]">&gt;&gt;</a>&nbsp;&nbsp;&nbsp;Ebyte_E220x_GetPayload
<LI><a href="#[a7]">&gt;&gt;</a>&nbsp;&nbsp;&nbsp;Ebyte_E220x_GetLoraPacketStatus
<LI><a href="#[a5]">&gt;&gt;</a>&nbsp;&nbsp;&nbsp;Ebyte_E220x_GetIrqStatus
<LI><a href="#[a4]">&gt;&gt;</a>&nbsp;&nbsp;&nbsp;Ebyte_E220x_ClearIrqStatus
<LI><a href="#[b8]">&gt;&gt;</a>&nbsp;&nbsp;&nbsp;Ebyte_Port_ReceiveCallback
<LI><a href="#[42]">&gt;&gt;</a>&nbsp;&nbsp;&nbsp;Ebyte_E220x_SetRx
</UL>
<BR>[Address Reference Count : 1]<UL><LI> ebyte_core.o(.constdata)
</UL>
<P><STRONG><a name="[44]"></a>Ebyte_E220x_InterruptTrigger</STRONG> (Thumb, 2 bytes, Stack size 0 bytes, ebyte_e220x.o(i.Ebyte_E220x_InterruptTrigger))
<BR>[Address Reference Count : 1]<UL><LI> ebyte_core.o(.constdata)
</UL>
<P><STRONG><a name="[aa]"></a>Ebyte_E220x_ReadBuffer</STRONG> (Thumb, 72 bytes, Stack size 24 bytes, ebyte_e220x.o(i.Ebyte_E220x_ReadBuffer))
<BR><BR>[Stack]<UL><LI>Max Depth = 168<LI>Call Chain = Ebyte_E220x_ReadBuffer &rArr; Ebyte_E220x_CheckReady &rArr; Ebyte_E220x_Wakeup &rArr; Ebyte_Port_SpiTransmitAndReceivce &rArr; HAL_SPI_TransmitReceive &rArr; SPI_EndRxTxTransaction &rArr; SPI_WaitFlagStateUntilTimeout
</UL>
<BR>[Calls]<UL><LI><a href="#[ba]">&gt;&gt;</a>&nbsp;&nbsp;&nbsp;Ebyte_Port_SpiTransmitAndReceivce
<LI><a href="#[b9]">&gt;&gt;</a>&nbsp;&nbsp;&nbsp;Ebyte_Port_SpiCsIoControl
<LI><a href="#[a3]">&gt;&gt;</a>&nbsp;&nbsp;&nbsp;Ebyte_E220x_WaitOnBusy
<LI><a href="#[a0]">&gt;&gt;</a>&nbsp;&nbsp;&nbsp;Ebyte_E220x_CheckReady
</UL>
<BR>[Called By]<UL><LI><a href="#[a8]">&gt;&gt;</a>&nbsp;&nbsp;&nbsp;Ebyte_E220x_GetPayload
</UL>

<P><STRONG><a name="[a6]"></a>Ebyte_E220x_ReadCommand</STRONG> (Thumb, 66 bytes, Stack size 24 bytes, ebyte_e220x.o(i.Ebyte_E220x_ReadCommand))
<BR><BR>[Stack]<UL><LI>Max Depth = 168<LI>Call Chain = Ebyte_E220x_ReadCommand &rArr; Ebyte_E220x_CheckReady &rArr; Ebyte_E220x_Wakeup &rArr; Ebyte_Port_SpiTransmitAndReceivce &rArr; HAL_SPI_TransmitReceive &rArr; SPI_EndRxTxTransaction &rArr; SPI_WaitFlagStateUntilTimeout
</UL>
<BR>[Calls]<UL><LI><a href="#[ba]">&gt;&gt;</a>&nbsp;&nbsp;&nbsp;Ebyte_Port_SpiTransmitAndReceivce
<LI><a href="#[b9]">&gt;&gt;</a>&nbsp;&nbsp;&nbsp;Ebyte_Port_SpiCsIoControl
<LI><a href="#[a3]">&gt;&gt;</a>&nbsp;&nbsp;&nbsp;Ebyte_E220x_WaitOnBusy
<LI><a href="#[a0]">&gt;&gt;</a>&nbsp;&nbsp;&nbsp;Ebyte_E220x_CheckReady
</UL>
<BR>[Called By]<UL><LI><a href="#[a9]">&gt;&gt;</a>&nbsp;&nbsp;&nbsp;Ebyte_E220x_GetRxBufferStatus
<LI><a href="#[a7]">&gt;&gt;</a>&nbsp;&nbsp;&nbsp;Ebyte_E220x_GetLoraPacketStatus
<LI><a href="#[a5]">&gt;&gt;</a>&nbsp;&nbsp;&nbsp;Ebyte_E220x_GetIrqStatus
</UL>

<P><STRONG><a name="[ab]"></a>Ebyte_E220x_ReadRegister</STRONG> (Thumb, 20 bytes, Stack size 16 bytes, ebyte_e220x.o(i.Ebyte_E220x_ReadRegister))
<BR><BR>[Stack]<UL><LI>Max Depth = 184<LI>Call Chain = Ebyte_E220x_ReadRegister &rArr; Ebyte_E220x_ReadRegisters &rArr; Ebyte_E220x_CheckReady &rArr; Ebyte_E220x_Wakeup &rArr; Ebyte_Port_SpiTransmitAndReceivce &rArr; HAL_SPI_TransmitReceive &rArr; SPI_EndRxTxTransaction &rArr; SPI_WaitFlagStateUntilTimeout
</UL>
<BR>[Calls]<UL><LI><a href="#[bb]">&gt;&gt;</a>&nbsp;&nbsp;&nbsp;Ebyte_E220x_ReadRegisters
</UL>
<BR>[Called By]<UL><LI><a href="#[a9]">&gt;&gt;</a>&nbsp;&nbsp;&nbsp;Ebyte_E220x_GetRxBufferStatus
</UL>

<P><STRONG><a name="[bb]"></a>Ebyte_E220x_ReadRegisters</STRONG> (Thumb, 78 bytes, Stack size 24 bytes, ebyte_e220x.o(i.Ebyte_E220x_ReadRegisters))
<BR><BR>[Stack]<UL><LI>Max Depth = 168<LI>Call Chain = Ebyte_E220x_ReadRegisters &rArr; Ebyte_E220x_CheckReady &rArr; Ebyte_E220x_Wakeup &rArr; Ebyte_Port_SpiTransmitAndReceivce &rArr; HAL_SPI_TransmitReceive &rArr; SPI_EndRxTxTransaction &rArr; SPI_WaitFlagStateUntilTimeout
</UL>
<BR>[Calls]<UL><LI><a href="#[ba]">&gt;&gt;</a>&nbsp;&nbsp;&nbsp;Ebyte_Port_SpiTransmitAndReceivce
<LI><a href="#[b9]">&gt;&gt;</a>&nbsp;&nbsp;&nbsp;Ebyte_Port_SpiCsIoControl
<LI><a href="#[a3]">&gt;&gt;</a>&nbsp;&nbsp;&nbsp;Ebyte_E220x_WaitOnBusy
<LI><a href="#[a0]">&gt;&gt;</a>&nbsp;&nbsp;&nbsp;Ebyte_E220x_CheckReady
</UL>
<BR>[Called By]<UL><LI><a href="#[ab]">&gt;&gt;</a>&nbsp;&nbsp;&nbsp;Ebyte_E220x_ReadRegister
</UL>

<P><STRONG><a name="[ac]"></a>Ebyte_E220x_Reset</STRONG> (Thumb, 34 bytes, Stack size 8 bytes, ebyte_e220x.o(i.Ebyte_E220x_Reset))
<BR><BR>[Stack]<UL><LI>Max Depth = 32<LI>Call Chain = Ebyte_E220x_Reset &rArr; Ebyte_Port_DelayMs &rArr; HAL_Delay
</UL>
<BR>[Calls]<UL><LI><a href="#[bd]">&gt;&gt;</a>&nbsp;&nbsp;&nbsp;Ebyte_Port_RstIoControl
<LI><a href="#[bc]">&gt;&gt;</a>&nbsp;&nbsp;&nbsp;Ebyte_Port_DelayMs
</UL>
<BR>[Called By]<UL><LI><a href="#[3f]">&gt;&gt;</a>&nbsp;&nbsp;&nbsp;Ebyte_E220x_Init
</UL>

<P><STRONG><a name="[be]"></a>Ebyte_E220x_RfIoEnterRxMode</STRONG> (Thumb, 16 bytes, Stack size 8 bytes, ebyte_e220x.o(i.Ebyte_E220x_RfIoEnterRxMode))
<BR><BR>[Stack]<UL><LI>Max Depth = 16<LI>Call Chain = Ebyte_E220x_RfIoEnterRxMode &rArr; Ebyte_Port_TxenIoControl
</UL>
<BR>[Calls]<UL><LI><a href="#[bf]">&gt;&gt;</a>&nbsp;&nbsp;&nbsp;Ebyte_Port_TxenIoControl
<LI><a href="#[c0]">&gt;&gt;</a>&nbsp;&nbsp;&nbsp;Ebyte_Port_RxenIoControl
</UL>
<BR>[Called By]<UL><LI><a href="#[42]">&gt;&gt;</a>&nbsp;&nbsp;&nbsp;Ebyte_E220x_SetRx
</UL>

<P><STRONG><a name="[c1]"></a>Ebyte_E220x_RfIoEnterTxMode</STRONG> (Thumb, 16 bytes, Stack size 8 bytes, ebyte_e220x.o(i.Ebyte_E220x_RfIoEnterTxMode))
<BR><BR>[Stack]<UL><LI>Max Depth = 16<LI>Call Chain = Ebyte_E220x_RfIoEnterTxMode &rArr; Ebyte_Port_TxenIoControl
</UL>
<BR>[Calls]<UL><LI><a href="#[bf]">&gt;&gt;</a>&nbsp;&nbsp;&nbsp;Ebyte_Port_TxenIoControl
<LI><a href="#[c0]">&gt;&gt;</a>&nbsp;&nbsp;&nbsp;Ebyte_Port_RxenIoControl
</UL>
<BR>[Called By]<UL><LI><a href="#[c3]">&gt;&gt;</a>&nbsp;&nbsp;&nbsp;Ebyte_E220x_SetTx
</UL>

<P><STRONG><a name="[40]"></a>Ebyte_E220x_SendPayload</STRONG> (Thumb, 66 bytes, Stack size 24 bytes, ebyte_e220x.o(i.Ebyte_E220x_SendPayload))
<BR><BR>[Stack]<UL><LI>Max Depth = 240<LI>Call Chain = Ebyte_E220x_SendPayload &rArr; Ebyte_E220x_SetTx &rArr; Ebyte_E220x_SetDioIrqParams &rArr; Ebyte_E220x_WriteCommand &rArr; Ebyte_E220x_CheckReady &rArr; Ebyte_E220x_Wakeup &rArr; Ebyte_Port_SpiTransmitAndReceivce &rArr; HAL_SPI_TransmitReceive &rArr; SPI_EndRxTxTransaction &rArr; SPI_WaitFlagStateUntilTimeout
</UL>
<BR>[Calls]<UL><LI><a href="#[bc]">&gt;&gt;</a>&nbsp;&nbsp;&nbsp;Ebyte_Port_DelayMs
<LI><a href="#[c3]">&gt;&gt;</a>&nbsp;&nbsp;&nbsp;Ebyte_E220x_SetTx
<LI><a href="#[c2]">&gt;&gt;</a>&nbsp;&nbsp;&nbsp;Ebyte_E220x_SetPayload
<LI><a href="#[b5]">&gt;&gt;</a>&nbsp;&nbsp;&nbsp;Ebyte_E220x_SetLoraPacketParams
<LI><a href="#[a5]">&gt;&gt;</a>&nbsp;&nbsp;&nbsp;Ebyte_E220x_GetIrqStatus
<LI><a href="#[a4]">&gt;&gt;</a>&nbsp;&nbsp;&nbsp;Ebyte_E220x_ClearIrqStatus
<LI><a href="#[c4]">&gt;&gt;</a>&nbsp;&nbsp;&nbsp;Ebyte_Port_TransmitCallback
</UL>
<BR>[Address Reference Count : 1]<UL><LI> ebyte_core.o(.constdata)
</UL>
<P><STRONG><a name="[b1]"></a>Ebyte_E220x_SetBufferBaseAddress</STRONG> (Thumb, 26 bytes, Stack size 16 bytes, ebyte_e220x.o(i.Ebyte_E220x_SetBufferBaseAddress))
<BR><BR>[Stack]<UL><LI>Max Depth = 184<LI>Call Chain = Ebyte_E220x_SetBufferBaseAddress &rArr; Ebyte_E220x_WriteCommand &rArr; Ebyte_E220x_CheckReady &rArr; Ebyte_E220x_Wakeup &rArr; Ebyte_Port_SpiTransmitAndReceivce &rArr; HAL_SPI_TransmitReceive &rArr; SPI_EndRxTxTransaction &rArr; SPI_WaitFlagStateUntilTimeout
</UL>
<BR>[Calls]<UL><LI><a href="#[9e]">&gt;&gt;</a>&nbsp;&nbsp;&nbsp;Ebyte_E220x_WriteCommand
</UL>
<BR>[Called By]<UL><LI><a href="#[3f]">&gt;&gt;</a>&nbsp;&nbsp;&nbsp;Ebyte_E220x_Init
</UL>

<P><STRONG><a name="[af]"></a>Ebyte_E220x_SetDio2AsRfSwitchCtrl</STRONG> (Thumb, 14 bytes, Stack size 8 bytes, ebyte_e220x.o(i.Ebyte_E220x_SetDio2AsRfSwitchCtrl))
<BR><BR>[Stack]<UL><LI>Max Depth = 176<LI>Call Chain = Ebyte_E220x_SetDio2AsRfSwitchCtrl &rArr; Ebyte_E220x_WriteCommand &rArr; Ebyte_E220x_CheckReady &rArr; Ebyte_E220x_Wakeup &rArr; Ebyte_Port_SpiTransmitAndReceivce &rArr; HAL_SPI_TransmitReceive &rArr; SPI_EndRxTxTransaction &rArr; SPI_WaitFlagStateUntilTimeout
</UL>
<BR>[Calls]<UL><LI><a href="#[9e]">&gt;&gt;</a>&nbsp;&nbsp;&nbsp;Ebyte_E220x_WriteCommand
</UL>
<BR>[Called By]<UL><LI><a href="#[3f]">&gt;&gt;</a>&nbsp;&nbsp;&nbsp;Ebyte_E220x_Init
</UL>

<P><STRONG><a name="[c5]"></a>Ebyte_E220x_SetDioIrqParams</STRONG> (Thumb, 74 bytes, Stack size 32 bytes, ebyte_e220x.o(i.Ebyte_E220x_SetDioIrqParams))
<BR><BR>[Stack]<UL><LI>Max Depth = 200<LI>Call Chain = Ebyte_E220x_SetDioIrqParams &rArr; Ebyte_E220x_WriteCommand &rArr; Ebyte_E220x_CheckReady &rArr; Ebyte_E220x_Wakeup &rArr; Ebyte_Port_SpiTransmitAndReceivce &rArr; HAL_SPI_TransmitReceive &rArr; SPI_EndRxTxTransaction &rArr; SPI_WaitFlagStateUntilTimeout
</UL>
<BR>[Calls]<UL><LI><a href="#[9e]">&gt;&gt;</a>&nbsp;&nbsp;&nbsp;Ebyte_E220x_WriteCommand
</UL>
<BR>[Called By]<UL><LI><a href="#[c3]">&gt;&gt;</a>&nbsp;&nbsp;&nbsp;Ebyte_E220x_SetTx
<LI><a href="#[42]">&gt;&gt;</a>&nbsp;&nbsp;&nbsp;Ebyte_E220x_SetRx
</UL>

<P><STRONG><a name="[b5]"></a>Ebyte_E220x_SetLoraPacketParams</STRONG> (Thumb, 58 bytes, Stack size 24 bytes, ebyte_e220x.o(i.Ebyte_E220x_SetLoraPacketParams))
<BR><BR>[Stack]<UL><LI>Max Depth = 192<LI>Call Chain = Ebyte_E220x_SetLoraPacketParams &rArr; Ebyte_E220x_WriteCommand &rArr; Ebyte_E220x_CheckReady &rArr; Ebyte_E220x_Wakeup &rArr; Ebyte_Port_SpiTransmitAndReceivce &rArr; HAL_SPI_TransmitReceive &rArr; SPI_EndRxTxTransaction &rArr; SPI_WaitFlagStateUntilTimeout
</UL>
<BR>[Calls]<UL><LI><a href="#[9e]">&gt;&gt;</a>&nbsp;&nbsp;&nbsp;Ebyte_E220x_WriteCommand
</UL>
<BR>[Called By]<UL><LI><a href="#[42]">&gt;&gt;</a>&nbsp;&nbsp;&nbsp;Ebyte_E220x_SetRx
<LI><a href="#[40]">&gt;&gt;</a>&nbsp;&nbsp;&nbsp;Ebyte_E220x_SendPayload
<LI><a href="#[3f]">&gt;&gt;</a>&nbsp;&nbsp;&nbsp;Ebyte_E220x_Init
</UL>

<P><STRONG><a name="[b4]"></a>Ebyte_E220x_SetLoraSyncWord</STRONG> (Thumb, 26 bytes, Stack size 8 bytes, ebyte_e220x.o(i.Ebyte_E220x_SetLoraSyncWord))
<BR><BR>[Stack]<UL><LI>Max Depth = 192<LI>Call Chain = Ebyte_E220x_SetLoraSyncWord &rArr; Ebyte_E220x_WriteRegister &rArr; Ebyte_E220x_WriteRegisters &rArr; Ebyte_E220x_CheckReady &rArr; Ebyte_E220x_Wakeup &rArr; Ebyte_Port_SpiTransmitAndReceivce &rArr; HAL_SPI_TransmitReceive &rArr; SPI_EndRxTxTransaction &rArr; SPI_WaitFlagStateUntilTimeout
</UL>
<BR>[Calls]<UL><LI><a href="#[ae]">&gt;&gt;</a>&nbsp;&nbsp;&nbsp;Ebyte_E220x_WriteRegister
</UL>
<BR>[Called By]<UL><LI><a href="#[3f]">&gt;&gt;</a>&nbsp;&nbsp;&nbsp;Ebyte_E220x_Init
<LI><a href="#[81]">&gt;&gt;</a>&nbsp;&nbsp;&nbsp;Int_LoRa_Init
</UL>

<P><STRONG><a name="[b3]"></a>Ebyte_E220x_SetModulationLoraParams</STRONG> (Thumb, 44 bytes, Stack size 24 bytes, ebyte_e220x.o(i.Ebyte_E220x_SetModulationLoraParams))
<BR><BR>[Stack]<UL><LI>Max Depth = 192<LI>Call Chain = Ebyte_E220x_SetModulationLoraParams &rArr; Ebyte_E220x_WriteCommand &rArr; Ebyte_E220x_CheckReady &rArr; Ebyte_E220x_Wakeup &rArr; Ebyte_Port_SpiTransmitAndReceivce &rArr; HAL_SPI_TransmitReceive &rArr; SPI_EndRxTxTransaction &rArr; SPI_WaitFlagStateUntilTimeout
</UL>
<BR>[Calls]<UL><LI><a href="#[9e]">&gt;&gt;</a>&nbsp;&nbsp;&nbsp;Ebyte_E220x_WriteCommand
</UL>
<BR>[Called By]<UL><LI><a href="#[3f]">&gt;&gt;</a>&nbsp;&nbsp;&nbsp;Ebyte_E220x_Init
</UL>

<P><STRONG><a name="[c6]"></a>Ebyte_E220x_SetPaConfig</STRONG> (Thumb, 38 bytes, Stack size 24 bytes, ebyte_e220x.o(i.Ebyte_E220x_SetPaConfig))
<BR><BR>[Stack]<UL><LI>Max Depth = 192<LI>Call Chain = Ebyte_E220x_SetPaConfig &rArr; Ebyte_E220x_WriteCommand &rArr; Ebyte_E220x_CheckReady &rArr; Ebyte_E220x_Wakeup &rArr; Ebyte_Port_SpiTransmitAndReceivce &rArr; HAL_SPI_TransmitReceive &rArr; SPI_EndRxTxTransaction &rArr; SPI_WaitFlagStateUntilTimeout
</UL>
<BR>[Calls]<UL><LI><a href="#[9e]">&gt;&gt;</a>&nbsp;&nbsp;&nbsp;Ebyte_E220x_WriteCommand
</UL>
<BR>[Called By]<UL><LI><a href="#[b7]">&gt;&gt;</a>&nbsp;&nbsp;&nbsp;Ebyte_E220x_SetTxPaParams
</UL>

<P><STRONG><a name="[b2]"></a>Ebyte_E220x_SetPacketType</STRONG> (Thumb, 22 bytes, Stack size 8 bytes, ebyte_e220x.o(i.Ebyte_E220x_SetPacketType))
<BR><BR>[Stack]<UL><LI>Max Depth = 176<LI>Call Chain = Ebyte_E220x_SetPacketType &rArr; Ebyte_E220x_WriteCommand &rArr; Ebyte_E220x_CheckReady &rArr; Ebyte_E220x_Wakeup &rArr; Ebyte_Port_SpiTransmitAndReceivce &rArr; HAL_SPI_TransmitReceive &rArr; SPI_EndRxTxTransaction &rArr; SPI_WaitFlagStateUntilTimeout
</UL>
<BR>[Calls]<UL><LI><a href="#[9e]">&gt;&gt;</a>&nbsp;&nbsp;&nbsp;Ebyte_E220x_WriteCommand
</UL>
<BR>[Called By]<UL><LI><a href="#[3f]">&gt;&gt;</a>&nbsp;&nbsp;&nbsp;Ebyte_E220x_Init
</UL>

<P><STRONG><a name="[c2]"></a>Ebyte_E220x_SetPayload</STRONG> (Thumb, 18 bytes, Stack size 16 bytes, ebyte_e220x.o(i.Ebyte_E220x_SetPayload))
<BR><BR>[Stack]<UL><LI>Max Depth = 184<LI>Call Chain = Ebyte_E220x_SetPayload &rArr; Ebyte_E220x_WriteBuffer &rArr; Ebyte_E220x_CheckReady &rArr; Ebyte_E220x_Wakeup &rArr; Ebyte_Port_SpiTransmitAndReceivce &rArr; HAL_SPI_TransmitReceive &rArr; SPI_EndRxTxTransaction &rArr; SPI_WaitFlagStateUntilTimeout
</UL>
<BR>[Calls]<UL><LI><a href="#[c7]">&gt;&gt;</a>&nbsp;&nbsp;&nbsp;Ebyte_E220x_WriteBuffer
</UL>
<BR>[Called By]<UL><LI><a href="#[40]">&gt;&gt;</a>&nbsp;&nbsp;&nbsp;Ebyte_E220x_SendPayload
</UL>

<P><STRONG><a name="[b0]"></a>Ebyte_E220x_SetRegulatorMode</STRONG> (Thumb, 14 bytes, Stack size 8 bytes, ebyte_e220x.o(i.Ebyte_E220x_SetRegulatorMode))
<BR><BR>[Stack]<UL><LI>Max Depth = 176<LI>Call Chain = Ebyte_E220x_SetRegulatorMode &rArr; Ebyte_E220x_WriteCommand &rArr; Ebyte_E220x_CheckReady &rArr; Ebyte_E220x_Wakeup &rArr; Ebyte_Port_SpiTransmitAndReceivce &rArr; HAL_SPI_TransmitReceive &rArr; SPI_EndRxTxTransaction &rArr; SPI_WaitFlagStateUntilTimeout
</UL>
<BR>[Calls]<UL><LI><a href="#[9e]">&gt;&gt;</a>&nbsp;&nbsp;&nbsp;Ebyte_E220x_WriteCommand
</UL>
<BR>[Called By]<UL><LI><a href="#[3f]">&gt;&gt;</a>&nbsp;&nbsp;&nbsp;Ebyte_E220x_Init
</UL>

<P><STRONG><a name="[b6]"></a>Ebyte_E220x_SetRfFrequency</STRONG> (Thumb, 112 bytes, Stack size 40 bytes, ebyte_e220x.o(i.Ebyte_E220x_SetRfFrequency))
<BR><BR>[Stack]<UL><LI>Max Depth = 224<LI>Call Chain = Ebyte_E220x_SetRfFrequency &rArr; Ebyte_E220x_WriteRegister &rArr; Ebyte_E220x_WriteRegisters &rArr; Ebyte_E220x_CheckReady &rArr; Ebyte_E220x_Wakeup &rArr; Ebyte_Port_SpiTransmitAndReceivce &rArr; HAL_SPI_TransmitReceive &rArr; SPI_EndRxTxTransaction &rArr; SPI_WaitFlagStateUntilTimeout
</UL>
<BR>[Calls]<UL><LI><a href="#[6b]">&gt;&gt;</a>&nbsp;&nbsp;&nbsp;__aeabi_ui2d
<LI><a href="#[58]">&gt;&gt;</a>&nbsp;&nbsp;&nbsp;__aeabi_ddiv
<LI><a href="#[6e]">&gt;&gt;</a>&nbsp;&nbsp;&nbsp;__aeabi_d2uiz
<LI><a href="#[ae]">&gt;&gt;</a>&nbsp;&nbsp;&nbsp;Ebyte_E220x_WriteRegister
<LI><a href="#[9e]">&gt;&gt;</a>&nbsp;&nbsp;&nbsp;Ebyte_E220x_WriteCommand
<LI><a href="#[ad]">&gt;&gt;</a>&nbsp;&nbsp;&nbsp;Ebyte_E220x_SetStandby
<LI><a href="#[9f]">&gt;&gt;</a>&nbsp;&nbsp;&nbsp;Ebyte_E220x_CalibrateImage
<LI><a href="#[9d]">&gt;&gt;</a>&nbsp;&nbsp;&nbsp;Ebyte_E220x_Calibrate
</UL>
<BR>[Called By]<UL><LI><a href="#[3f]">&gt;&gt;</a>&nbsp;&nbsp;&nbsp;Ebyte_E220x_Init
</UL>

<P><STRONG><a name="[42]"></a>Ebyte_E220x_SetRx</STRONG> (Thumb, 98 bytes, Stack size 16 bytes, ebyte_e220x.o(i.Ebyte_E220x_SetRx))
<BR><BR>[Stack]<UL><LI>Max Depth = 216<LI>Call Chain = Ebyte_E220x_SetRx &rArr; Ebyte_E220x_SetDioIrqParams &rArr; Ebyte_E220x_WriteCommand &rArr; Ebyte_E220x_CheckReady &rArr; Ebyte_E220x_Wakeup &rArr; Ebyte_Port_SpiTransmitAndReceivce &rArr; HAL_SPI_TransmitReceive &rArr; SPI_EndRxTxTransaction &rArr; SPI_WaitFlagStateUntilTimeout
</UL>
<BR>[Calls]<UL><LI><a href="#[ae]">&gt;&gt;</a>&nbsp;&nbsp;&nbsp;Ebyte_E220x_WriteRegister
<LI><a href="#[9e]">&gt;&gt;</a>&nbsp;&nbsp;&nbsp;Ebyte_E220x_WriteCommand
<LI><a href="#[ad]">&gt;&gt;</a>&nbsp;&nbsp;&nbsp;Ebyte_E220x_SetStandby
<LI><a href="#[b5]">&gt;&gt;</a>&nbsp;&nbsp;&nbsp;Ebyte_E220x_SetLoraPacketParams
<LI><a href="#[c5]">&gt;&gt;</a>&nbsp;&nbsp;&nbsp;Ebyte_E220x_SetDioIrqParams
<LI><a href="#[be]">&gt;&gt;</a>&nbsp;&nbsp;&nbsp;Ebyte_E220x_RfIoEnterRxMode
<LI><a href="#[a4]">&gt;&gt;</a>&nbsp;&nbsp;&nbsp;Ebyte_E220x_ClearIrqStatus
</UL>
<BR>[Called By]<UL><LI><a href="#[43]">&gt;&gt;</a>&nbsp;&nbsp;&nbsp;Ebyte_E220x_IntOrPollTask
<LI><a href="#[3f]">&gt;&gt;</a>&nbsp;&nbsp;&nbsp;Ebyte_E220x_Init
</UL>
<BR>[Address Reference Count : 1]<UL><LI> ebyte_core.o(.constdata)
</UL>
<P><STRONG><a name="[41]"></a>Ebyte_E220x_SetSleep</STRONG> (Thumb, 32 bytes, Stack size 8 bytes, ebyte_e220x.o(i.Ebyte_E220x_SetSleep))
<BR><BR>[Stack]<UL><LI>Max Depth = 176<LI>Call Chain = Ebyte_E220x_SetSleep &rArr; Ebyte_E220x_WriteCommand &rArr; Ebyte_E220x_CheckReady &rArr; Ebyte_E220x_Wakeup &rArr; Ebyte_Port_SpiTransmitAndReceivce &rArr; HAL_SPI_TransmitReceive &rArr; SPI_EndRxTxTransaction &rArr; SPI_WaitFlagStateUntilTimeout
</UL>
<BR>[Calls]<UL><LI><a href="#[bf]">&gt;&gt;</a>&nbsp;&nbsp;&nbsp;Ebyte_Port_TxenIoControl
<LI><a href="#[c0]">&gt;&gt;</a>&nbsp;&nbsp;&nbsp;Ebyte_Port_RxenIoControl
<LI><a href="#[9e]">&gt;&gt;</a>&nbsp;&nbsp;&nbsp;Ebyte_E220x_WriteCommand
</UL>
<BR>[Address Reference Count : 1]<UL><LI> ebyte_core.o(.constdata)
</UL>
<P><STRONG><a name="[ad]"></a>Ebyte_E220x_SetStandby</STRONG> (Thumb, 34 bytes, Stack size 8 bytes, ebyte_e220x.o(i.Ebyte_E220x_SetStandby))
<BR><BR>[Stack]<UL><LI>Max Depth = 176<LI>Call Chain = Ebyte_E220x_SetStandby &rArr; Ebyte_E220x_WriteCommand &rArr; Ebyte_E220x_CheckReady &rArr; Ebyte_E220x_Wakeup &rArr; Ebyte_Port_SpiTransmitAndReceivce &rArr; HAL_SPI_TransmitReceive &rArr; SPI_EndRxTxTransaction &rArr; SPI_WaitFlagStateUntilTimeout
</UL>
<BR>[Calls]<UL><LI><a href="#[9e]">&gt;&gt;</a>&nbsp;&nbsp;&nbsp;Ebyte_E220x_WriteCommand
</UL>
<BR>[Called By]<UL><LI><a href="#[c3]">&gt;&gt;</a>&nbsp;&nbsp;&nbsp;Ebyte_E220x_SetTx
<LI><a href="#[b6]">&gt;&gt;</a>&nbsp;&nbsp;&nbsp;Ebyte_E220x_SetRfFrequency
<LI><a href="#[42]">&gt;&gt;</a>&nbsp;&nbsp;&nbsp;Ebyte_E220x_SetRx
<LI><a href="#[3f]">&gt;&gt;</a>&nbsp;&nbsp;&nbsp;Ebyte_E220x_Init
</UL>

<P><STRONG><a name="[c3]"></a>Ebyte_E220x_SetTx</STRONG> (Thumb, 92 bytes, Stack size 16 bytes, ebyte_e220x.o(i.Ebyte_E220x_SetTx))
<BR><BR>[Stack]<UL><LI>Max Depth = 216<LI>Call Chain = Ebyte_E220x_SetTx &rArr; Ebyte_E220x_SetDioIrqParams &rArr; Ebyte_E220x_WriteCommand &rArr; Ebyte_E220x_CheckReady &rArr; Ebyte_E220x_Wakeup &rArr; Ebyte_Port_SpiTransmitAndReceivce &rArr; HAL_SPI_TransmitReceive &rArr; SPI_EndRxTxTransaction &rArr; SPI_WaitFlagStateUntilTimeout
</UL>
<BR>[Calls]<UL><LI><a href="#[ae]">&gt;&gt;</a>&nbsp;&nbsp;&nbsp;Ebyte_E220x_WriteRegister
<LI><a href="#[9e]">&gt;&gt;</a>&nbsp;&nbsp;&nbsp;Ebyte_E220x_WriteCommand
<LI><a href="#[ad]">&gt;&gt;</a>&nbsp;&nbsp;&nbsp;Ebyte_E220x_SetStandby
<LI><a href="#[c5]">&gt;&gt;</a>&nbsp;&nbsp;&nbsp;Ebyte_E220x_SetDioIrqParams
<LI><a href="#[c1]">&gt;&gt;</a>&nbsp;&nbsp;&nbsp;Ebyte_E220x_RfIoEnterTxMode
<LI><a href="#[a4]">&gt;&gt;</a>&nbsp;&nbsp;&nbsp;Ebyte_E220x_ClearIrqStatus
</UL>
<BR>[Called By]<UL><LI><a href="#[40]">&gt;&gt;</a>&nbsp;&nbsp;&nbsp;Ebyte_E220x_SendPayload
</UL>

<P><STRONG><a name="[b7]"></a>Ebyte_E220x_SetTxPaParams</STRONG> (Thumb, 68 bytes, Stack size 16 bytes, ebyte_e220x.o(i.Ebyte_E220x_SetTxPaParams))
<BR><BR>[Stack]<UL><LI>Max Depth = 208<LI>Call Chain = Ebyte_E220x_SetTxPaParams &rArr; Ebyte_E220x_SetPaConfig &rArr; Ebyte_E220x_WriteCommand &rArr; Ebyte_E220x_CheckReady &rArr; Ebyte_E220x_Wakeup &rArr; Ebyte_Port_SpiTransmitAndReceivce &rArr; HAL_SPI_TransmitReceive &rArr; SPI_EndRxTxTransaction &rArr; SPI_WaitFlagStateUntilTimeout
</UL>
<BR>[Calls]<UL><LI><a href="#[ae]">&gt;&gt;</a>&nbsp;&nbsp;&nbsp;Ebyte_E220x_WriteRegister
<LI><a href="#[9e]">&gt;&gt;</a>&nbsp;&nbsp;&nbsp;Ebyte_E220x_WriteCommand
<LI><a href="#[c6]">&gt;&gt;</a>&nbsp;&nbsp;&nbsp;Ebyte_E220x_SetPaConfig
</UL>
<BR>[Called By]<UL><LI><a href="#[3f]">&gt;&gt;</a>&nbsp;&nbsp;&nbsp;Ebyte_E220x_Init
</UL>

<P><STRONG><a name="[a3]"></a>Ebyte_E220x_WaitOnBusy</STRONG> (Thumb, 14 bytes, Stack size 8 bytes, ebyte_e220x.o(i.Ebyte_E220x_WaitOnBusy))
<BR><BR>[Stack]<UL><LI>Max Depth = 16<LI>Call Chain = Ebyte_E220x_WaitOnBusy &rArr; Ebyte_Port_BusyIoRead
</UL>
<BR>[Calls]<UL><LI><a href="#[c8]">&gt;&gt;</a>&nbsp;&nbsp;&nbsp;Ebyte_Port_BusyIoRead
</UL>
<BR>[Called By]<UL><LI><a href="#[c9]">&gt;&gt;</a>&nbsp;&nbsp;&nbsp;Ebyte_E220x_WriteRegisters
<LI><a href="#[9e]">&gt;&gt;</a>&nbsp;&nbsp;&nbsp;Ebyte_E220x_WriteCommand
<LI><a href="#[c7]">&gt;&gt;</a>&nbsp;&nbsp;&nbsp;Ebyte_E220x_WriteBuffer
<LI><a href="#[a2]">&gt;&gt;</a>&nbsp;&nbsp;&nbsp;Ebyte_E220x_Wakeup
<LI><a href="#[bb]">&gt;&gt;</a>&nbsp;&nbsp;&nbsp;Ebyte_E220x_ReadRegisters
<LI><a href="#[a6]">&gt;&gt;</a>&nbsp;&nbsp;&nbsp;Ebyte_E220x_ReadCommand
<LI><a href="#[aa]">&gt;&gt;</a>&nbsp;&nbsp;&nbsp;Ebyte_E220x_ReadBuffer
[...]
</UL>
<BR>[Called By]<UL><LI><a href="#[ee]">&gt;&gt;</a>&nbsp;&nbsp;&nbsp;RTC_DateUpdate
</UL>

<P><STRONG><a name="[ed]"></a>RTC_WriteAlarmCounter</STRONG> (Thumb, 46 bytes, Stack size 16 bytes, stm32f1xx_hal_rtc.o(i.RTC_WriteAlarmCounter))
<BR><BR>[Stack]<UL><LI>Max Depth = 32<LI>Call Chain = RTC_WriteAlarmCounter &rArr; RTC_ExitInitMode
</UL>
<BR>[Calls]<UL><LI><a href="#[f4]">&gt;&gt;</a>&nbsp;&nbsp;&nbsp;RTC_ExitInitMode
<LI><a href="#[f3]">&gt;&gt;</a>&nbsp;&nbsp;&nbsp;RTC_EnterInitMode
</UL>
<BR>[Called By]<UL><LI><a href="#[7b]">&gt;&gt;</a>&nbsp;&nbsp;&nbsp;HAL_RTC_SetAlarm
<LI><a href="#[7a]">&gt;&gt;</a>&nbsp;&nbsp;&nbsp;HAL_RTC_GetTime
</UL>

<P><STRONG><a name="[ec]"></a>RTC_WriteTimeCounter</STRONG> (Thumb, 46 bytes, Stack size 16 bytes, stm32f1xx_hal_rtc.o(i.RTC_WriteTimeCounter))
<BR><BR>[Stack]<UL><LI>Max Depth = 32<LI>Call Chain = RTC_WriteTimeCounter &rArr; RTC_ExitInitMode
</UL>
<BR>[Calls]<UL><LI><a href="#[f4]">&gt;&gt;</a>&nbsp;&nbsp;&nbsp;RTC_ExitInitMode
<LI><a href="#[f3]">&gt;&gt;</a>&nbsp;&nbsp;&nbsp;RTC_EnterInitMode
</UL>
<BR>[Called By]<UL><LI><a href="#[7a]">&gt;&gt;</a>&nbsp;&nbsp;&nbsp;HAL_RTC_GetTime
</UL>

<P><STRONG><a name="[f9]"></a>SPI_EndRxTxTransaction</STRONG> (Thumb, 68 bytes, Stack size 24 bytes, stm32f1xx_hal_spi.o(i.SPI_EndRxTxTransaction))
<BR><BR>[Stack]<UL><LI>Max Depth = 64<LI>Call Chain = SPI_EndRxTxTransaction &rArr; SPI_WaitFlagStateUntilTimeout
</UL>
<BR>[Calls]<UL><LI><a href="#[123]">&gt;&gt;</a>&nbsp;&nbsp;&nbsp;SPI_WaitFlagStateUntilTimeout
</UL>
<BR>[Called By]<UL><LI><a href="#[cc]">&gt;&gt;</a>&nbsp;&nbsp;&nbsp;HAL_SPI_TransmitReceive
</UL>

<P><STRONG><a name="[123]"></a>SPI_WaitFlagStateUntilTimeout</STRONG> (Thumb, 210 bytes, Stack size 40 bytes, stm32f1xx_hal_spi.o(i.SPI_WaitFlagStateUntilTimeout))
<BR><BR>[Stack]<UL><LI>Max Depth = 40<LI>Call Chain = SPI_WaitFlagStateUntilTimeout
</UL>
<BR>[Calls]<UL><LI><a href="#[cd]">&gt;&gt;</a>&nbsp;&nbsp;&nbsp;HAL_GetTick
</UL>
<BR>[Called By]<UL><LI><a href="#[f9]">&gt;&gt;</a>&nbsp;&nbsp;&nbsp;SPI_EndRxTxTransaction
</UL>

<P><STRONG><a name="[3c]"></a>UART_DMAAbortOnError</STRONG> (Thumb, 20 bytes, Stack size 16 bytes, stm32f1xx_hal_uart.o(i.UART_DMAAbortOnError))
<BR><BR>[Stack]<UL><LI>Max Depth = 16<LI>Call Chain = UART_DMAAbortOnError
</UL>
<BR>[Calls]<UL><LI><a href="#[103]">&gt;&gt;</a>&nbsp;&nbsp;&nbsp;HAL_UART_ErrorCallback
</UL>
<BR>[Address Reference Count : 1]<UL><LI> stm32f1xx_hal_uart.o(i.HAL_UART_IRQHandler)
</UL>
<P><STRONG><a name="[101]"></a>UART_EndRxTransfer</STRONG> (Thumb, 108 bytes, Stack size 0 bytes, stm32f1xx_hal_uart.o(i.UART_EndRxTransfer))
<BR><BR>[Called By]<UL><LI><a href="#[ff]">&gt;&gt;</a>&nbsp;&nbsp;&nbsp;HAL_UART_IRQHandler
<LI><a href="#[10c]">&gt;&gt;</a>&nbsp;&nbsp;&nbsp;UART_WaitOnFlagUntilTimeout
</UL>

<P><STRONG><a name="[106]"></a>UART_EndTransmit_IT</STRONG> (Thumb, 32 bytes, Stack size 8 bytes, stm32f1xx_hal_uart.o(i.UART_EndTransmit_IT))
<BR><BR>[Stack]<UL><LI>Max Depth = 8<LI>Call Chain = UART_EndTransmit_IT
</UL>
<BR>[Calls]<UL><LI><a href="#[126]">&gt;&gt;</a>&nbsp;&nbsp;&nbsp;HAL_UART_TxCpltCallback
</UL>
<BR>[Called By]<UL><LI><a href="#[ff]">&gt;&gt;</a>&nbsp;&nbsp;&nbsp;HAL_UART_IRQHandler
</UL>

<P><STRONG><a name="[100]"></a>UART_Receive_IT</STRONG> (Thumb, 252 bytes, Stack size 24 bytes, stm32f1xx_hal_uart.o(i.UART_Receive_IT))
<BR><BR>[Stack]<UL><LI>Max Depth = 88<LI>Call Chain = UART_Receive_IT &rArr; HAL_UARTEx_RxEventCallback &rArr; Int_QS100_GetSize &rArr; HAL_UARTEx_ReceiveToIdle_IT &rArr; UART_Start_Receive_IT
</UL>
<BR>[Calls]<UL><LI><a href="#[fc]">&gt;&gt;</a>&nbsp;&nbsp;&nbsp;HAL_UARTEx_RxEventCallback
<LI><a href="#[127]">&gt;&gt;</a>&nbsp;&nbsp;&nbsp;HAL_UART_RxCpltCallback
</UL>
<BR>[Called By]<UL><LI><a href="#[ff]">&gt;&gt;</a>&nbsp;&nbsp;&nbsp;HAL_UART_IRQHandler
</UL>

<P><STRONG><a name="[109]"></a>UART_SetConfig</STRONG> (Thumb, 248 bytes, Stack size 16 bytes, stm32f1xx_hal_uart.o(i.UART_SetConfig))
<BR><BR>[Stack]<UL><LI>Max Depth = 20<LI>Call Chain = UART_SetConfig &rArr; HAL_RCC_GetPCLK2Freq
</UL>
<BR>[Calls]<UL><LI><a href="#[e3]">&gt;&gt;</a>&nbsp;&nbsp;&nbsp;HAL_RCC_GetPCLK2Freq
<LI><a href="#[d0]">&gt;&gt;</a>&nbsp;&nbsp;&nbsp;HAL_RCC_GetPCLK1Freq
</UL>
<BR>[Called By]<UL><LI><a href="#[107]">&gt;&gt;</a>&nbsp;&nbsp;&nbsp;HAL_UART_Init
</UL>

<P><STRONG><a name="[105]"></a>UART_Transmit_IT</STRONG> (Thumb, 96 bytes, Stack size 0 bytes, stm32f1xx_hal_uart.o(i.UART_Transmit_IT))
<BR><BR>[Called By]<UL><LI><a href="#[ff]">&gt;&gt;</a>&nbsp;&nbsp;&nbsp;HAL_UART_IRQHandler
</UL>

<P><STRONG><a name="[10c]"></a>UART_WaitOnFlagUntilTimeout</STRONG> (Thumb, 140 bytes, Stack size 32 bytes, stm32f1xx_hal_uart.o(i.UART_WaitOnFlagUntilTimeout))
<BR><BR>[Stack]<UL><LI>Max Depth = 32<LI>Call Chain = UART_WaitOnFlagUntilTimeout
</UL>
<BR>[Calls]<UL><LI><a href="#[cd]">&gt;&gt;</a>&nbsp;&nbsp;&nbsp;HAL_GetTick
<LI><a href="#[101]">&gt;&gt;</a>&nbsp;&nbsp;&nbsp;UART_EndRxTransfer
</UL>
<BR>[Called By]<UL><LI><a href="#[10b]">&gt;&gt;</a>&nbsp;&nbsp;&nbsp;HAL_UART_Transmit
</UL>

<P><STRONG><a name="[131]"></a>add_item_to_array</STRONG> (Thumb, 54 bytes, Stack size 16 bytes, cjson.o(i.add_item_to_array))
<BR><BR>[Stack]<UL><LI>Max Depth = 16<LI>Call Chain = add_item_to_array
</UL>
<BR>[Calls]<UL><LI><a href="#[132]">&gt;&gt;</a>&nbsp;&nbsp;&nbsp;suffix_object
</UL>
<BR>[Called By]<UL><LI><a href="#[133]">&gt;&gt;</a>&nbsp;&nbsp;&nbsp;add_item_to_object
</UL>

<P><STRONG><a name="[133]"></a>add_item_to_object</STRONG> (Thumb, 122 bytes, Stack size 32 bytes, cjson.o(i.add_item_to_object))
<BR><BR>[Stack]<UL><LI>Max Depth = 56<LI>Call Chain = add_item_to_object &rArr; cJSON_strdup
</UL>
<BR>[Calls]<UL><LI><a href="#[134]">&gt;&gt;</a>&nbsp;&nbsp;&nbsp;cast_away_const
<LI><a href="#[135]">&gt;&gt;</a>&nbsp;&nbsp;&nbsp;cJSON_strdup
<LI><a href="#[131]">&gt;&gt;</a>&nbsp;&nbsp;&nbsp;add_item_to_array
</UL>
<BR>[Called By]<UL><LI><a href="#[97]">&gt;&gt;</a>&nbsp;&nbsp;&nbsp;cJSON_AddStringToObject
<LI><a href="#[95]">&gt;&gt;</a>&nbsp;&nbsp;&nbsp;cJSON_AddNumberToObject
</UL>

<P><STRONG><a name="[138]"></a>cJSON_New_Item</STRONG> (Thumb, 26 bytes, Stack size 16 bytes, cjson.o(i.cJSON_New_Item))
<BR><BR>[Stack]<UL><LI>Max Depth = 16<LI>Call Chain = cJSON_New_Item
</UL>
<BR>[Calls]<UL><LI><a href="#[99]">&gt;&gt;</a>&nbsp;&nbsp;&nbsp;__aeabi_memclr4
</UL>
<BR>[Called By]<UL><LI><a href="#[94]">&gt;&gt;</a>&nbsp;&nbsp;&nbsp;cJSON_CreateObject
<LI><a href="#[137]">&gt;&gt;</a>&nbsp;&nbsp;&nbsp;cJSON_CreateString
<LI><a href="#[136]">&gt;&gt;</a>&nbsp;&nbsp;&nbsp;cJSON_CreateNumber
</UL>

<P><STRONG><a name="[135]"></a>cJSON_strdup</STRONG> (Thumb, 56 bytes, Stack size 24 bytes, cjson.o(i.cJSON_strdup))
<BR><BR>[Stack]<UL><LI>Max Depth = 24<LI>Call Chain = cJSON_strdup
</UL>
<BR>[Calls]<UL><LI><a href="#[8e]">&gt;&gt;</a>&nbsp;&nbsp;&nbsp;strlen
<LI><a href="#[9a]">&gt;&gt;</a>&nbsp;&nbsp;&nbsp;__aeabi_memcpy
</UL>
<BR>[Called By]<UL><LI><a href="#[137]">&gt;&gt;</a>&nbsp;&nbsp;&nbsp;cJSON_CreateString
<LI><a href="#[133]">&gt;&gt;</a>&nbsp;&nbsp;&nbsp;add_item_to_object
</UL>

<P><STRONG><a name="[134]"></a>cast_away_const</STRONG> (Thumb, 2 bytes, Stack size 0 bytes, cjson.o(i.cast_away_const))
<BR><BR>[Called By]<UL><LI><a href="#[133]">&gt;&gt;</a>&nbsp;&nbsp;&nbsp;add_item_to_object
</UL>

<P><STRONG><a name="[13b]"></a>compare_double</STRONG> (Thumb, 112 bytes, Stack size 48 bytes, cjson.o(i.compare_double))
<BR><BR>[Stack]<UL><LI>Max Depth = 136<LI>Call Chain = compare_double &rArr; __aeabi_dsub &rArr; __aeabi_dadd &rArr; _double_epilogue &rArr; _double_round
</UL>
<BR>[Calls]<UL><LI><a href="#[67]">&gt;&gt;</a>&nbsp;&nbsp;&nbsp;__aeabi_dsub
<LI><a href="#[57]">&gt;&gt;</a>&nbsp;&nbsp;&nbsp;__aeabi_dmul
<LI><a href="#[12d]">&gt;&gt;</a>&nbsp;&nbsp;&nbsp;__aeabi_cdrcmple
<LI><a href="#[139]">&gt;&gt;</a>&nbsp;&nbsp;&nbsp;__aeabi_cdcmple
</UL>
<BR>[Called By]<UL><LI><a href="#[140]">&gt;&gt;</a>&nbsp;&nbsp;&nbsp;print_number
</UL>

<P><STRONG><a name="[13c]"></a>ensure</STRONG> (Thumb, 184 bytes, Stack size 24 bytes, cjson.o(i.ensure))
<BR><BR>[Stack]<UL><LI>Max Depth = 24<LI>Call Chain = ensure
</UL>
<BR>[Calls]<UL><LI><a href="#[9a]">&gt;&gt;</a>&nbsp;&nbsp;&nbsp;__aeabi_memcpy
</UL>
<BR>[Called By]<UL><LI><a href="#[13d]">&gt;&gt;</a>&nbsp;&nbsp;&nbsp;print_value
<LI><a href="#[144]">&gt;&gt;</a>&nbsp;&nbsp;&nbsp;print_string_ptr
<LI><a href="#[143]">&gt;&gt;</a>&nbsp;&nbsp;&nbsp;print_object
<LI><a href="#[140]">&gt;&gt;</a>&nbsp;&nbsp;&nbsp;print_number
<LI><a href="#[13f]">&gt;&gt;</a>&nbsp;&nbsp;&nbsp;print_array
</UL>

<P><STRONG><a name="[141]"></a>get_decimal_point</STRONG> (Thumb, 4 bytes, Stack size 0 bytes, cjson.o(i.get_decimal_point))
<BR><BR>[Called By]<UL><LI><a href="#[140]">&gt;&gt;</a>&nbsp;&nbsp;&nbsp;print_number
</UL>

<P><STRONG><a name="[13a]"></a>print</STRONG> (Thumb, 188 bytes, Stack size 56 bytes, cjson.o(i.print))
<BR><BR>[Stack]<UL><LI>Max Depth = 424<LI>Call Chain = print &rArr; print_value &rArr; print_number &rArr; __0sscanf &rArr; __vfscanf_char &rArr; __vfscanf &rArr; _scanf_real
</UL>
<BR>[Calls]<UL><LI><a href="#[99]">&gt;&gt;</a>&nbsp;&nbsp;&nbsp;__aeabi_memclr4
<LI><a href="#[9a]">&gt;&gt;</a>&nbsp;&nbsp;&nbsp;__aeabi_memcpy
<LI><a href="#[13e]">&gt;&gt;</a>&nbsp;&nbsp;&nbsp;update_offset
<LI><a href="#[13d]">&gt;&gt;</a>&nbsp;&nbsp;&nbsp;print_value
</UL>
<BR>[Called By]<UL><LI><a href="#[98]">&gt;&gt;</a>&nbsp;&nbsp;&nbsp;cJSON_PrintUnformatted
</UL>

<P><STRONG><a name="[13f]"></a>print_array</STRONG> (Thumb, 178 bytes, Stack size 24 bytes, cjson.o(i.print_array))
<BR><BR>[Stack]<UL><LI>Max Depth = 48 + In Cycle
<LI>Call Chain = print_array &rArr;  print_value (Cycle)
</UL>
<BR>[Calls]<UL><LI><a href="#[13e]">&gt;&gt;</a>&nbsp;&nbsp;&nbsp;update_offset
<LI><a href="#[13d]">&gt;&gt;</a>&nbsp;&nbsp;&nbsp;print_value
<LI><a href="#[13c]">&gt;&gt;</a>&nbsp;&nbsp;&nbsp;ensure
</UL>
<BR>[Called By]<UL><LI><a href="#[13d]">&gt;&gt;</a>&nbsp;&nbsp;&nbsp;print_value
</UL>

<P><STRONG><a name="[140]"></a>print_number</STRONG> (Thumb, 304 bytes, Stack size 80 bytes, cjson.o(i.print_number))
<BR><BR>[Stack]<UL><LI>Max Depth = 344<LI>Call Chain = print_number &rArr; __0sscanf &rArr; __vfscanf_char &rArr; __vfscanf &rArr; _scanf_real
</UL>
<BR>[Calls]<UL><LI><a href="#[99]">&gt;&gt;</a>&nbsp;&nbsp;&nbsp;__aeabi_memclr4
<LI><a href="#[6a]">&gt;&gt;</a>&nbsp;&nbsp;&nbsp;__aeabi_i2d
<LI><a href="#[142]">&gt;&gt;</a>&nbsp;&nbsp;&nbsp;__aeabi_cdcmpeq
<LI><a href="#[141]">&gt;&gt;</a>&nbsp;&nbsp;&nbsp;get_decimal_point
<LI><a href="#[13c]">&gt;&gt;</a>&nbsp;&nbsp;&nbsp;ensure
<LI><a href="#[13b]">&gt;&gt;</a>&nbsp;&nbsp;&nbsp;compare_double
<LI><a href="#[51]">&gt;&gt;</a>&nbsp;&nbsp;&nbsp;__0sscanf
<LI><a href="#[87]">&gt;&gt;</a>&nbsp;&nbsp;&nbsp;__2sprintf
</UL>
<BR>[Called By]<UL><LI><a href="#[13d]">&gt;&gt;</a>&nbsp;&nbsp;&nbsp;print_value
</UL>

<P><STRONG><a name="[143]"></a>print_object</STRONG> (Thumb, 372 bytes, Stack size 32 bytes, cjson.o(i.print_object))
<BR><BR>[Stack]<UL><LI>Max Depth = 88 + In Cycle
<LI>Call Chain = print_object &rArr;  print_value (Cycle)
</UL>
<BR>[Calls]<UL><LI><a href="#[13e]">&gt;&gt;</a>&nbsp;&nbsp;&nbsp;update_offset
<LI><a href="#[13d]">&gt;&gt;</a>&nbsp;&nbsp;&nbsp;print_value
<LI><a href="#[144]">&gt;&gt;</a>&nbsp;&nbsp;&nbsp;print_string_ptr
<LI><a href="#[13c]">&gt;&gt;</a>&nbsp;&nbsp;&nbsp;ensure
</UL>
<BR>[Called By]<UL><LI><a href="#[13d]">&gt;&gt;</a>&nbsp;&nbsp;&nbsp;print_value
</UL>

<P><STRONG><a name="[145]"></a>print_string</STRONG> (Thumb, 16 bytes, Stack size 16 bytes, cjson.o(i.print_string))
<BR><BR>[Stack]<UL><LI>Max Depth = 72<LI>Call Chain = print_string &rArr; print_string_ptr &rArr; ensure
</UL>
<BR>[Calls]<UL><LI><a href="#[144]">&gt;&gt;</a>&nbsp;&nbsp;&nbsp;print_string_ptr
</UL>
<BR>[Called By]<UL><LI><a href="#[13d]">&gt;&gt;</a>&nbsp;&nbsp;&nbsp;print_value
</UL>

<P><STRONG><a name="[144]"></a>print_string_ptr</STRONG> (Thumb, 360 bytes, Stack size 32 bytes, cjson.o(i.print_string_ptr))
<BR><BR>[Stack]<UL><LI>Max Depth = 56<LI>Call Chain = print_string_ptr &rArr; ensure
</UL>
<BR>[Calls]<UL><LI><a href="#[146]">&gt;&gt;</a>&nbsp;&nbsp;&nbsp;strcpy
<LI><a href="#[9a]">&gt;&gt;</a>&nbsp;&nbsp;&nbsp;__aeabi_memcpy
<LI><a href="#[13c]">&gt;&gt;</a>&nbsp;&nbsp;&nbsp;ensure
<LI><a href="#[87]">&gt;&gt;</a>&nbsp;&nbsp;&nbsp;__2sprintf
</UL>
<BR>[Called By]<UL><LI><a href="#[145]">&gt;&gt;</a>&nbsp;&nbsp;&nbsp;print_string
<LI><a href="#[143]">&gt;&gt;</a>&nbsp;&nbsp;&nbsp;print_object
</UL>

<P><STRONG><a name="[13d]"></a>print_value</STRONG> (Thumb, 236 bytes, Stack size 24 bytes, cjson.o(i.print_value))
<BR><BR>[Stack]<UL><LI>Max Depth = 368<LI>Call Chain = print_value &rArr; print_number &rArr; __0sscanf &rArr; __vfscanf_char &rArr; __vfscanf &rArr; _scanf_real
</UL>
<BR>[Calls]<UL><LI><a href="#[146]">&gt;&gt;</a>&nbsp;&nbsp;&nbsp;strcpy
<LI><a href="#[8e]">&gt;&gt;</a>&nbsp;&nbsp;&nbsp;strlen
<LI><a href="#[9a]">&gt;&gt;</a>&nbsp;&nbsp;&nbsp;__aeabi_memcpy
<LI><a href="#[145]">&gt;&gt;</a>&nbsp;&nbsp;&nbsp;print_string
<LI><a href="#[143]">&gt;&gt;</a>&nbsp;&nbsp;&nbsp;print_object
<LI><a href="#[140]">&gt;&gt;</a>&nbsp;&nbsp;&nbsp;print_number
<LI><a href="#[13f]">&gt;&gt;</a>&nbsp;&nbsp;&nbsp;print_array
<LI><a href="#[13c]">&gt;&gt;</a>&nbsp;&nbsp;&nbsp;ensure
</UL>
<BR>[Called By]<UL><LI><a href="#[143]">&gt;&gt;</a>&nbsp;&nbsp;&nbsp;print_object
<LI><a href="#[13f]">&gt;&gt;</a>&nbsp;&nbsp;&nbsp;print_array
<LI><a href="#[13a]">&gt;&gt;</a>&nbsp;&nbsp;&nbsp;print
</UL>

<P><STRONG><a name="[132]"></a>suffix_object</STRONG> (Thumb, 6 bytes, Stack size 0 bytes, cjson.o(i.suffix_object))
<BR><BR>[Called By]<UL><LI><a href="#[131]">&gt;&gt;</a>&nbsp;&nbsp;&nbsp;add_item_to_array
</UL>

<P><STRONG><a name="[13e]"></a>update_offset</STRONG> (Thumb, 36 bytes, Stack size 16 bytes, cjson.o(i.update_offset))
<BR><BR>[Stack]<UL><LI>Max Depth = 16<LI>Call Chain = update_offset
</UL>
<BR>[Calls]<UL><LI><a href="#[8e]">&gt;&gt;</a>&nbsp;&nbsp;&nbsp;strlen
</UL>
<BR>[Called By]<UL><LI><a href="#[143]">&gt;&gt;</a>&nbsp;&nbsp;&nbsp;print_object
<LI><a href="#[13f]">&gt;&gt;</a>&nbsp;&nbsp;&nbsp;print_array
<LI><a href="#[13a]">&gt;&gt;</a>&nbsp;&nbsp;&nbsp;print
</UL>

<P><STRONG><a name="[110]"></a>Int_DS3552_WriteRegister</STRONG> (Thumb, 96 bytes, Stack size 32 bytes, int_ds3553.o(i.Int_DS3552_WriteRegister))
<BR><BR>[Stack]<UL><LI>Max Depth = 160<LI>Call Chain = Int_DS3552_WriteRegister &rArr; Int_DS3553_ReadRegister &rArr; HAL_I2C_Mem_Read &rArr; I2C_RequestMemoryRead &rArr; I2C_WaitOnMasterAddressFlagUntilTimeout
</UL>
<BR>[Calls]<UL><LI><a href="#[cb]">&gt;&gt;</a>&nbsp;&nbsp;&nbsp;HAL_GPIO_WritePin
<LI><a href="#[d5]">&gt;&gt;</a>&nbsp;&nbsp;&nbsp;HAL_I2C_Mem_Write
<LI><a href="#[91]">&gt;&gt;</a>&nbsp;&nbsp;&nbsp;Com_Delay_Ms
<LI><a href="#[111]">&gt;&gt;</a>&nbsp;&nbsp;&nbsp;Int_DS3553_ReadRegister
</UL>
<BR>[Called By]<UL><LI><a href="#[7e]">&gt;&gt;</a>&nbsp;&nbsp;&nbsp;Int_DS3553_Init
</UL>

<P><STRONG><a name="[111]"></a>Int_DS3553_ReadRegister</STRONG> (Thumb, 74 bytes, Stack size 24 bytes, int_ds3553.o(i.Int_DS3553_ReadRegister))
<BR><BR>[Stack]<UL><LI>Max Depth = 128<LI>Call Chain = Int_DS3553_ReadRegister &rArr; HAL_I2C_Mem_Read &rArr; I2C_RequestMemoryRead &rArr; I2C_WaitOnMasterAddressFlagUntilTimeout
</UL>
<BR>[Calls]<UL><LI><a href="#[cb]">&gt;&gt;</a>&nbsp;&nbsp;&nbsp;HAL_GPIO_WritePin
<LI><a href="#[d1]">&gt;&gt;</a>&nbsp;&nbsp;&nbsp;HAL_I2C_Mem_Read
<LI><a href="#[91]">&gt;&gt;</a>&nbsp;&nbsp;&nbsp;Com_Delay_Ms
</UL>
<BR>[Called By]<UL><LI><a href="#[7e]">&gt;&gt;</a>&nbsp;&nbsp;&nbsp;Int_DS3553_Init
<LI><a href="#[8a]">&gt;&gt;</a>&nbsp;&nbsp;&nbsp;Int_DS3553_GetStepNumber
<LI><a href="#[110]">&gt;&gt;</a>&nbsp;&nbsp;&nbsp;Int_DS3552_WriteRegister
</UL>

<P><STRONG><a name="[113]"></a>Int_QS100_SendATCMD</STRONG> (Thumb, 208 bytes, Stack size 24 bytes, int_qs100.o(i.Int_QS100_SendATCMD))
<BR><BR>[Stack]<UL><LI>Max Depth = 96<LI>Call Chain = Int_QS100_SendATCMD &rArr; HAL_UART_Transmit &rArr; UART_WaitOnFlagUntilTimeout
</UL>
<BR>[Calls]<UL><LI><a href="#[cd]">&gt;&gt;</a>&nbsp;&nbsp;&nbsp;HAL_GetTick
<LI><a href="#[10b]">&gt;&gt;</a>&nbsp;&nbsp;&nbsp;HAL_UART_Transmit
<LI><a href="#[8e]">&gt;&gt;</a>&nbsp;&nbsp;&nbsp;strlen
<LI><a href="#[114]">&gt;&gt;</a>&nbsp;&nbsp;&nbsp;strstr
<LI><a href="#[4e]">&gt;&gt;</a>&nbsp;&nbsp;&nbsp;__aeabi_memclr
<LI><a href="#[9a]">&gt;&gt;</a>&nbsp;&nbsp;&nbsp;__aeabi_memcpy
</UL>
<BR>[Called By]<UL><LI><a href="#[118]">&gt;&gt;</a>&nbsp;&nbsp;&nbsp;Int_QS100_SendData2Server
<LI><a href="#[117]">&gt;&gt;</a>&nbsp;&nbsp;&nbsp;Int_QS100_IsNetWork
<LI><a href="#[80]">&gt;&gt;</a>&nbsp;&nbsp;&nbsp;Int_QS100_Init
<LI><a href="#[78]">&gt;&gt;</a>&nbsp;&nbsp;&nbsp;Int_QS100_EnterLowPower
<LI><a href="#[115]">&gt;&gt;</a>&nbsp;&nbsp;&nbsp;Int_QS100_CreateSocket
<LI><a href="#[112]">&gt;&gt;</a>&nbsp;&nbsp;&nbsp;Int_QS100_ConnectServer
</UL>

<P><STRONG><a name="[12c]"></a>_fp_digits</STRONG> (Thumb, 366 bytes, Stack size 64 bytes, printfa.o(i._fp_digits), UNUSED)
<BR><BR>[Calls]<UL><LI><a href="#[58]">&gt;&gt;</a>&nbsp;&nbsp;&nbsp;__aeabi_ddiv
<LI><a href="#[57]">&gt;&gt;</a>&nbsp;&nbsp;&nbsp;__aeabi_dmul
<LI><a href="#[12d]">&gt;&gt;</a>&nbsp;&nbsp;&nbsp;__aeabi_cdrcmple
<LI><a href="#[6f]">&gt;&gt;</a>&nbsp;&nbsp;&nbsp;__aeabi_uldivmod
<LI><a href="#[62]">&gt;&gt;</a>&nbsp;&nbsp;&nbsp;__aeabi_dadd
<LI><a href="#[72]">&gt;&gt;</a>&nbsp;&nbsp;&nbsp;__aeabi_d2ulz
</UL>
<BR>[Called By]<UL><LI><a href="#[129]">&gt;&gt;</a>&nbsp;&nbsp;&nbsp;_printf_core
</UL>

<P><STRONG><a name="[129]"></a>_printf_core</STRONG> (Thumb, 1704 bytes, Stack size 136 bytes, printfa.o(i._printf_core), UNUSED)
<BR><BR>[Calls]<UL><LI><a href="#[6f]">&gt;&gt;</a>&nbsp;&nbsp;&nbsp;__aeabi_uldivmod
<LI><a href="#[130]">&gt;&gt;</a>&nbsp;&nbsp;&nbsp;__aeabi_uidivmod
<LI><a href="#[12e]">&gt;&gt;</a>&nbsp;&nbsp;&nbsp;_printf_pre_padding
<LI><a href="#[12f]">&gt;&gt;</a>&nbsp;&nbsp;&nbsp;_printf_post_padding
<LI><a href="#[12c]">&gt;&gt;</a>&nbsp;&nbsp;&nbsp;_fp_digits
</UL>
<BR>[Called By]<UL><LI><a href="#[12a]">&gt;&gt;</a>&nbsp;&nbsp;&nbsp;__0sprintf
<LI><a href="#[128]">&gt;&gt;</a>&nbsp;&nbsp;&nbsp;__0printf
</UL>

<P><STRONG><a name="[12f]"></a>_printf_post_padding</STRONG> (Thumb, 36 bytes, Stack size 24 bytes, printfa.o(i._printf_post_padding), UNUSED)
<BR><BR>[Called By]<UL><LI><a href="#[129]">&gt;&gt;</a>&nbsp;&nbsp;&nbsp;_printf_core
</UL>

<P><STRONG><a name="[12e]"></a>_printf_pre_padding</STRONG> (Thumb, 46 bytes, Stack size 24 bytes, printfa.o(i._printf_pre_padding), UNUSED)
<BR><BR>[Called By]<UL><LI><a href="#[129]">&gt;&gt;</a>&nbsp;&nbsp;&nbsp;_printf_core
</UL>

<P><STRONG><a name="[3e]"></a>_sputc</STRONG> (Thumb, 10 bytes, Stack size 0 bytes, printfa.o(i._sputc))
<BR><BR>[Called By]<UL><LI><a href="#[12a]">&gt;&gt;</a>&nbsp;&nbsp;&nbsp;__0sprintf
</UL>
<BR>[Address Reference Count : 1]<UL><LI> printfa.o(i.__0sprintf)
</UL>
<P><STRONG><a name="[12b]"></a>internal_alloc</STRONG> (Thumb, 76 bytes, Stack size 24 bytes, mallocr.o(i.internal_alloc))
<BR><BR>[Stack]<UL><LI>Max Depth = 24<LI>Call Chain = internal_alloc
</UL>
<BR>[Calls]<UL><LI><a href="#[9a]">&gt;&gt;</a>&nbsp;&nbsp;&nbsp;__aeabi_memcpy
</UL>
<BR>[Called By]<UL><LI><a href="#[49]">&gt;&gt;</a>&nbsp;&nbsp;&nbsp;realloc
<LI><a href="#[47]">&gt;&gt;</a>&nbsp;&nbsp;&nbsp;malloc
</UL>

<P><STRONG><a name="[55]"></a>_fp_value</STRONG> (Thumb, 296 bytes, Stack size 64 bytes, scanf_fp.o(.text), UNUSED)
<BR><BR>[Calls]<UL><LI><a href="#[58]">&gt;&gt;</a>&nbsp;&nbsp;&nbsp;__aeabi_ddiv
<LI><a href="#[57]">&gt;&gt;</a>&nbsp;&nbsp;&nbsp;__aeabi_dmul
<LI><a href="#[56]">&gt;&gt;</a>&nbsp;&nbsp;&nbsp;__aeabi_ul2d
</UL>
<BR>[Called By]<UL><LI><a href="#[59]">&gt;&gt;</a>&nbsp;&nbsp;&nbsp;_scanf_really_real
</UL>

<P><STRONG><a name="[3a]"></a>_scanf_char_input</STRONG> (Thumb, 12 bytes, Stack size 0 bytes, scanf_char.o(.text))
<BR>[Address Reference Count : 1]<UL><LI> scanf_char.o(.text)
</UL><P>
<H3>
Undefined Global Symbols
</H3><HR></body></html>
