Component: ARM Compiler 5.06 update 7 (build 960) Tool: armlink [4d3601]

==============================================================================

Section Cross References

    startup_stm32f103xb.o(RESET) refers to startup_stm32f103xb.o(STACK) for __initial_sp
    startup_stm32f103xb.o(RESET) refers to startup_stm32f103xb.o(.text) for Reset_Handler
    startup_stm32f103xb.o(RESET) refers to stm32f1xx_it.o(i.NMI_Handler) for NMI_Handler
    startup_stm32f103xb.o(RESET) refers to stm32f1xx_it.o(i.HardFault_Handler) for HardFault_Handler
    startup_stm32f103xb.o(RESET) refers to stm32f1xx_it.o(i.MemManage_Handler) for MemManage_Handler
    startup_stm32f103xb.o(RESET) refers to stm32f1xx_it.o(i.BusFault_Handler) for BusFault_Handler
    startup_stm32f103xb.o(RESET) refers to stm32f1xx_it.o(i.UsageFault_Handler) for UsageFault_Handler
    startup_stm32f103xb.o(RESET) refers to stm32f1xx_it.o(i.SVC_Handler) for SVC_Handler
    startup_stm32f103xb.o(RESET) refers to stm32f1xx_it.o(i.DebugMon_Handler) for DebugMon_Handler
    startup_stm32f103xb.o(RESET) refers to stm32f1xx_it.o(i.PendSV_Handler) for PendSV_Handler
    startup_stm32f103xb.o(RESET) refers to stm32f1xx_it.o(i.SysTick_Handler) for SysTick_Handler
    startup_stm32f103xb.o(RESET) refers to stm32f1xx_it.o(i.USART2_IRQHandler) for USART2_IRQHandler
    startup_stm32f103xb.o(RESET) refers to stm32f1xx_it.o(i.USART3_IRQHandler) for USART3_IRQHandler
    startup_stm32f103xb.o(.text) refers to system_stm32f1xx.o(i.SystemInit) for SystemInit
    startup_stm32f103xb.o(.text) refers to entry.o(.ARM.Collect$$$$00000000) for __main
    main.o(i.SystemClock_Config) refers to memseta.o(.text) for __aeabi_memclr4
    main.o(i.SystemClock_Config) refers to stm32f1xx_hal_rcc.o(i.HAL_RCC_OscConfig) for HAL_RCC_OscConfig
    main.o(i.SystemClock_Config) refers to main.o(i.Error_Handler) for Error_Handler
    main.o(i.SystemClock_Config) refers to stm32f1xx_hal_rcc.o(i.HAL_RCC_ClockConfig) for HAL_RCC_ClockConfig
    main.o(i.SystemClock_Config) refers to stm32f1xx_hal_rcc_ex.o(i.HAL_RCCEx_PeriphCLKConfig) for HAL_RCCEx_PeriphCLKConfig
    main.o(i.main) refers to stm32f1xx_hal.o(i.HAL_Init) for HAL_Init
    main.o(i.main) refers to main.o(i.SystemClock_Config) for SystemClock_Config
    main.o(i.main) refers to gpio.o(i.MX_GPIO_Init) for MX_GPIO_Init
    main.o(i.main) refers to usart.o(i.MX_USART1_UART_Init) for MX_USART1_UART_Init
    main.o(i.main) refers to i2c.o(i.MX_I2C1_Init) for MX_I2C1_Init
    main.o(i.main) refers to usart.o(i.MX_USART2_UART_Init) for MX_USART2_UART_Init
    main.o(i.main) refers to usart.o(i.MX_USART3_UART_Init) for MX_USART3_UART_Init
    main.o(i.main) refers to rtc.o(i.MX_RTC_Init) for MX_RTC_Init
    main.o(i.main) refers to spi.o(i.MX_SPI1_Init) for MX_SPI1_Init
    main.o(i.main) refers to app_main.o(i.App_Main_LeaveLowPower) for App_Main_LeaveLowPower
    main.o(i.main) refers to app_main.o(i.App_Main_Init) for App_Main_Init
    main.o(i.main) refers to app_main.o(i.App_Main_UploadData2Server) for App_Main_UploadData2Server
    main.o(i.main) refers to com_delay.o(i.Com_Delay_Sec) for Com_Delay_Sec
    main.o(i.main) refers to app_main.o(i.App_Main_EnterLowPower) for App_Main_EnterLowPower
    gpio.o(i.MX_GPIO_Init) refers to stm32f1xx_hal_gpio.o(i.HAL_GPIO_WritePin) for HAL_GPIO_WritePin
    gpio.o(i.MX_GPIO_Init) refers to stm32f1xx_hal_gpio.o(i.HAL_GPIO_Init) for HAL_GPIO_Init
    i2c.o(i.HAL_I2C_MspDeInit) refers to stm32f1xx_hal_gpio.o(i.HAL_GPIO_DeInit) for HAL_GPIO_DeInit
    i2c.o(i.HAL_I2C_MspInit) refers to stm32f1xx_hal_gpio.o(i.HAL_GPIO_Init) for HAL_GPIO_Init
    i2c.o(i.MX_I2C1_Init) refers to stm32f1xx_hal_i2c.o(i.HAL_I2C_Init) for HAL_I2C_Init
    i2c.o(i.MX_I2C1_Init) refers to main.o(i.Error_Handler) for Error_Handler
    i2c.o(i.MX_I2C1_Init) refers to i2c.o(.bss) for hi2c1
    rtc.o(i.HAL_RTC_MspInit) refers to stm32f1xx_hal_pwr.o(i.HAL_PWR_EnableBkUpAccess) for HAL_PWR_EnableBkUpAccess
    rtc.o(i.MX_RTC_Init) refers to stm32f1xx_hal_rtc.o(i.HAL_RTC_Init) for HAL_RTC_Init
    rtc.o(i.MX_RTC_Init) refers to main.o(i.Error_Handler) for Error_Handler
    rtc.o(i.MX_RTC_Init) refers to rtc.o(.bss) for hrtc
    spi.o(i.HAL_SPI_MspDeInit) refers to stm32f1xx_hal_gpio.o(i.HAL_GPIO_DeInit) for HAL_GPIO_DeInit
    spi.o(i.HAL_SPI_MspInit) refers to stm32f1xx_hal_gpio.o(i.HAL_GPIO_Init) for HAL_GPIO_Init
    spi.o(i.MX_SPI1_Init) refers to stm32f1xx_hal_spi.o(i.HAL_SPI_Init) for HAL_SPI_Init
    spi.o(i.MX_SPI1_Init) refers to main.o(i.Error_Handler) for Error_Handler
    spi.o(i.MX_SPI1_Init) refers to spi.o(.bss) for hspi1
    usart.o(i.HAL_UART_MspDeInit) refers to stm32f1xx_hal_gpio.o(i.HAL_GPIO_DeInit) for HAL_GPIO_DeInit
    usart.o(i.HAL_UART_MspDeInit) refers to stm32f1xx_hal_cortex.o(i.HAL_NVIC_DisableIRQ) for HAL_NVIC_DisableIRQ
    usart.o(i.HAL_UART_MspInit) refers to stm32f1xx_hal_gpio.o(i.HAL_GPIO_Init) for HAL_GPIO_Init
[...]
    i._printf_core                           0x080064d8   Section        0  printfa.o(i._printf_core)
    _printf_core                             0x080064d9   Thumb Code  1704  printfa.o(i._printf_core)
    i._printf_post_padding                   0x08006b8c   Section        0  printfa.o(i._printf_post_padding)
    _printf_post_padding                     0x08006b8d   Thumb Code    36  printfa.o(i._printf_post_padding)
    i._printf_pre_padding                    0x08006bb0   Section        0  printfa.o(i._printf_pre_padding)
    _printf_pre_padding                      0x08006bb1   Thumb Code    46  printfa.o(i._printf_pre_padding)
    i._sputc                                 0x08006bde   Section        0  printfa.o(i._sputc)
    _sputc                                   0x08006bdf   Thumb Code    10  printfa.o(i._sputc)
    i.add_item_to_array                      0x08006be8   Section        0  cjson.o(i.add_item_to_array)
    add_item_to_array                        0x08006be9   Thumb Code    54  cjson.o(i.add_item_to_array)
    i.add_item_to_object                     0x08006c1e   Section        0  cjson.o(i.add_item_to_object)
    add_item_to_object                       0x08006c1f   Thumb Code   122  cjson.o(i.add_item_to_object)
    i.cJSON_AddNumberToObject                0x08006c98   Section        0  cjson.o(i.cJSON_AddNumberToObject)
    i.cJSON_AddStringToObject                0x08006cd4   Section        0  cjson.o(i.cJSON_AddStringToObject)
    i.cJSON_CreateNumber                     0x08006d08   Section        0  cjson.o(i.cJSON_CreateNumber)
    i.cJSON_CreateObject                     0x08006d6c   Section        0  cjson.o(i.cJSON_CreateObject)
    i.cJSON_CreateString                     0x08006d84   Section        0  cjson.o(i.cJSON_CreateString)
    i.cJSON_Delete                           0x08006db8   Section        0  cjson.o(i.cJSON_Delete)
    i.cJSON_New_Item                         0x08006e18   Section        0  cjson.o(i.cJSON_New_Item)
    cJSON_New_Item                           0x08006e19   Thumb Code    26  cjson.o(i.cJSON_New_Item)
    i.cJSON_PrintUnformatted                 0x08006e34   Section        0  cjson.o(i.cJSON_PrintUnformatted)
    i.cJSON_free                             0x08006e48   Section        0  cjson.o(i.cJSON_free)
    i.cJSON_strdup                           0x08006e5c   Section        0  cjson.o(i.cJSON_strdup)
    cJSON_strdup                             0x08006e5d   Thumb Code    56  cjson.o(i.cJSON_strdup)
    i.cast_away_const                        0x08006e94   Section        0  cjson.o(i.cast_away_const)
    cast_away_const                          0x08006e95   Thumb Code     2  cjson.o(i.cast_away_const)
    i.compare_double                         0x08006e98   Section        0  cjson.o(i.compare_double)
    compare_double                           0x08006e99   Thumb Code   112  cjson.o(i.compare_double)
    i.ensure                                 0x08006f0c   Section        0  cjson.o(i.ensure)
    ensure                                   0x08006f0d   Thumb Code   184  cjson.o(i.ensure)
    i.fputc                                  0x08006fc4   Section        0  com_debug.o(i.fputc)
    i.get_decimal_point                      0x08006fe0   Section        0  cjson.o(i.get_decimal_point)
    get_decimal_point                        0x08006fe1   Thumb Code     4  cjson.o(i.get_decimal_point)
    i.internal_alloc                         0x08006fe4   Section        0  mallocr.o(i.internal_alloc)
    internal_alloc                           0x08006fe5   Thumb Code    76  mallocr.o(i.internal_alloc)
    i.main                                   0x08007034   Section        0  main.o(i.main)
    i.print                                  0x08007072   Section        0  cjson.o(i.print)
    print                                    0x08007073   Thumb Code   188  cjson.o(i.print)
    i.print_array                            0x0800712e   Section        0  cjson.o(i.print_array)
    print_array                              0x0800712f   Thumb Code   178  cjson.o(i.print_array)
    i.print_number                           0x080071e0   Section        0  cjson.o(i.print_number)
    print_number                             0x080071e1   Thumb Code   304  cjson.o(i.print_number)
    i.print_object                           0x08007334   Section        0  cjson.o(i.print_object)
    print_object                             0x08007335   Thumb Code   372  cjson.o(i.print_object)
    i.print_string                           0x080074a8   Section        0  cjson.o(i.print_string)
    print_string                             0x080074a9   Thumb Code    16  cjson.o(i.print_string)
    i.print_string_ptr                       0x080074b8   Section        0  cjson.o(i.print_string_ptr)
    print_string_ptr                         0x080074b9   Thumb Code   360  cjson.o(i.print_string_ptr)
    i.print_value                            0x0800762c   Section        0  cjson.o(i.print_value)
    print_value                              0x0800762d   Thumb Code   236  cjson.o(i.print_value)
    i.realloc                                0x08007730   Section        0  mallocr.o(i.realloc)
    i.suffix_object                          0x0800779c   Section        0  cjson.o(i.suffix_object)
    suffix_object                            0x0800779d   Thumb Code     6  cjson.o(i.suffix_object)
    i.update_offset                          0x080077a2   Section        0  cjson.o(i.update_offset)
    update_offset                            0x080077a3   Thumb Code    36  cjson.o(i.update_offset)
    .constdata                               0x080077c6   Section       18  stm32f1xx_hal_rcc.o(.constdata)
    aPLLMULFactorTable                       0x080077c6   Data          16  stm32f1xx_hal_rcc.o(.constdata)
    aPredivFactorTable                       0x080077d6   Data           2  stm32f1xx_hal_rcc.o(.constdata)
    .constdata                               0x080077d8   Section       18  stm32f1xx_hal_rcc_ex.o(.constdata)
    aPLLMULFactorTable                       0x080077d8   Data          16  stm32f1xx_hal_rcc_ex.o(.constdata)
    aPredivFactorTable                       0x080077e8   Data           2  stm32f1xx_hal_rcc_ex.o(.constdata)
    .constdata                               0x080077ea   Section       24  system_stm32f1xx.o(.constdata)
    .constdata                               0x08007804   Section       32  ebyte_core.o(.constdata)
    .constdata                               0x08007824   Section      200  ebyte_e220x.o(.constdata)
    Ebyte_E220x_LoraBpsTable                 0x08007824   Data          24  ebyte_e220x.o(.constdata)
    .constdata                               0x080078ec   Section       12  mktime.o(.constdata)
    monlen                                   0x080078ec   Data          12  mktime.o(.constdata)
    .constdata                               0x080078f8   Section       12  localtime_i.o(.constdata)
    monlen                                   0x080078f8   Data          12  localtime_i.o(.constdata)
    .constdata                               0x08007904   Section       64  ctype_c.o(.constdata)
    .conststring                             0x08007944   Section       75  app_main.o(.conststring)
    .data                                    0x20000000   Section        9  stm32f1xx_hal.o(.data)
    .data                                    0x2000000c   Section        4  system_stm32f1xx.o(.data)
    .data                                    0x20000010   Section       20  cjson.o(.data)
    global_error                             0x20000010   Data           8  cjson.o(.data)
    global_hooks                             0x20000018   Data          12  cjson.o(.data)
    .data                                    0x20000024   Section        2  int_at6558r.o(.data)
    .data                                    0x20000026   Section        4  int_qs100.o(.data)
    .data                                    0x2000002a   Section        2  app_main.o(.data)
    .data                                    0x2000002c   Section        8  ebyte_e220x.o(.data)
    OperatingMode                            0x2000002c   Data           1  ebyte_e220x.o(.data)
    PacketType                               0x2000002d   Data           1  ebyte_e220x.o(.data)
    FrequencyError                           0x20000030   Data           4  ebyte_e220x.o(.data)
    .data                                    0x20000034   Section        4  stdout.o(.data)
    .data                                    0x20000038   Section        4  mvars.o(.data)
    .data                                    0x2000003c   Section        4  mvars.o(.data)
    .bss                                     0x20000040   Section       84  i2c.o(.bss)
    .bss                                     0x20000094   Section       20  rtc.o(.bss)
    .bss                                     0x200000a8   Section       88  spi.o(.bss)
    .bss                                     0x20000100   Section      216  usart.o(.bss)
    .bss                                     0x200001d8   Section      556  com_status.o(.bss)
    .bss                                     0x20000404   Section     2048  int_at6558r.o(.bss)
    .bss                                     0x20000c04   Section      256  int_qs100.o(.bss)
    .bss                                     0x20000d04   Section     2048  app_main.o(.bss)
    .bss                                     0x20001504   Section      275  ebyte_e220x.o(.bss)
    PacketStatus                             0x20001504   Data          20  ebyte_e220x.o(.bss)
    RecvPacketBuffer                         0x20001518   Data         255  ebyte_e220x.o(.bss)
    .bss                                     0x20001618   Section       44  localtime_w.o(.bss)
    _tms                                     0x20001618   Data          44  localtime_w.o(.bss)
    HEAP                                     0x20001648   Section     1536  startup_stm32f103xb.o(HEAP)
    STACK                                    0x20001c48   Section     1024  startup_stm32f103xb.o(STACK)

    Global Symbols

    Symbol Name                              Value     Ov Type        Size  Object(Section)

    BuildAttributes$$THM_ISAv4$P$D$K$B$S$PE$A:L22UL41UL21$X:L11$S22US41US21$IEEE1$IW$USESV6$~STKCKD$USESV7$~SHL$OTIME$ROPI$IEEEJ$EBA8$MICROLIB$REQ8$PRES8$EABIv2 0x00000000   Number         0  anon$$obj.o ABSOLUTE
    __ARM_use_no_argv                        0x00000000   Number         0  main.o ABSOLUTE
    _printf_a                                0x00000000   Number         0  stubs.o ABSOLUTE
    _printf_c                                0x00000000   Number         0  stubs.o ABSOLUTE
    _printf_charcount                        0x00000000   Number         0  stubs.o ABSOLUTE
    _printf_d                                0x00000000   Number         0  stubs.o ABSOLUTE
    _printf_e                                0x00000000   Number         0  stubs.o ABSOLUTE
    _printf_f                                0x00000000   Number         0  stubs.o ABSOLUTE
    _printf_flags                            0x00000000   Number         0  stubs.o ABSOLUTE
    _printf_fp_dec                           0x00000000   Number         0  stubs.o ABSOLUTE
    _printf_fp_hex                           0x00000000   Number         0  stubs.o ABSOLUTE
    _printf_g                                0x00000000   Number         0  stubs.o ABSOLUTE
    _printf_i                                0x00000000   Number         0  stubs.o ABSOLUTE
    _printf_int_dec                          0x00000000   Number         0  stubs.o ABSOLUTE
    _printf_l                                0x00000000   Number         0  stubs.o ABSOLUTE
    _printf_lc                               0x00000000   Number         0  stubs.o ABSOLUTE
    _printf_ll                               0x00000000   Number         0  stubs.o ABSOLUTE
    _printf_lld                              0x00000000   Number         0  stubs.o ABSOLUTE
    _printf_lli                              0x00000000   Number         0  stubs.o ABSOLUTE
    _printf_llo                              0x00000000   Number         0  stubs.o ABSOLUTE
    _printf_llu                              0x00000000   Number         0  stubs.o ABSOLUTE
    _printf_llx                              0x00000000   Number         0  stubs.o ABSOLUTE
    _printf_longlong_dec                     0x00000000   Number         0  stubs.o ABSOLUTE
    _printf_longlong_hex                     0x00000000   Number         0  stubs.o ABSOLUTE
    _printf_longlong_oct                     0x00000000   Number         0  stubs.o ABSOLUTE
    _printf_ls                               0x00000000   Number         0  stubs.o ABSOLUTE
    _printf_mbtowc                           0x00000000   Number         0  stubs.o ABSOLUTE
    _printf_n                                0x00000000   Number         0  stubs.o ABSOLUTE
    _printf_o                                0x00000000   Number         0  stubs.o ABSOLUTE
    _printf_p                                0x00000000   Number         0  stubs.o ABSOLUTE
    _printf_percent                          0x00000000   Number         0  stubs.o ABSOLUTE
    _printf_pre_padding                      0x00000000   Number         0  stubs.o ABSOLUTE
    _printf_return_value                     0x00000000   Number         0  stubs.o ABSOLUTE
    _printf_s                                0x00000000   Number         0  stubs.o ABSOLUTE
    _printf_sizespec                         0x00000000   Number         0  stubs.o ABSOLUTE
    _printf_str                              0x00000000   Number         0  stubs.o ABSOLUTE
    _printf_truncate_signed                  0x00000000   Number         0  stubs.o ABSOLUTE
    _printf_truncate_unsigned                0x00000000   Number         0  stubs.o ABSOLUTE
    _printf_u                                0x00000000   Number         0  stubs.o ABSOLUTE
    _printf_wc                               0x00000000   Number         0  stubs.o ABSOLUTE
    _printf_wctomb                           0x00000000   Number         0  stubs.o ABSOLUTE
    _printf_widthprec                        0x00000000   Number         0  stubs.o ABSOLUTE
    _printf_x                                0x00000000   Number         0  stubs.o ABSOLUTE
    __arm_fini_                               - Undefined Weak Reference
    __cpp_initialize__aeabi_                  - Undefined Weak Reference
    __cxa_finalize                            - Undefined Weak Reference
    __decompress                              - Undefined Weak Reference
    _clock_init                               - Undefined Weak Reference
    _microlib_exit                            - Undefined Weak Reference
    _scanf_longlong                           - Undefined Weak Reference
    __Vectors_Size                           0x000000ec   Number         0  startup_stm32f103xb.o ABSOLUTE
    __Vectors                                0x08000000   Data           4  startup_stm32f103xb.o(RESET)
    __Vectors_End                            0x080000ec   Data           0  startup_stm32f103xb.o(RESET)
    __main                                   0x080000ed   Thumb Code     0  entry.o(.ARM.Collect$$$$00000000)
    _main_stk                                0x080000ed   Thumb Code     0  entry2.o(.ARM.Collect$$$$00000001)
    _main_scatterload                        0x080000f1   Thumb Code     0  entry5.o(.ARM.Collect$$$$00000004)
    __main_after_scatterload                 0x080000f5   Thumb Code     0  entry5.o(.ARM.Collect$$$$00000004)
    _main_clock                              0x080000f5   Thumb Code     0  entry7b.o(.ARM.Collect$$$$00000008)
    _main_cpp_init                           0x080000f5   Thumb Code     0  entry8b.o(.ARM.Collect$$$$0000000A)
    _main_init                               0x080000f5   Thumb Code     0  entry9a.o(.ARM.Collect$$$$0000000B)
    __rt_lib_shutdown_fini                   0x080000fd   Thumb Code     0  entry12b.o(.ARM.Collect$$$$0000000E)
    __rt_final_cpp                           0x08000101   Thumb Code     0  entry10a.o(.ARM.Collect$$$$0000000F)
    __rt_final_exit                          0x08000101   Thumb Code     0  entry11a.o(.ARM.Collect$$$$00000011)
    Reset_Handler                            0x08000105   Thumb Code     8  startup_stm32f103xb.o(.text)
    ADC1_2_IRQHandler                        0x0800011f   Thumb Code     0  startup_stm32f103xb.o(.text)
    CAN1_RX1_IRQHandler                      0x0800011f   Thumb Code     0  startup_stm32f103xb.o(.text)
    CAN1_SCE_IRQHandler                      0x0800011f   Thumb Code     0  startup_stm32f103xb.o(.text)
    DMA1_Channel1_IRQHandler                 0x0800011f   Thumb Code     0  startup_stm32f103xb.o(.text)
    DMA1_Channel2_IRQHandler                 0x0800011f   Thumb Code     0  startup_stm32f103xb.o(.text)
    DMA1_Channel3_IRQHandler                 0x0800011f   Thumb Code     0  startup_stm32f103xb.o(.text)
    DMA1_Channel4_IRQHandler                 0x0800011f   Thumb Code     0  startup_stm32f103xb.o(.text)
    DMA1_Channel5_IRQHandler                 0x0800011f   Thumb Code     0  startup_stm32f103xb.o(.text)
    DMA1_Channel6_IRQHandler                 0x0800011f   Thumb Code     0  startup_stm32f103xb.o(.text)
    DMA1_Channel7_IRQHandler                 0x0800011f   Thumb Code     0  startup_stm32f103xb.o(.text)
    EXTI0_IRQHandler                         0x0800011f   Thumb Code     0  startup_stm32f103xb.o(.text)
    EXTI15_10_IRQHandler                     0x0800011f   Thumb Code     0  startup_stm32f103xb.o(.text)
    EXTI1_IRQHandler                         0x0800011f   Thumb Code     0  startup_stm32f103xb.o(.text)
    EXTI2_IRQHandler                         0x0800011f   Thumb Code     0  startup_stm32f103xb.o(.text)
    EXTI3_IRQHandler                         0x0800011f   Thumb Code     0  startup_stm32f103xb.o(.text)
    EXTI4_IRQHandler                         0x0800011f   Thumb Code     0  startup_stm32f103xb.o(.text)
    EXTI9_5_IRQHandler                       0x0800011f   Thumb Code     0  startup_stm32f103xb.o(.text)
    FLASH_IRQHandler                         0x0800011f   Thumb Code     0  startup_stm32f103xb.o(.text)
    I2C1_ER_IRQHandler                       0x0800011f   Thumb Code     0  startup_stm32f103xb.o(.text)
    I2C1_EV_IRQHandler                       0x0800011f   Thumb Code     0  startup_stm32f103xb.o(.text)
    I2C2_ER_IRQHandler                       0x0800011f   Thumb Code     0  startup_stm32f103xb.o(.text)
    I2C2_EV_IRQHandler                       0x0800011f   Thumb Code     0  startup_stm32f103xb.o(.text)
    PVD_IRQHandler                           0x0800011f   Thumb Code     0  startup_stm32f103xb.o(.text)
    RCC_IRQHandler                           0x0800011f   Thumb Code     0  startup_stm32f103xb.o(.text)
    RTC_Alarm_IRQHandler                     0x0800011f   Thumb Code     0  startup_stm32f103xb.o(.text)
    RTC_IRQHandler                           0x0800011f   Thumb Code     0  startup_stm32f103xb.o(.text)
    SPI1_IRQHandler                          0x0800011f   Thumb Code     0  startup_stm32f103xb.o(.text)
    SPI2_IRQHandler                          0x0800011f   Thumb Code     0  startup_stm32f103xb.o(.text)
    TAMPER_IRQHandler                        0x0800011f   Thumb Code     0  startup_stm32f103xb.o(.text)
    TIM1_BRK_IRQHandler                      0x0800011f   Thumb Code     0  startup_stm32f103xb.o(.text)
    TIM1_CC_IRQHandler                       0x0800011f   Thumb Code     0  startup_stm32f103xb.o(.text)
    TIM1_TRG_COM_IRQHandler                  0x0800011f   Thumb Code     0  startup_stm32f103xb.o(.text)
    TIM1_UP_IRQHandler                       0x0800011f   Thumb Code     0  startup_stm32f103xb.o(.text)
    TIM2_IRQHandler                          0x0800011f   Thumb Code     0  startup_stm32f103xb.o(.text)
    TIM3_IRQHandler                          0x0800011f   Thumb Code     0  startup_stm32f103xb.o(.text)
    TIM4_IRQHandler                          0x0800011f   Thumb Code     0  startup_stm32f103xb.o(.text)
    USART1_IRQHandler                        0x0800011f   Thumb Code     0  startup_stm32f103xb.o(.text)
    USBWakeUp_IRQHandler                     0x0800011f   Thumb Code     0  startup_stm32f103xb.o(.text)
    USB_HP_CAN1_TX_IRQHandler                0x0800011f   Thumb Code     0  startup_stm32f103xb.o(.text)
    USB_LP_CAN1_RX0_IRQHandler               0x0800011f   Thumb Code     0  startup_stm32f103xb.o(.text)
    WWDG_IRQHandler                          0x0800011f   Thumb Code     0  startup_stm32f103xb.o(.text)
    __aeabi_llsr                             0x08000129   Thumb Code    32  llushr.o(.text)
    _ll_ushift_r                             0x08000129   Thumb Code     0  llushr.o(.text)
    mktime                                   0x08000149   Thumb Code   150  mktime.o(.text)
    __aeabi_memcpy                           0x080001f1   Thumb Code    36  memcpya.o(.text)
    __aeabi_memcpy4                          0x080001f1   Thumb Code     0  memcpya.o(.text)
    __aeabi_memcpy8                          0x080001f1   Thumb Code     0  memcpya.o(.text)
    __aeabi_memset                           0x08000215   Thumb Code    14  memseta.o(.text)
    __aeabi_memset4                          0x08000215   Thumb Code     0  memseta.o(.text)
    __aeabi_memset8                          0x08000215   Thumb Code     0  memseta.o(.text)
    __aeabi_memclr                           0x08000223   Thumb Code     4  memseta.o(.text)
    __aeabi_memclr4                          0x08000223   Thumb Code     0  memseta.o(.text)
    __aeabi_memclr8                          0x08000223   Thumb Code     0  memseta.o(.text)
    _memset$wrapper                          0x08000227   Thumb Code    18  memseta.o(.text)
    strstr                                   0x08000239   Thumb Code    36  strstr.o(.text)
    strlen                                   0x0800025d   Thumb Code    14  strlen.o(.text)
    strcpy                                   0x0800026b   Thumb Code    18  strcpy.o(.text)
    strrchr                                  0x0800027d   Thumb Code    22  strrchr.o(.text)
    __0sscanf                                0x08000295   Thumb Code    48  __0sscanf.o(.text)
    _scanf_int                               0x080002cd   Thumb Code   332  _scanf_int.o(.text)
    _scanf_string                            0x08000419   Thumb Code   224  _scanf_str.o(.text)
    _scanf_real                              0x08000621   Thumb Code     0  scanf_fp.o(.text)
    _scanf_really_real                       0x08000621   Thumb Code   556  scanf_fp.o(.text)
    __aeabi_fadd                             0x08000859   Thumb Code   164  fadd.o(.text)
    __aeabi_fsub                             0x080008fd   Thumb Code     6  fadd.o(.text)
    __aeabi_frsub                            0x08000903   Thumb Code     6  fadd.o(.text)
    __aeabi_fdiv                             0x08000909   Thumb Code   124  fdiv.o(.text)
    __aeabi_dadd                             0x08000985   Thumb Code   322  dadd.o(.text)
    __aeabi_dsub                             0x08000ac7   Thumb Code     6  dadd.o(.text)
    __aeabi_drsub                            0x08000acd   Thumb Code     6  dadd.o(.text)
    __aeabi_dmul                             0x08000ad3   Thumb Code   228  dmul.o(.text)
    __aeabi_ddiv                             0x08000bb7   Thumb Code   222  ddiv.o(.text)
    __aeabi_i2f                              0x08000c95   Thumb Code    18  fflti.o(.text)
    __aeabi_i2d                              0x08000ca7   Thumb Code    34  dflti.o(.text)
    __aeabi_ui2d                             0x08000cc9   Thumb Code    26  dfltui.o(.text)
    __aeabi_f2iz                             0x08000ce3   Thumb Code    50  ffixi.o(.text)
    __aeabi_d2iz                             0x08000d15   Thumb Code    62  dfixi.o(.text)
    __aeabi_d2uiz                            0x08000d53   Thumb Code    50  dfixui.o(.text)
    __aeabi_f2d                              0x08000d85   Thumb Code    38  f2d.o(.text)
    __aeabi_cdcmpeq                          0x08000dad   Thumb Code     0  cdcmple.o(.text)
    __aeabi_cdcmple                          0x08000dad   Thumb Code    48  cdcmple.o(.text)
    __aeabi_cdrcmple                         0x08000ddd   Thumb Code    48  cdrcmple.o(.text)
    __aeabi_uidiv                            0x08000e0d   Thumb Code     0  uidiv.o(.text)
    __aeabi_uidivmod                         0x08000e0d   Thumb Code    44  uidiv.o(.text)
    __aeabi_uldivmod                         0x08000e39   Thumb Code    98  uldiv.o(.text)
    __aeabi_llsl                             0x08000e9b   Thumb Code    30  llshl.o(.text)
    _ll_shift_l                              0x08000e9b   Thumb Code     0  llshl.o(.text)
    __aeabi_lasr                             0x08000eb9   Thumb Code    36  llsshr.o(.text)
    _ll_sshift_r                             0x08000eb9   Thumb Code     0  llsshr.o(.text)
    localtime                                0x08000edd   Thumb Code     6  localtime_w.o(.text)
    _localtime                               0x08000ee9   Thumb Code   134  localtime_i.o(.text)
    _chval                                   0x08000f75   Thumb Code    28  _chval.o(.text)
    __vfscanf_char                           0x08000f9d   Thumb Code    20  scanf_char.o(.text)
    _sgetc                                   0x08000fb9   Thumb Code    30  _sgetc.o(.text)
    _sbackspace                              0x08000fd7   Thumb Code    34  _sgetc.o(.text)
    __I$use$fp                               0x08000ff9   Thumb Code     0  iusefp.o(.text)
    _float_round                             0x08000ff9   Thumb Code    18  fepilogue.o(.text)
    _float_epilogue                          0x0800100b   Thumb Code    92  fepilogue.o(.text)
    _double_round                            0x08001067   Thumb Code    30  depilogue.o(.text)
    _double_epilogue                         0x08001085   Thumb Code   156  depilogue.o(.text)
    __aeabi_ul2d                             0x08001121   Thumb Code    24  dfltul.o(.text)
    __aeabi_d2ulz                            0x08001139   Thumb Code    48  dfixul.o(.text)
    __aeabi_d2f                              0x08001169   Thumb Code    56  d2f.o(.text)
    __scatterload                            0x080011a1   Thumb Code    28  init.o(.text)
    __scatterload_rt2                        0x080011a1   Thumb Code     0  init.o(.text)
    isspace                                  0x080011c5   Thumb Code    10  isspace_c.o(.text)
    __vfscanf                                0x080011d1   Thumb Code   810  _scanf.o(.text)
    __ctype_lookup                           0x08001501   Thumb Code    34  ctype_c.o(.text)
    App_Main_EnterLowPower                   0x08001529   Thumb Code   110  app_main.o(i.App_Main_EnterLowPower)
    App_Main_Init                            0x080015a1   Thumb Code    20  app_main.o(i.App_Main_Init)
    App_Main_LeaveLowPower                   0x080015b5   Thumb Code    12  app_main.o(i.App_Main_LeaveLowPower)
    App_Main_UploadData2Server               0x080015c1   Thumb Code   500  app_main.o(i.App_Main_UploadData2Server)
    BusFault_Handler                         0x08001885   Thumb Code     4  stm32f1xx_it.o(i.BusFault_Handler)
    Com_Delay_Ms                             0x08001889   Thumb Code    12  com_delay.o(i.Com_Delay_Ms)
    Com_Delay_Sec                            0x08001895   Thumb Code    26  com_delay.o(i.Com_Delay_Sec)
    Com_Util_UploadData2JsonString           0x080018b1   Thumb Code   190  com_status.o(i.Com_Util_UploadData2JsonString)
    Com_Util_utc2beijing                     0x080019a5   Thumb Code   116  com_status.o(i.Com_Util_utc2beijing)
    DebugMon_Handler                         0x08001a4d   Thumb Code     2  stm32f1xx_it.o(i.DebugMon_Handler)
    Ebyte_E220x_Calibrate                    0x08001a4f   Thumb Code    14  ebyte_e220x.o(i.Ebyte_E220x_Calibrate)
    Ebyte_E220x_CalibrateImage               0x08001a5d   Thumb Code   114  ebyte_e220x.o(i.Ebyte_E220x_CalibrateImage)
    Ebyte_E220x_CheckReady                   0x08001ae5   Thumb Code    26  ebyte_e220x.o(i.Ebyte_E220x_CheckReady)
    Ebyte_E220x_ClearIrqStatus               0x08001aff   Thumb Code    28  ebyte_e220x.o(i.Ebyte_E220x_ClearIrqStatus)
    Ebyte_E220x_GetDriverVersion             0x08001b1b   Thumb Code     4  ebyte_e220x.o(i.Ebyte_E220x_GetDriverVersion)
    Ebyte_E220x_GetIrqStatus                 0x08001b1f   Thumb Code    26  ebyte_e220x.o(i.Ebyte_E220x_GetIrqStatus)
    Ebyte_E220x_GetLoraPacketStatus          0x08001b39   Thumb Code    78  ebyte_e220x.o(i.Ebyte_E220x_GetLoraPacketStatus)
    Ebyte_E220x_GetName                      0x08001b8d   Thumb Code     4  ebyte_e220x.o(i.Ebyte_E220x_GetName)
    Ebyte_E220x_GetOperatingMode             0x08001b95   Thumb Code     6  ebyte_e220x.o(i.Ebyte_E220x_GetOperatingMode)
    Ebyte_E220x_GetPayload                   0x08001ba1   Thumb Code    46  ebyte_e220x.o(i.Ebyte_E220x_GetPayload)
    Ebyte_E220x_GetRxBufferStatus            0x08001bcf   Thumb Code    58  ebyte_e220x.o(i.Ebyte_E220x_GetRxBufferStatus)
    Ebyte_E220x_Init                         0x08001c09   Thumb Code   126  ebyte_e220x.o(i.Ebyte_E220x_Init)
    Ebyte_E220x_IntOrPollTask                0x08001c95   Thumb Code    78  ebyte_e220x.o(i.Ebyte_E220x_IntOrPollTask)
    Ebyte_E220x_InterruptTrigger             0x08001ced   Thumb Code     2  ebyte_e220x.o(i.Ebyte_E220x_InterruptTrigger)
    Ebyte_E220x_ReadBuffer                   0x08001cef   Thumb Code    72  ebyte_e220x.o(i.Ebyte_E220x_ReadBuffer)
    Ebyte_E220x_ReadCommand                  0x08001d37   Thumb Code    66  ebyte_e220x.o(i.Ebyte_E220x_ReadCommand)
    Ebyte_E220x_ReadRegister                 0x08001d79   Thumb Code    20  ebyte_e220x.o(i.Ebyte_E220x_ReadRegister)
    Ebyte_E220x_ReadRegisters                0x08001d8d   Thumb Code    78  ebyte_e220x.o(i.Ebyte_E220x_ReadRegisters)
    Ebyte_E220x_Reset                        0x08001ddb   Thumb Code    34  ebyte_e220x.o(i.Ebyte_E220x_Reset)
    Ebyte_E220x_RfIoEnterRxMode              0x08001dfd   Thumb Code    16  ebyte_e220x.o(i.Ebyte_E220x_RfIoEnterRxMode)
    Ebyte_E220x_RfIoEnterTxMode              0x08001e0d   Thumb Code    16  ebyte_e220x.o(i.Ebyte_E220x_RfIoEnterTxMode)
    Ebyte_E220x_SendPayload                  0x08001e1d   Thumb Code    66  ebyte_e220x.o(i.Ebyte_E220x_SendPayload)
    Ebyte_E220x_SetBufferBaseAddress         0x08001e5f   Thumb Code    26  ebyte_e220x.o(i.Ebyte_E220x_SetBufferBaseAddress)
    Ebyte_E220x_SetDio2AsRfSwitchCtrl        0x08001e79   Thumb Code    14  ebyte_e220x.o(i.Ebyte_E220x_SetDio2AsRfSwitchCtrl)
    Ebyte_E220x_SetDioIrqParams              0x08001e87   Thumb Code    74  ebyte_e220x.o(i.Ebyte_E220x_SetDioIrqParams)
    Ebyte_E220x_SetLoraPacketParams          0x08001ed1   Thumb Code    58  ebyte_e220x.o(i.Ebyte_E220x_SetLoraPacketParams)
    Ebyte_E220x_SetLoraSyncWord              0x08001f0b   Thumb Code    26  ebyte_e220x.o(i.Ebyte_E220x_SetLoraSyncWord)
    Ebyte_E220x_SetModulationLoraParams      0x08001f25   Thumb Code    44  ebyte_e220x.o(i.Ebyte_E220x_SetModulationLoraParams)
    Ebyte_E220x_SetPaConfig                  0x08001f51   Thumb Code    38  ebyte_e220x.o(i.Ebyte_E220x_SetPaConfig)
    Ebyte_E220x_SetPacketType                0x08001f79   Thumb Code    22  ebyte_e220x.o(i.Ebyte_E220x_SetPacketType)
    Ebyte_E220x_SetPayload                   0x08001f95   Thumb Code    18  ebyte_e220x.o(i.Ebyte_E220x_SetPayload)
    Ebyte_E220x_SetRegulatorMode             0x08001fa7   Thumb Code    14  ebyte_e220x.o(i.Ebyte_E220x_SetRegulatorMode)
    Ebyte_E220x_SetRfFrequency               0x08001fb5   Thumb Code   112  ebyte_e220x.o(i.Ebyte_E220x_SetRfFrequency)
    Ebyte_E220x_SetRx                        0x08002029   Thumb Code    98  ebyte_e220x.o(i.Ebyte_E220x_SetRx)
    Ebyte_E220x_SetSleep                     0x08002091   Thumb Code    32  ebyte_e220x.o(i.Ebyte_E220x_SetSleep)
    Ebyte_E220x_SetStandby                   0x080020b5   Thumb Code    34  ebyte_e220x.o(i.Ebyte_E220x_SetStandby)
    Ebyte_E220x_SetTx                        0x080020dd   Thumb Code    92  ebyte_e220x.o(i.Ebyte_E220x_SetTx)
    Ebyte_E220x_SetTxPaParams                0x0800213d   Thumb Code    68  ebyte_e220x.o(i.Ebyte_E220x_SetTxPaParams)
    Ebyte_E220x_WaitOnBusy                   0x08002181   Thumb Code    14  ebyte_e220x.o(i.Ebyte_E220x_WaitOnBusy)
    Ebyte_E220x_Wakeup                       0x0800218f   Thumb Code    32  ebyte_e220x.o(i.Ebyte_E220x_Wakeup)
    Ebyte_E220x_WriteBuffer                  0x080021af   Thumb Code    64  ebyte_e220x.o(i.Ebyte_E220x_WriteBuffer)
    Ebyte_E220x_WriteCommand                 0x080021ef   Thumb Code    62  ebyte_e220x.o(i.Ebyte_E220x_WriteCommand)
    Ebyte_E220x_WriteRegister                0x0800222d   Thumb Code    16  ebyte_e220x.o(i.Ebyte_E220x_WriteRegister)
    Ebyte_E220x_WriteRegisters               0x0800223d   Thumb Code    70  ebyte_e220x.o(i.Ebyte_E220x_WriteRegisters)
    Ebyte_Port_BusyIoRead                    0x08002285   Thumb Code    18  ebyte_port.o(i.Ebyte_Port_BusyIoRead)
    Ebyte_Port_DelayMs                       0x0800229d   Thumb Code    12  ebyte_port.o(i.Ebyte_Port_DelayMs)
    Ebyte_Port_ReceiveCallback               0x080022a9   Thumb Code   112  ebyte_callback.o(i.Ebyte_Port_ReceiveCallback)
    Ebyte_Port_RstIoControl                  0x08002381   Thumb Code    32  ebyte_port.o(i.Ebyte_Port_RstIoControl)
    Ebyte_Port_RxenIoControl                 0x080023a5   Thumb Code    34  ebyte_port.o(i.Ebyte_Port_RxenIoControl)
    Ebyte_Port_SpiCsIoControl                0x080023cd   Thumb Code    32  ebyte_port.o(i.Ebyte_Port_SpiCsIoControl)
    Ebyte_Port_SpiTransmitAndReceivce        0x080023f1   Thumb Code    32  ebyte_port.o(i.Ebyte_Port_SpiTransmitAndReceivce)
    Ebyte_Port_TransmitCallback              0x08002415   Thumb Code   102  ebyte_callback.o(i.Ebyte_Port_TransmitCallback)
    Ebyte_Port_TxenIoControl                 0x080024d9   Thumb Code    32  ebyte_port.o(i.Ebyte_Port_TxenIoControl)
    Error_Handler                            0x080024fd   Thumb Code     6  main.o(i.Error_Handler)
    HAL_DMA_Abort                            0x08002503   Thumb Code    86  stm32f1xx_hal_dma.o(i.HAL_DMA_Abort)
    HAL_DMA_Abort_IT                         0x08002559   Thumb Code   172  stm32f1xx_hal_dma.o(i.HAL_DMA_Abort_IT)
    HAL_Delay                                0x08002609   Thumb Code    36  stm32f1xx_hal.o(i.HAL_Delay)
    HAL_GPIO_Init                            0x08002631   Thumb Code   766  stm32f1xx_hal_gpio.o(i.HAL_GPIO_Init)
    HAL_GPIO_ReadPin                         0x08002951   Thumb Code    16  stm32f1xx_hal_gpio.o(i.HAL_GPIO_ReadPin)
    HAL_GPIO_WritePin                        0x08002961   Thumb Code    12  stm32f1xx_hal_gpio.o(i.HAL_GPIO_WritePin)
    HAL_GetTick                              0x0800296d   Thumb Code     6  stm32f1xx_hal.o(i.HAL_GetTick)
    HAL_I2C_Init                             0x08002979   Thumb Code   446  stm32f1xx_hal_i2c.o(i.HAL_I2C_Init)
    HAL_I2C_Mem_Read                         0x08002b49   Thumb Code   868  stm32f1xx_hal_i2c.o(i.HAL_I2C_Mem_Read)
    HAL_I2C_Mem_Write                        0x08002ebd   Thumb Code   348  stm32f1xx_hal_i2c.o(i.HAL_I2C_Mem_Write)
    HAL_I2C_MspInit                          0x08003021   Thumb Code   104  i2c.o(i.HAL_I2C_MspInit)
    HAL_IncTick                              0x08003095   Thumb Code    16  stm32f1xx_hal.o(i.HAL_IncTick)
    HAL_Init                                 0x080030ad   Thumb Code    34  stm32f1xx_hal.o(i.HAL_Init)
    HAL_InitTick                             0x080030d5   Thumb Code    64  stm32f1xx_hal.o(i.HAL_InitTick)
    HAL_MspInit                              0x08003121   Thumb Code    76  stm32f1xx_hal_msp.o(i.HAL_MspInit)
    HAL_NVIC_EnableIRQ                       0x08003175   Thumb Code    32  stm32f1xx_hal_cortex.o(i.HAL_NVIC_EnableIRQ)
    HAL_NVIC_SetPriority                     0x08003195   Thumb Code   124  stm32f1xx_hal_cortex.o(i.HAL_NVIC_SetPriority)
    HAL_NVIC_SetPriorityGrouping             0x08003211   Thumb Code    32  stm32f1xx_hal_cortex.o(i.HAL_NVIC_SetPriorityGrouping)
    HAL_PWR_EnableBkUpAccess                 0x08003239   Thumb Code     8  stm32f1xx_hal_pwr.o(i.HAL_PWR_EnableBkUpAccess)
    HAL_PWR_EnterSTANDBYMode                 0x08003245   Thumb Code    32  stm32f1xx_hal_pwr.o(i.HAL_PWR_EnterSTANDBYMode)
    HAL_RCCEx_GetPeriphCLKFreq               0x0800326d   Thumb Code   232  stm32f1xx_hal_rcc_ex.o(i.HAL_RCCEx_GetPeriphCLKFreq)
    HAL_RCCEx_PeriphCLKConfig                0x08003369   Thumb Code   290  stm32f1xx_hal_rcc_ex.o(i.HAL_RCCEx_PeriphCLKConfig)
    HAL_RCC_ClockConfig                      0x08003499   Thumb Code   376  stm32f1xx_hal_rcc.o(i.HAL_RCC_ClockConfig)
    HAL_RCC_GetHCLKFreq                      0x08003625   Thumb Code     6  stm32f1xx_hal_rcc.o(i.HAL_RCC_GetHCLKFreq)
    HAL_RCC_GetPCLK1Freq                     0x08003631   Thumb Code    22  stm32f1xx_hal_rcc.o(i.HAL_RCC_GetPCLK1Freq)
    HAL_RCC_GetPCLK2Freq                     0x08003651   Thumb Code    22  stm32f1xx_hal_rcc.o(i.HAL_RCC_GetPCLK2Freq)
    HAL_RCC_GetSysClockFreq                  0x08003671   Thumb Code    92  stm32f1xx_hal_rcc.o(i.HAL_RCC_GetSysClockFreq)
    HAL_RCC_OscConfig                        0x080036e1   Thumb Code  1114  stm32f1xx_hal_rcc.o(i.HAL_RCC_OscConfig)
    HAL_RTC_GetTime                          0x08003b45   Thumb Code   260  stm32f1xx_hal_rtc.o(i.HAL_RTC_GetTime)
    HAL_RTC_Init                             0x08003c49   Thumb Code   188  stm32f1xx_hal_rtc.o(i.HAL_RTC_Init)
    HAL_RTC_MspInit                          0x08003d09   Thumb Code    52  rtc.o(i.HAL_RTC_MspInit)
    HAL_RTC_SetAlarm                         0x08003d49   Thumb Code   208  stm32f1xx_hal_rtc.o(i.HAL_RTC_SetAlarm)
    HAL_RTC_WaitForSynchro                   0x08003e1d   Thumb Code    64  stm32f1xx_hal_rtc.o(i.HAL_RTC_WaitForSynchro)
    HAL_SPI_Init                             0x08003e5d   Thumb Code   190  stm32f1xx_hal_spi.o(i.HAL_SPI_Init)
    HAL_SPI_MspInit                          0x08003f1d   Thumb Code   120  spi.o(i.HAL_SPI_MspInit)
    HAL_SPI_TransmitReceive                  0x08003fa1   Thumb Code   584  stm32f1xx_hal_spi.o(i.HAL_SPI_TransmitReceive)
    HAL_SYSTICK_Config                       0x080041e9   Thumb Code    52  stm32f1xx_hal_cortex.o(i.HAL_SYSTICK_Config)
    HAL_UARTEx_ReceiveToIdle_IT              0x0800421d   Thumb Code   114  stm32f1xx_hal_uart.o(i.HAL_UARTEx_ReceiveToIdle_IT)
    HAL_UARTEx_RxEventCallback               0x08004291   Thumb Code    36  stm32f1xx_it.o(i.HAL_UARTEx_RxEventCallback)
    HAL_UART_ErrorCallback                   0x080042bd   Thumb Code     2  stm32f1xx_hal_uart.o(i.HAL_UART_ErrorCallback)
    HAL_UART_IRQHandler                      0x080042c1   Thumb Code   736  stm32f1xx_hal_uart.o(i.HAL_UART_IRQHandler)
    HAL_UART_Init                            0x080045a5   Thumb Code   118  stm32f1xx_hal_uart.o(i.HAL_UART_Init)
    HAL_UART_MspInit                         0x0800461d   Thumb Code   360  usart.o(i.HAL_UART_MspInit)
    HAL_UART_RxCpltCallback                  0x0800479d   Thumb Code     2  stm32f1xx_hal_uart.o(i.HAL_UART_RxCpltCallback)
    HAL_UART_Transmit                        0x0800479f   Thumb Code   190  stm32f1xx_hal_uart.o(i.HAL_UART_Transmit)
    HAL_UART_TxCpltCallback                  0x0800485d   Thumb Code     2  stm32f1xx_hal_uart.o(i.HAL_UART_TxCpltCallback)
    HardFault_Handler                        0x0800485f   Thumb Code     4  stm32f1xx_it.o(i.HardFault_Handler)
    Int_AT6558R_EnterLowPower                0x08004df1   Thumb Code    14  int_at6558r.o(i.Int_AT6558R_EnterLowPower)
    Int_AT6558R_GetGPS                       0x08004e05   Thumb Code    82  int_at6558r.o(i.Int_AT6558R_GetGPS)
    Int_AT6558R_Init                         0x08004e61   Thumb Code    54  int_at6558r.o(i.Int_AT6558R_Init)
    Int_AT6558R_LeaveLowPower                0x08004ec9   Thumb Code    14  int_at6558r.o(i.Int_AT6558R_LeaveLowPower)
    Int_AT6558R_SendCMD                      0x08004edd   Thumb Code    72  int_at6558r.o(i.Int_AT6558R_SendCMD)
    Int_AT6558T_GetSize                      0x08004f31   Thumb Code    32  int_at6558r.o(i.Int_AT6558T_GetSize)
    Int_DS3553_GetStepNumber                 0x08004fc5   Thumb Code    36  int_ds3553.o(i.Int_DS3553_GetStepNumber)
    Int_DS3553_Init                          0x08004fe9   Thumb Code    60  int_ds3553.o(i.Int_DS3553_Init)
    Int_LoRa_Init                            0x080050a5   Thumb Code    18  int_lora.o(i.Int_LoRa_Init)
    Int_Lora_Send                            0x080050bd   Thumb Code    20  int_lora.o(i.Int_Lora_Send)
    Int_QS100_ConnectServer                  0x080050d5   Thumb Code    54  int_qs100.o(i.Int_QS100_ConnectServer)
    Int_QS100_CreateSocket                   0x08005129   Thumb Code    26  int_qs100.o(i.Int_QS100_CreateSocket)
    Int_QS100_EnterLowPower                  0x08005165   Thumb Code    10  int_qs100.o(i.Int_QS100_EnterLowPower)
    Int_QS100_GetSize                        0x08005181   Thumb Code    30  int_qs100.o(i.Int_QS100_GetSize)
    Int_QS100_Init                           0x080051ad   Thumb Code    40  int_qs100.o(i.Int_QS100_Init)
    Int_QS100_IsNetWork                      0x080051f1   Thumb Code    26  int_qs100.o(i.Int_QS100_IsNetWork)
    Int_QS100_LeaveLowPower                  0x08005225   Thumb Code     8  int_qs100.o(i.Int_QS100_LeaveLowPower)
    Int_QS100_SendData2Server                0x0800531d   Thumb Code    96  int_qs100.o(i.Int_QS100_SendData2Server)
    Int_QS100_UploadData                     0x080053a9   Thumb Code   528  int_qs100.o(i.Int_QS100_UploadData)
    Int_QS100_WakeUp                         0x08005711   Thumb Code    32  int_qs100.o(i.Int_QS100_WakeUp)
    MX_GPIO_Init                             0x08005735   Thumb Code   224  gpio.o(i.MX_GPIO_Init)
    MX_I2C1_Init                             0x08005821   Thumb Code    48  i2c.o(i.MX_I2C1_Init)
    MX_RTC_Init                              0x0800585d   Thumb Code    34  rtc.o(i.MX_RTC_Init)
    MX_SPI1_Init                             0x08005889   Thumb Code    60  spi.o(i.MX_SPI1_Init)
    MX_USART1_UART_Init                      0x080058cd   Thumb Code    46  usart.o(i.MX_USART1_UART_Init)
    MX_USART2_UART_Init                      0x08005905   Thumb Code    46  usart.o(i.MX_USART2_UART_Init)
    MX_USART3_UART_Init                      0x0800593d   Thumb Code    46  usart.o(i.MX_USART3_UART_Init)
    MemManage_Handler                        0x08005975   Thumb Code     4  stm32f1xx_it.o(i.MemManage_Handler)
    NMI_Handler                              0x08005979   Thumb Code     4  stm32f1xx_it.o(i.NMI_Handler)
    PendSV_Handler                           0x0800597d   Thumb Code     2  stm32f1xx_it.o(i.PendSV_Handler)
    SVC_Handler                              0x08005d7d   Thumb Code     2  stm32f1xx_it.o(i.SVC_Handler)
    SysTick_Handler                          0x08005d7f   Thumb Code     8  stm32f1xx_it.o(i.SysTick_Handler)
    SystemClock_Config                       0x08005d87   Thumb Code   136  main.o(i.SystemClock_Config)
    SystemInit                               0x08005e0f   Thumb Code     2  system_stm32f1xx.o(i.SystemInit)
    UART_Start_Receive_IT                    0x080060a9   Thumb Code    64  stm32f1xx_hal_uart.o(i.UART_Start_Receive_IT)
    USART2_IRQHandler                        0x080061d5   Thumb Code    10  stm32f1xx_it.o(i.USART2_IRQHandler)
    USART3_IRQHandler                        0x080061e5   Thumb Code    10  stm32f1xx_it.o(i.USART3_IRQHandler)
    UsageFault_Handler                       0x080061f5   Thumb Code     4  stm32f1xx_it.o(i.UsageFault_Handler)
    __0printf                                0x080061f9   Thumb Code    22  printfa.o(i.__0printf)
    __1printf                                0x080061f9   Thumb Code     0  printfa.o(i.__0printf)
    __2printf                                0x080061f9   Thumb Code     0  printfa.o(i.__0printf)
    __c89printf                              0x080061f9   Thumb Code     0  printfa.o(i.__0printf)
    printf                                   0x080061f9   Thumb Code     0  printfa.o(i.__0printf)
    __0sprintf                               0x08006219   Thumb Code    34  printfa.o(i.__0sprintf)
    __1sprintf                               0x08006219   Thumb Code     0  printfa.o(i.__0sprintf)
    __2sprintf                               0x08006219   Thumb Code     0  printfa.o(i.__0sprintf)
    __c89sprintf                             0x08006219   Thumb Code     0  printfa.o(i.__0sprintf)
    sprintf                                  0x08006219   Thumb Code     0  printfa.o(i.__0sprintf)
    free                                     0x08006279   Thumb Code    88  mallocr.o(i.__free$realloc)
    malloc                                   0x080062d5   Thumb Code    64  mallocr.o(i.__malloc$realloc)
    __scatterload_copy                       0x08006325   Thumb Code    14  handlers.o(i.__scatterload_copy)
    __scatterload_null                       0x08006333   Thumb Code     2  handlers.o(i.__scatterload_null)
    __scatterload_zeroinit                   0x08006335   Thumb Code    14  handlers.o(i.__scatterload_zeroinit)
    _is_digit                                0x080064c9   Thumb Code    14  scanf_fp.o(i._is_digit)
    cJSON_AddNumberToObject                  0x08006c99   Thumb Code    56  cjson.o(i.cJSON_AddNumberToObject)
    cJSON_AddStringToObject                  0x08006cd5   Thumb Code    48  cjson.o(i.cJSON_AddStringToObject)
    cJSON_CreateNumber                       0x08006d09   Thumb Code    82  cjson.o(i.cJSON_CreateNumber)
    cJSON_CreateObject                       0x08006d6d   Thumb Code    20  cjson.o(i.cJSON_CreateObject)
    cJSON_CreateString                       0x08006d85   Thumb Code    46  cjson.o(i.cJSON_CreateString)
    cJSON_Delete                             0x08006db9   Thumb Code    92  cjson.o(i.cJSON_Delete)
    cJSON_PrintUnformatted                   0x08006e35   Thumb Code    16  cjson.o(i.cJSON_PrintUnformatted)
    cJSON_free                               0x08006e49   Thumb Code    16  cjson.o(i.cJSON_free)
    fputc                                    0x08006fc5   Thumb Code    22  com_debug.o(i.fputc)
    main                                     0x08007035   Thumb Code    62  main.o(i.main)
    realloc                                  0x08007731   Thumb Code   102  mallocr.o(i.realloc)
    AHBPrescTable                            0x080077ea   Data          16  system_stm32f1xx.o(.constdata)
    APBPrescTable                            0x080077fa   Data           8  system_stm32f1xx.o(.constdata)
    Ebyte_RF                                 0x08007804   Data          32  ebyte_core.o(.constdata)
    FskBandwidths                            0x0800783c   Data         176  ebyte_e220x.o(.constdata)
    __ctype_categories                       0x08007904   Data          64  ctype_c.o(.constdata)
    Region$$Table$$Base                      0x08007990   Number         0  anon$$obj.o(Region$$Table)
    Region$$Table$$Limit                     0x080079b0   Number         0  anon$$obj.o(Region$$Table)
    uwTick                                   0x20000000   Data           4  stm32f1xx_hal.o(.data)
    uwTickPrio                               0x20000004   Data           4  stm32f1xx_hal.o(.data)
    uwTickFreq                               0x20000008   Data           1  stm32f1xx_hal.o(.data)
    SystemCoreClock                          0x2000000c   Data           4  system_stm32f1xx.o(.data)
    gps_length                               0x20000024   Data           2  int_at6558r.o(.data)
    small_size                               0x20000026   Data           2  int_qs100.o(.data)
    big_size                                 0x20000028   Data           2  int_qs100.o(.data)
    length                                   0x2000002a   Data           2  app_main.o(.data)
    __stdout                                 0x20000034   Data           4  stdout.o(.data)
    __microlib_freelist                      0x20000038   Data           4  mvars.o(.data)
    __microlib_freelist_initialised          0x2000003c   Data           4  mvars.o(.data)
    hi2c1                                    0x20000040   Data          84  i2c.o(.bss)
    hrtc                                     0x20000094   Data          20  rtc.o(.bss)
    hspi1                                    0x200000a8   Data          88  spi.o(.bss)
    huart1                                   0x20000100   Data          72  usart.o(.bss)
    huart2                                   0x20000148   Data          72  usart.o(.bss)
    huart3                                   0x20000190   Data          72  usart.o(.bss)
    upload                                   0x200001d8   Data         556  com_status.o(.bss)
    gps_buffers                              0x20000404   Data        2048  int_at6558r.o(.bss)
    small_buffers                            0x20000c04   Data         128  int_qs100.o(.bss)
    big_buffers                              0x20000c84   Data         128  int_qs100.o(.bss)
    buffers                                  0x20000d04   Data        2048  app_main.o(.bss)
    __heap_base                              0x20001648   Data           0  startup_stm32f103xb.o(HEAP)
    __heap_limit                             0x20001c48   Data           0  startup_stm32f103xb.o(HEAP)
    __initial_sp                             0x20002048   Data           0  startup_stm32f103xb.o(STACK)



==============================================================================

Memory Map of the image

  Image Entry point : 0x080000ed

  Load Region LR_IROM1 (Base: 0x08000000, Size: 0x000079f0, Max: 0x00010000, ABSOLUTE)

    Execution Region ER_IROM1 (Exec base: 0x08000000, Load base: 0x08000000, Size: 0x000079b0, Max: 0x00010000, ABSOLUTE)

    Exec Addr    Load Addr    Size         Type   Attr      Idx    E Section Name        Object

    0x08000000   0x08000000   0x000000ec   Data   RO            3    RESET               startup_stm32f103xb.o
    0x080000ec   0x080000ec   0x00000000   Code   RO         4685  * .ARM.Collect$$$$00000000  mc_w.l(entry.o)
    0x080000ec   0x080000ec   0x00000004   Code   RO         5044    .ARM.Collect$$$$00000001  mc_w.l(entry2.o)
    0x080000f0   0x080000f0   0x00000004   Code   RO         5047    .ARM.Collect$$$$00000004  mc_w.l(entry5.o)
    0x080000f4   0x080000f4   0x00000000   Code   RO         5049    .ARM.Collect$$$$00000008  mc_w.l(entry7b.o)
    0x080000f4   0x080000f4   0x00000000   Code   RO         5051    .ARM.Collect$$$$0000000A  mc_w.l(entry8b.o)
    0x080000f4   0x080000f4   0x00000008   Code   RO         5052    .ARM.Collect$$$$0000000B  mc_w.l(entry9a.o)
    0x080000fc   0x080000fc   0x00000004   Code   RO         5059    .ARM.Collect$$$$0000000E  mc_w.l(entry12b.o)
    0x08000100   0x08000100   0x00000000   Code   RO         5054    .ARM.Collect$$$$0000000F  mc_w.l(entry10a.o)
    0x08000100   0x08000100   0x00000000   Code   RO         5056    .ARM.Collect$$$$00000011  mc_w.l(entry11a.o)
    0x08000100   0x08000100   0x00000004   Code   RO         5045    .ARM.Collect$$$$00002712  mc_w.l(entry2.o)
    0x08000104   0x08000104   0x00000024   Code   RO            4    .text               startup_stm32f103xb.o
    0x08000128   0x08000128   0x00000020   Code   RO         4688    .text               mc_w.l(llushr.o)
    0x08000148   0x08000148   0x000000a8   Code   RO         4696    .text               mc_w.l(mktime.o)
    0x080001f0   0x080001f0   0x00000024   Code   RO         4699    .text               mc_w.l(memcpya.o)
    0x08000214   0x08000214   0x00000024   Code   RO         4701    .text               mc_w.l(memseta.o)
    0x08000238   0x08000238   0x00000024   Code   RO         4703    .text               mc_w.l(strstr.o)
    0x0800025c   0x0800025c   0x0000000e   Code   RO         4705    .text               mc_w.l(strlen.o)
    0x0800026a   0x0800026a   0x00000012   Code   RO         4709    .text               mc_w.l(strcpy.o)
    0x0800027c   0x0800027c   0x00000016   Code   RO         4713    .text               mc_w.l(strrchr.o)
    0x08000292   0x08000292   0x00000002   PAD
    0x08000294   0x08000294   0x00000038   Code   RO         5006    .text               mc_w.l(__0sscanf.o)
    0x080002cc   0x080002cc   0x0000014c   Code   RO         5008    .text               mc_w.l(_scanf_int.o)
    0x08000418   0x08000418   0x000000e0   Code   RO         5010    .text               mc_w.l(_scanf_str.o)
    0x080004f8   0x080004f8   0x00000360   Code   RO         5012    .text               mc_w.l(scanf_fp.o)
    0x08000858   0x08000858   0x000000b0   Code   RO         5016    .text               mf_w.l(fadd.o)
    0x08000908   0x08000908   0x0000007c   Code   RO         5018    .text               mf_w.l(fdiv.o)
    0x08000984   0x08000984   0x0000014e   Code   RO         5020    .text               mf_w.l(dadd.o)
    0x08000ad2   0x08000ad2   0x000000e4   Code   RO         5022    .text               mf_w.l(dmul.o)
    0x08000bb6   0x08000bb6   0x000000de   Code   RO         5024    .text               mf_w.l(ddiv.o)
    0x08000c94   0x08000c94   0x00000012   Code   RO         5026    .text               mf_w.l(fflti.o)
    0x08000ca6   0x08000ca6   0x00000022   Code   RO         5028    .text               mf_w.l(dflti.o)
    0x08000cc8   0x08000cc8   0x0000001a   Code   RO         5030    .text               mf_w.l(dfltui.o)
    0x08000ce2   0x08000ce2   0x00000032   Code   RO         5032    .text               mf_w.l(ffixi.o)
    0x08000d14   0x08000d14   0x0000003e   Code   RO         5034    .text               mf_w.l(dfixi.o)
    0x08000d52   0x08000d52   0x00000032   Code   RO         5036    .text               mf_w.l(dfixui.o)
    0x08000d84   0x08000d84   0x00000026   Code   RO         5038    .text               mf_w.l(f2d.o)
    0x08000daa   0x08000daa   0x00000002   PAD
    0x08000dac   0x08000dac   0x00000030   Code   RO         5040    .text               mf_w.l(cdcmple.o)
    0x08000ddc   0x08000ddc   0x00000030   Code   RO         5042    .text               mf_w.l(cdrcmple.o)
    0x08000e0c   0x08000e0c   0x0000002c   Code   RO         5061    .text               mc_w.l(uidiv.o)
    0x08000e38   0x08000e38   0x00000062   Code   RO         5063    .text               mc_w.l(uldiv.o)
    0x08000e9a   0x08000e9a   0x0000001e   Code   RO         5065    .text               mc_w.l(llshl.o)
    0x08000eb8   0x08000eb8   0x00000024   Code   RO         5067    .text               mc_w.l(llsshr.o)
    0x08000edc   0x08000edc   0x0000000c   Code   RO         5069    .text               mc_w.l(localtime_w.o)
    0x08000ee8   0x08000ee8   0x0000008c   Code   RO         5072    .text               mc_w.l(localtime_i.o)
    0x08000f74   0x08000f74   0x0000001c   Code   RO         5077    .text               mc_w.l(_chval.o)
    0x08000f90   0x08000f90   0x00000028   Code   RO         5079    .text               mc_w.l(scanf_char.o)
    0x08000fb8   0x08000fb8   0x00000040   Code   RO         5081    .text               mc_w.l(_sgetc.o)
    0x08000ff8   0x08000ff8   0x00000000   Code   RO         5085    .text               mc_w.l(iusefp.o)
    0x08000ff8   0x08000ff8   0x0000006e   Code   RO         5086    .text               mf_w.l(fepilogue.o)
    0x08001066   0x08001066   0x000000ba   Code   RO         5088    .text               mf_w.l(depilogue.o)
    0x08001120   0x08001120   0x00000018   Code   RO         5090    .text               mf_w.l(dfltul.o)
    0x08001138   0x08001138   0x00000030   Code   RO         5092    .text               mf_w.l(dfixul.o)
    0x08001168   0x08001168   0x00000038   Code   RO         5094    .text               mf_w.l(d2f.o)
    0x080011a0   0x080011a0   0x00000024   Code   RO         5096    .text               mc_w.l(init.o)
    0x080011c4   0x080011c4   0x0000000a   Code   RO         5098    .text               mc_w.l(isspace_c.o)
    0x080011ce   0x080011ce   0x00000002   PAD
    0x080011d0   0x080011d0   0x00000330   Code   RO         5100    .text               mc_w.l(_scanf.o)
    0x08001500   0x08001500   0x00000028   Code   RO         5102    .text               mc_w.l(ctype_c.o)
    0x08001528   0x08001528   0x00000078   Code   RO         4040    i.App_Main_EnterLowPower  app_main.o
    0x080015a0   0x080015a0   0x00000014   Code   RO         4041    i.App_Main_Init     app_main.o
    0x080015b4   0x080015b4   0x0000000c   Code   RO         4042    i.App_Main_LeaveLowPower  app_main.o
    0x080015c0   0x080015c0   0x000002c4   Code   RO         4043    i.App_Main_UploadData2Server  app_main.o
    0x08001884   0x08001884   0x00000004   Code   RO          423    i.BusFault_Handler  stm32f1xx_it.o
    0x08001888   0x08001888   0x0000000c   Code   RO         3107    i.Com_Delay_Ms      com_delay.o
    0x08001894   0x08001894   0x0000001a   Code   RO         3108    i.Com_Delay_Sec     com_delay.o
    0x080018ae   0x080018ae   0x00000002   PAD
    0x080018b0   0x080018b0   0x000000f4   Code   RO         3137    i.Com_Util_UploadData2JsonString  com_status.o
    0x080019a4   0x080019a4   0x000000a8   Code   RO         3138    i.Com_Util_utc2beijing  com_status.o
    0x08001a4c   0x08001a4c   0x00000002   Code   RO          424    i.DebugMon_Handler  stm32f1xx_it.o
    0x08001a4e   0x08001a4e   0x0000000e   Code   RO         4153    i.Ebyte_E220x_Calibrate  ebyte_e220x.o
    0x08001a5c   0x08001a5c   0x00000088   Code   RO         4154    i.Ebyte_E220x_CalibrateImage  ebyte_e220x.o
    0x08001ae4   0x08001ae4   0x0000001a   Code   RO         4155    i.Ebyte_E220x_CheckReady  ebyte_e220x.o
    0x08001afe   0x08001afe   0x0000001c   Code   RO         4157    i.Ebyte_E220x_ClearIrqStatus  ebyte_e220x.o
    0x08001b1a   0x08001b1a   0x00000004   Code   RO         4159    i.Ebyte_E220x_GetDriverVersion  ebyte_e220x.o
    0x08001b1e   0x08001b1e   0x0000001a   Code   RO         4162    i.Ebyte_E220x_GetIrqStatus  ebyte_e220x.o
    0x08001b38   0x08001b38   0x00000054   Code   RO         4163    i.Ebyte_E220x_GetLoraPacketStatus  ebyte_e220x.o
    0x08001b8c   0x08001b8c   0x00000008   Code   RO         4164    i.Ebyte_E220x_GetName  ebyte_e220x.o
    0x08001b94   0x08001b94   0x0000000c   Code   RO         4165    i.Ebyte_E220x_GetOperatingMode  ebyte_e220x.o
    0x08001ba0   0x08001ba0   0x0000002e   Code   RO         4167    i.Ebyte_E220x_GetPayload  ebyte_e220x.o
    0x08001bce   0x08001bce   0x0000003a   Code   RO         4170    i.Ebyte_E220x_GetRxBufferStatus  ebyte_e220x.o
    0x08001c08   0x08001c08   0x0000008c   Code   RO         4172    i.Ebyte_E220x_Init  ebyte_e220x.o
    0x08001c94   0x08001c94   0x00000058   Code   RO         4173    i.Ebyte_E220x_IntOrPollTask  ebyte_e220x.o
    0x08001cec   0x08001cec   0x00000002   Code   RO         4174    i.Ebyte_E220x_InterruptTrigger  ebyte_e220x.o
    0x08001cee   0x08001cee   0x00000048   Code   RO         4175    i.Ebyte_E220x_ReadBuffer  ebyte_e220x.o
    0x08001d36   0x08001d36   0x00000042   Code   RO         4176    i.Ebyte_E220x_ReadCommand  ebyte_e220x.o
    0x08001d78   0x08001d78   0x00000014   Code   RO         4177    i.Ebyte_E220x_ReadRegister  ebyte_e220x.o
    0x08001d8c   0x08001d8c   0x0000004e   Code   RO         4178    i.Ebyte_E220x_ReadRegisters  ebyte_e220x.o
    0x08001dda   0x08001dda   0x00000022   Code   RO         4179    i.Ebyte_E220x_Reset  ebyte_e220x.o
    0x08001dfc   0x08001dfc   0x00000010   Code   RO         4180    i.Ebyte_E220x_RfIoEnterRxMode  ebyte_e220x.o
    0x08001e0c   0x08001e0c   0x00000010   Code   RO         4181    i.Ebyte_E220x_RfIoEnterTxMode  ebyte_e220x.o
    0x08001e1c   0x08001e1c   0x00000042   Code   RO         4182    i.Ebyte_E220x_SendPayload  ebyte_e220x.o
    0x08001e5e   0x08001e5e   0x0000001a   Code   RO         4183    i.Ebyte_E220x_SetBufferBaseAddress  ebyte_e220x.o
    0x08001e78   0x08001e78   0x0000000e   Code   RO         4188    i.Ebyte_E220x_SetDio2AsRfSwitchCtrl  ebyte_e220x.o
    0x08001e86   0x08001e86   0x0000004a   Code   RO         4190    i.Ebyte_E220x_SetDioIrqParams  ebyte_e220x.o
    0x08001ed0   0x08001ed0   0x0000003a   Code   RO         4195    i.Ebyte_E220x_SetLoraPacketParams  ebyte_e220x.o
    0x08001f0a   0x08001f0a   0x0000001a   Code   RO         4196    i.Ebyte_E220x_SetLoraSyncWord  ebyte_e220x.o
    0x08001f24   0x08001f24   0x0000002c   Code   RO         4198    i.Ebyte_E220x_SetModulationLoraParams  ebyte_e220x.o
    0x08001f50   0x08001f50   0x00000026   Code   RO         4199    i.Ebyte_E220x_SetPaConfig  ebyte_e220x.o
    0x08001f76   0x08001f76   0x00000002   PAD
    0x08001f78   0x08001f78   0x0000001c   Code   RO         4200    i.Ebyte_E220x_SetPacketType  ebyte_e220x.o
    0x08001f94   0x08001f94   0x00000012   Code   RO         4201    i.Ebyte_E220x_SetPayload  ebyte_e220x.o
    0x08001fa6   0x08001fa6   0x0000000e   Code   RO         4202    i.Ebyte_E220x_SetRegulatorMode  ebyte_e220x.o
    0x08001fb4   0x08001fb4   0x00000074   Code   RO         4203    i.Ebyte_E220x_SetRfFrequency  ebyte_e220x.o
    0x08002028   0x08002028   0x00000068   Code   RO         4204    i.Ebyte_E220x_SetRx  ebyte_e220x.o
    0x08002090   0x08002090   0x00000024   Code   RO         4208    i.Ebyte_E220x_SetSleep  ebyte_e220x.o
    0x080020b4   0x080020b4   0x00000028   Code   RO         4209    i.Ebyte_E220x_SetStandby  ebyte_e220x.o
    0x080020dc   0x080020dc   0x00000060   Code   RO         4211    i.Ebyte_E220x_SetTx  ebyte_e220x.o
    0x0800213c   0x0800213c   0x00000044   Code   RO         4214    i.Ebyte_E220x_SetTxPaParams  ebyte_e220x.o
    0x08002180   0x08002180   0x0000000e   Code   RO         4216    i.Ebyte_E220x_WaitOnBusy  ebyte_e220x.o
    0x0800218e   0x0800218e   0x00000020   Code   RO         4217    i.Ebyte_E220x_Wakeup  ebyte_e220x.o
    0x080021ae   0x080021ae   0x00000040   Code   RO         4218    i.Ebyte_E220x_WriteBuffer  ebyte_e220x.o
    0x080021ee   0x080021ee   0x0000003e   Code   RO         4219    i.Ebyte_E220x_WriteCommand  ebyte_e220x.o
    0x0800222c   0x0800222c   0x00000010   Code   RO         4220    i.Ebyte_E220x_WriteRegister  ebyte_e220x.o
    0x0800223c   0x0800223c   0x00000046   Code   RO         4221    i.Ebyte_E220x_WriteRegisters  ebyte_e220x.o
    0x08002282   0x08002282   0x00000002   PAD
    0x08002284   0x08002284   0x00000018   Code   RO         4584    i.Ebyte_Port_BusyIoRead  ebyte_port.o
    0x0800229c   0x0800229c   0x0000000c   Code   RO         4585    i.Ebyte_Port_DelayMs  ebyte_port.o
    0x080022a8   0x080022a8   0x000000d8   Code   RO         4117    i.Ebyte_Port_ReceiveCallback  ebyte_callback.o
    0x08002380   0x08002380   0x00000024   Code   RO         4586    i.Ebyte_Port_RstIoControl  ebyte_port.o
    0x080023a4   0x080023a4   0x00000028   Code   RO         4587    i.Ebyte_Port_RxenIoControl  ebyte_port.o
    0x080023cc   0x080023cc   0x00000024   Code   RO         4588    i.Ebyte_Port_SpiCsIoControl  ebyte_port.o
    0x080023f0   0x080023f0   0x00000024   Code   RO         4589    i.Ebyte_Port_SpiTransmitAndReceivce  ebyte_port.o
    0x08002414   0x08002414   0x000000c4   Code   RO         4118    i.Ebyte_Port_TransmitCallback  ebyte_callback.o
    0x080024d8   0x080024d8   0x00000024   Code   RO         4590    i.Ebyte_Port_TxenIoControl  ebyte_port.o
    0x080024fc   0x080024fc   0x00000006   Code   RO           13    i.Error_Handler     main.o
    0x08002502   0x08002502   0x00000056   Code   RO         1439    i.HAL_DMA_Abort     stm32f1xx_hal_dma.o
    0x08002558   0x08002558   0x000000b0   Code   RO         1440    i.HAL_DMA_Abort_IT  stm32f1xx_hal_dma.o
    0x08002608   0x08002608   0x00000028   Code   RO         1060    i.HAL_Delay         stm32f1xx_hal.o
    0x08002630   0x08002630   0x00000320   Code   RO         1375    i.HAL_GPIO_Init     stm32f1xx_hal_gpio.o
    0x08002950   0x08002950   0x00000010   Code   RO         1377    i.HAL_GPIO_ReadPin  stm32f1xx_hal_gpio.o
    0x08002960   0x08002960   0x0000000c   Code   RO         1379    i.HAL_GPIO_WritePin  stm32f1xx_hal_gpio.o
    0x0800296c   0x0800296c   0x0000000c   Code   RO         1064    i.HAL_GetTick       stm32f1xx_hal.o
    0x08002978   0x08002978   0x000001d0   Code   RO          587    i.HAL_I2C_Init      stm32f1xx_hal_i2c.o
    0x08002b48   0x08002b48   0x00000374   Code   RO          605    i.HAL_I2C_Mem_Read  stm32f1xx_hal_i2c.o
    0x08002ebc   0x08002ebc   0x00000164   Code   RO          608    i.HAL_I2C_Mem_Write  stm32f1xx_hal_i2c.o
    0x08003020   0x08003020   0x00000074   Code   RO          244    i.HAL_I2C_MspInit   i2c.o
    0x08003094   0x08003094   0x00000018   Code   RO         1070    i.HAL_IncTick       stm32f1xx_hal.o
    0x080030ac   0x080030ac   0x00000028   Code   RO         1071    i.HAL_Init          stm32f1xx_hal.o
    0x080030d4   0x080030d4   0x0000004c   Code   RO         1072    i.HAL_InitTick      stm32f1xx_hal.o
    0x08003120   0x08003120   0x00000054   Code   RO          516    i.HAL_MspInit       stm32f1xx_hal_msp.o
    0x08003174   0x08003174   0x00000020   Code   RO         1535    i.HAL_NVIC_EnableIRQ  stm32f1xx_hal_cortex.o
    0x08003194   0x08003194   0x0000007c   Code   RO         1541    i.HAL_NVIC_SetPriority  stm32f1xx_hal_cortex.o
    0x08003210   0x08003210   0x00000028   Code   RO         1542    i.HAL_NVIC_SetPriorityGrouping  stm32f1xx_hal_cortex.o
    0x08003238   0x08003238   0x0000000c   Code   RO         1662    i.HAL_PWR_EnableBkUpAccess  stm32f1xx_hal_pwr.o
    0x08003244   0x08003244   0x00000028   Code   RO         1668    i.HAL_PWR_EnterSTANDBYMode  stm32f1xx_hal_pwr.o
    0x0800326c   0x0800326c   0x000000fc   Code   RO         1336    i.HAL_RCCEx_GetPeriphCLKFreq  stm32f1xx_hal_rcc_ex.o
    0x08003368   0x08003368   0x00000130   Code   RO         1337    i.HAL_RCCEx_PeriphCLKConfig  stm32f1xx_hal_rcc_ex.o
    0x08003498   0x08003498   0x0000018c   Code   RO         1228    i.HAL_RCC_ClockConfig  stm32f1xx_hal_rcc.o
    0x08003624   0x08003624   0x0000000c   Code   RO         1233    i.HAL_RCC_GetHCLKFreq  stm32f1xx_hal_rcc.o
    0x08003630   0x08003630   0x00000020   Code   RO         1235    i.HAL_RCC_GetPCLK1Freq  stm32f1xx_hal_rcc.o
    0x08003650   0x08003650   0x00000020   Code   RO         1236    i.HAL_RCC_GetPCLK2Freq  stm32f1xx_hal_rcc.o
    0x08003670   0x08003670   0x00000070   Code   RO         1237    i.HAL_RCC_GetSysClockFreq  stm32f1xx_hal_rcc.o
    0x080036e0   0x080036e0   0x00000464   Code   RO         1240    i.HAL_RCC_OscConfig  stm32f1xx_hal_rcc.o
    0x08003b44   0x08003b44   0x00000104   Code   RO         2068    i.HAL_RTC_GetTime   stm32f1xx_hal_rtc.o
    0x08003c48   0x08003c48   0x000000c0   Code   RO         2069    i.HAL_RTC_Init      stm32f1xx_hal_rtc.o
    0x08003d08   0x08003d08   0x00000040   Code   RO          286    i.HAL_RTC_MspInit   rtc.o
    0x08003d48   0x08003d48   0x000000d4   Code   RO         2073    i.HAL_RTC_SetAlarm  stm32f1xx_hal_rtc.o
    0x08003e1c   0x08003e1c   0x00000040   Code   RO         2077    i.HAL_RTC_WaitForSynchro  stm32f1xx_hal_rtc.o
    0x08003e5c   0x08003e5c   0x000000be   Code   RO         2349    i.HAL_SPI_Init      stm32f1xx_hal_spi.o
    0x08003f1a   0x08003f1a   0x00000002   PAD
    0x08003f1c   0x08003f1c   0x00000084   Code   RO          328    i.HAL_SPI_MspInit   spi.o
    0x08003fa0   0x08003fa0   0x00000248   Code   RO         2358    i.HAL_SPI_TransmitReceive  stm32f1xx_hal_spi.o
    0x080041e8   0x080041e8   0x00000034   Code   RO         1546    i.HAL_SYSTICK_Config  stm32f1xx_hal_cortex.o
    0x0800421c   0x0800421c   0x00000072   Code   RO         2671    i.HAL_UARTEx_ReceiveToIdle_IT  stm32f1xx_hal_uart.o
    0x0800428e   0x0800428e   0x00000002   PAD
    0x08004290   0x08004290   0x0000002c   Code   RO          425    i.HAL_UARTEx_RxEventCallback  stm32f1xx_it.o
    0x080042bc   0x080042bc   0x00000002   Code   RO         2686    i.HAL_UART_ErrorCallback  stm32f1xx_hal_uart.o
    0x080042be   0x080042be   0x00000002   PAD
    0x080042c0   0x080042c0   0x000002e4   Code   RO         2689    i.HAL_UART_IRQHandler  stm32f1xx_hal_uart.o
    0x080045a4   0x080045a4   0x00000076   Code   RO         2690    i.HAL_UART_Init     stm32f1xx_hal_uart.o
    0x0800461a   0x0800461a   0x00000002   PAD
    0x0800461c   0x0800461c   0x00000180   Code   RO          370    i.HAL_UART_MspInit  usart.o
    0x0800479c   0x0800479c   0x00000002   Code   RO         2696    i.HAL_UART_RxCpltCallback  stm32f1xx_hal_uart.o
    0x0800479e   0x0800479e   0x000000be   Code   RO         2698    i.HAL_UART_Transmit  stm32f1xx_hal_uart.o
    0x0800485c   0x0800485c   0x00000002   Code   RO         2701    i.HAL_UART_TxCpltCallback  stm32f1xx_hal_uart.o
    0x0800485e   0x0800485e   0x00000004   Code   RO          426    i.HardFault_Handler  stm32f1xx_it.o
    0x08004862   0x08004862   0x0000003e   Code   RO          631    i.I2C_IsAcknowledgeFailed  stm32f1xx_hal_i2c.o
    0x080048a0   0x080048a0   0x00000160   Code   RO          642    i.I2C_RequestMemoryRead  stm32f1xx_hal_i2c.o
    0x08004a00   0x08004a00   0x000000e0   Code   RO          643    i.I2C_RequestMemoryWrite  stm32f1xx_hal_i2c.o
    0x08004ae0   0x08004ae0   0x00000066   Code   RO          651    i.I2C_WaitOnBTFFlagUntilTimeout  stm32f1xx_hal_i2c.o
    0x08004b46   0x08004b46   0x000000be   Code   RO          652    i.I2C_WaitOnFlagUntilTimeout  stm32f1xx_hal_i2c.o
    0x08004c04   0x08004c04   0x000000fa   Code   RO          653    i.I2C_WaitOnMasterAddressFlagUntilTimeout  stm32f1xx_hal_i2c.o
    0x08004cfe   0x08004cfe   0x0000008a   Code   RO          654    i.I2C_WaitOnRXNEFlagUntilTimeout  stm32f1xx_hal_i2c.o
    0x08004d88   0x08004d88   0x00000066   Code   RO          657    i.I2C_WaitOnTXEFlagUntilTimeout  stm32f1xx_hal_i2c.o
    0x08004dee   0x08004dee   0x00000002   PAD
    0x08004df0   0x08004df0   0x00000014   Code   RO         3889    i.Int_AT6558R_EnterLowPower  int_at6558r.o
    0x08004e04   0x08004e04   0x0000005c   Code   RO         3890    i.Int_AT6558R_GetGPS  int_at6558r.o
    0x08004e60   0x08004e60   0x00000068   Code   RO         3891    i.Int_AT6558R_Init  int_at6558r.o
    0x08004ec8   0x08004ec8   0x00000014   Code   RO         3892    i.Int_AT6558R_LeaveLowPower  int_at6558r.o
    0x08004edc   0x08004edc   0x00000054   Code   RO         3893    i.Int_AT6558R_SendCMD  int_at6558r.o
    0x08004f30   0x08004f30   0x0000002c   Code   RO         3894    i.Int_AT6558T_GetSize  int_at6558r.o
    0x08004f5c   0x08004f5c   0x00000068   Code   RO         3846    i.Int_DS3552_WriteRegister  int_ds3553.o
    0x08004fc4   0x08004fc4   0x00000024   Code   RO         3847    i.Int_DS3553_GetStepNumber  int_ds3553.o
    0x08004fe8   0x08004fe8   0x00000068   Code   RO         3848    i.Int_DS3553_Init   int_ds3553.o
    0x08005050   0x08005050   0x00000054   Code   RO         3849    i.Int_DS3553_ReadRegister  int_ds3553.o
    0x080050a4   0x080050a4   0x00000018   Code   RO         4641    i.Int_LoRa_Init     int_lora.o
    0x080050bc   0x080050bc   0x00000018   Code   RO         4643    i.Int_Lora_Send     int_lora.o
    0x080050d4   0x080050d4   0x00000054   Code   RO         3950    i.Int_QS100_ConnectServer  int_qs100.o
    0x08005128   0x08005128   0x0000003c   Code   RO         3951    i.Int_QS100_CreateSocket  int_qs100.o
    0x08005164   0x08005164   0x0000001c   Code   RO         3952    i.Int_QS100_EnterLowPower  int_qs100.o
    0x08005180   0x08005180   0x0000002c   Code   RO         3953    i.Int_QS100_GetSize  int_qs100.o
    0x080051ac   0x080051ac   0x00000044   Code   RO         3954    i.Int_QS100_Init    int_qs100.o
    0x080051f0   0x080051f0   0x00000034   Code   RO         3955    i.Int_QS100_IsNetWork  int_qs100.o
    0x08005224   0x08005224   0x00000008   Code   RO         3956    i.Int_QS100_LeaveLowPower  int_qs100.o
    0x0800522c   0x0800522c   0x000000f0   Code   RO         3957    i.Int_QS100_SendATCMD  int_qs100.o
    0x0800531c   0x0800531c   0x0000008c   Code   RO         3958    i.Int_QS100_SendData2Server  int_qs100.o
    0x080053a8   0x080053a8   0x00000368   Code   RO         3959    i.Int_QS100_UploadData  int_qs100.o
    0x08005710   0x08005710   0x00000024   Code   RO         3960    i.Int_QS100_WakeUp  int_qs100.o
    0x08005734   0x08005734   0x000000ec   Code   RO          219    i.MX_GPIO_Init      gpio.o
    0x08005820   0x08005820   0x0000003c   Code   RO          245    i.MX_I2C1_Init      i2c.o
    0x0800585c   0x0800585c   0x0000002c   Code   RO          287    i.MX_RTC_Init       rtc.o
    0x08005888   0x08005888   0x00000044   Code   RO          329    i.MX_SPI1_Init      spi.o
    0x080058cc   0x080058cc   0x00000038   Code   RO          371    i.MX_USART1_UART_Init  usart.o
    0x08005904   0x08005904   0x00000038   Code   RO          372    i.MX_USART2_UART_Init  usart.o
    0x0800593c   0x0800593c   0x00000038   Code   RO          373    i.MX_USART3_UART_Init  usart.o
    0x08005974   0x08005974   0x00000004   Code   RO          427    i.MemManage_Handler  stm32f1xx_it.o
    0x08005978   0x08005978   0x00000004   Code   RO          428    i.NMI_Handler       stm32f1xx_it.o
    0x0800597c   0x0800597c   0x00000002   Code   RO          429    i.PendSV_Handler    stm32f1xx_it.o
    0x0800597e   0x0800597e   0x00000002   PAD
    0x08005980   0x08005980   0x00000028   Code   RO         1241    i.RCC_Delay         stm32f1xx_hal_rcc.o
    0x080059a8   0x080059a8   0x00000016   Code   RO         2078    i.RTC_Bcd2ToByte    stm32f1xx_hal_rtc.o
    0x080059be   0x080059be   0x0000001a   Code   RO         2079    i.RTC_ByteToBcd2    stm32f1xx_hal_rtc.o
    0x080059d8   0x080059d8   0x000000b6   Code   RO         2080    i.RTC_DateUpdate    stm32f1xx_hal_rtc.o
    0x08005a8e   0x08005a8e   0x0000003a   Code   RO         2081    i.RTC_EnterInitMode  stm32f1xx_hal_rtc.o
    0x08005ac8   0x08005ac8   0x0000003a   Code   RO         2082    i.RTC_ExitInitMode  stm32f1xx_hal_rtc.o
    0x08005b02   0x08005b02   0x00000032   Code   RO         2083    i.RTC_IsLeapYear    stm32f1xx_hal_rtc.o
    0x08005b34   0x08005b34   0x00000018   Code   RO         2084    i.RTC_ReadAlarmCounter  stm32f1xx_hal_rtc.o
    0x08005b4c   0x08005b4c   0x00000034   Code   RO         2085    i.RTC_ReadTimeCounter  stm32f1xx_hal_rtc.o
    0x08005b80   0x08005b80   0x00000084   Code   RO         2086    i.RTC_WeekDayNum    stm32f1xx_hal_rtc.o
    0x08005c04   0x08005c04   0x0000002e   Code   RO         2087    i.RTC_WriteAlarmCounter  stm32f1xx_hal_rtc.o
    0x08005c32   0x08005c32   0x0000002e   Code   RO         2088    i.RTC_WriteTimeCounter  stm32f1xx_hal_rtc.o
    0x08005c60   0x08005c60   0x00000044   Code   RO         2387    i.SPI_EndRxTxTransaction  stm32f1xx_hal_spi.o
    0x08005ca4   0x08005ca4   0x000000d8   Code   RO         2392    i.SPI_WaitFlagStateUntilTimeout  stm32f1xx_hal_spi.o
    0x08005d7c   0x08005d7c   0x00000002   Code   RO          430    i.SVC_Handler       stm32f1xx_it.o
    0x08005d7e   0x08005d7e   0x00000008   Code   RO          431    i.SysTick_Handler   stm32f1xx_it.o
    0x08005d86   0x08005d86   0x00000088   Code   RO           14    i.SystemClock_Config  main.o
    0x08005e0e   0x08005e0e   0x00000002   Code   RO         3034    i.SystemInit        system_stm32f1xx.o
    0x08005e10   0x08005e10   0x00000014   Code   RO         2703    i.UART_DMAAbortOnError  stm32f1xx_hal_uart.o
    0x08005e24   0x08005e24   0x0000006c   Code   RO         2713    i.UART_EndRxTransfer  stm32f1xx_hal_uart.o
    0x08005e90   0x08005e90   0x00000020   Code   RO         2714    i.UART_EndTransmit_IT  stm32f1xx_hal_uart.o
    0x08005eb0   0x08005eb0   0x000000fc   Code   RO         2716    i.UART_Receive_IT   stm32f1xx_hal_uart.o
    0x08005fac   0x08005fac   0x000000fc   Code   RO         2717    i.UART_SetConfig    stm32f1xx_hal_uart.o
    0x080060a8   0x080060a8   0x00000040   Code   RO         2719    i.UART_Start_Receive_IT  stm32f1xx_hal_uart.o
    0x080060e8   0x080060e8   0x00000060   Code   RO         2720    i.UART_Transmit_IT  stm32f1xx_hal_uart.o
    0x08006148   0x08006148   0x0000008c   Code   RO         2721    i.UART_WaitOnFlagUntilTimeout  stm32f1xx_hal_uart.o
    0x080061d4   0x080061d4   0x00000010   Code   RO          432    i.USART2_IRQHandler  stm32f1xx_it.o
    0x080061e4   0x080061e4   0x00000010   Code   RO          433    i.USART3_IRQHandler  stm32f1xx_it.o
    0x080061f4   0x080061f4   0x00000004   Code   RO          434    i.UsageFault_Handler  stm32f1xx_it.o
    0x080061f8   0x080061f8   0x00000020   Code   RO         4950    i.__0printf         mc_w.l(printfa.o)
    0x08006218   0x08006218   0x00000028   Code   RO         4952    i.__0sprintf        mc_w.l(printfa.o)
    0x08006240   0x08006240   0x00000010   Code   RO         1548    i.__NVIC_GetPriorityGrouping  stm32f1xx_hal_cortex.o
    0x08006250   0x08006250   0x00000028   Code   RO         1549    i.__NVIC_SetPriority  stm32f1xx_hal_cortex.o
    0x08006278   0x08006278   0x0000005c   Code   RO         4982    i.__free$realloc    mc_w.l(mallocr.o)
    0x080062d4   0x080062d4   0x00000050   Code   RO         4983    i.__malloc$realloc  mc_w.l(mallocr.o)
    0x08006324   0x08006324   0x0000000e   Code   RO         5107    i.__scatterload_copy  mc_w.l(handlers.o)
    0x08006332   0x08006332   0x00000002   Code   RO         5108    i.__scatterload_null  mc_w.l(handlers.o)
    0x08006334   0x08006334   0x0000000e   Code   RO         5109    i.__scatterload_zeroinit  mc_w.l(handlers.o)
    0x08006342   0x08006342   0x00000002   PAD
    0x08006344   0x08006344   0x00000184   Code   RO         4957    i._fp_digits        mc_w.l(printfa.o)
    0x080064c8   0x080064c8   0x0000000e   Code   RO         5014    i._is_digit         mc_w.l(scanf_fp.o)
    0x080064d6   0x080064d6   0x00000002   PAD
    0x080064d8   0x080064d8   0x000006b4   Code   RO         4958    i._printf_core      mc_w.l(printfa.o)
    0x08006b8c   0x08006b8c   0x00000024   Code   RO         4959    i._printf_post_padding  mc_w.l(printfa.o)
    0x08006bb0   0x08006bb0   0x0000002e   Code   RO         4960    i._printf_pre_padding  mc_w.l(printfa.o)
    0x08006bde   0x08006bde   0x0000000a   Code   RO         4962    i._sputc            mc_w.l(printfa.o)
    0x08006be8   0x08006be8   0x00000036   Code   RO         3167    i.add_item_to_array  cjson.o
    0x08006c1e   0x08006c1e   0x0000007a   Code   RO         3168    i.add_item_to_object  cjson.o
    0x08006c98   0x08006c98   0x0000003c   Code   RO         3179    i.cJSON_AddNumberToObject  cjson.o
    0x08006cd4   0x08006cd4   0x00000034   Code   RO         3182    i.cJSON_AddStringToObject  cjson.o
    0x08006d08   0x08006d08   0x00000064   Code   RO         3193    i.cJSON_CreateNumber  cjson.o
    0x08006d6c   0x08006d6c   0x00000018   Code   RO         3194    i.cJSON_CreateObject  cjson.o
    0x08006d84   0x08006d84   0x00000034   Code   RO         3197    i.cJSON_CreateString  cjson.o
    0x08006db8   0x08006db8   0x00000060   Code   RO         3201    i.cJSON_Delete      cjson.o
    0x08006e18   0x08006e18   0x0000001a   Code   RO         3231    i.cJSON_New_Item    cjson.o
    0x08006e32   0x08006e32   0x00000002   PAD
    0x08006e34   0x08006e34   0x00000014   Code   RO         3239    i.cJSON_PrintUnformatted  cjson.o
    0x08006e48   0x08006e48   0x00000014   Code   RO         3247    i.cJSON_free        cjson.o
    0x08006e5c   0x08006e5c   0x00000038   Code   RO         3249    i.cJSON_strdup      cjson.o
    0x08006e94   0x08006e94   0x00000002   Code   RO         3251    i.cast_away_const   cjson.o
    0x08006e96   0x08006e96   0x00000002   PAD
    0x08006e98   0x08006e98   0x00000074   Code   RO         3252    i.compare_double    cjson.o
    0x08006f0c   0x08006f0c   0x000000b8   Code   RO         3254    i.ensure            cjson.o
    0x08006fc4   0x08006fc4   0x0000001c   Code   RO         3070    i.fputc             com_debug.o
    0x08006fe0   0x08006fe0   0x00000004   Code   RO         3256    i.get_decimal_point  cjson.o
    0x08006fe4   0x08006fe4   0x00000050   Code   RO         4984    i.internal_alloc    mc_w.l(mallocr.o)
    0x08007034   0x08007034   0x0000003e   Code   RO           15    i.main              main.o
    0x08007072   0x08007072   0x000000bc   Code   RO         3265    i.print             cjson.o
    0x0800712e   0x0800712e   0x000000b2   Code   RO         3266    i.print_array       cjson.o
    0x080071e0   0x080071e0   0x00000154   Code   RO         3267    i.print_number      cjson.o
    0x08007334   0x08007334   0x00000174   Code   RO         3268    i.print_object      cjson.o
    0x080074a8   0x080074a8   0x00000010   Code   RO         3269    i.print_string      cjson.o
    0x080074b8   0x080074b8   0x00000174   Code   RO         3270    i.print_string_ptr  cjson.o
    0x0800762c   0x0800762c   0x00000104   Code   RO         3271    i.print_value       cjson.o
    0x08007730   0x08007730   0x0000006c   Code   RO         4985    i.realloc           mc_w.l(mallocr.o)
    0x0800779c   0x0800779c   0x00000006   Code   RO         3276    i.suffix_object     cjson.o
    0x080077a2   0x080077a2   0x00000024   Code   RO         3277    i.update_offset     cjson.o
    0x080077c6   0x080077c6   0x00000012   Data   RO         1242    .constdata          stm32f1xx_hal_rcc.o
    0x080077d8   0x080077d8   0x00000012   Data   RO         1338    .constdata          stm32f1xx_hal_rcc_ex.o
    0x080077ea   0x080077ea   0x00000018   Data   RO         3035    .constdata          system_stm32f1xx.o
    0x08007802   0x08007802   0x00000002   PAD
    0x08007804   0x08007804   0x00000020   Data   RO         4087    .constdata          ebyte_core.o
    0x08007824   0x08007824   0x000000c8   Data   RO         4223    .constdata          ebyte_e220x.o
    0x080078ec   0x080078ec   0x0000000c   Data   RO         4697    .constdata          mc_w.l(mktime.o)
    0x080078f8   0x080078f8   0x0000000c   Data   RO         5073    .constdata          mc_w.l(localtime_i.o)
    0x08007904   0x08007904   0x00000040   Data   RO         5103    .constdata          mc_w.l(ctype_c.o)
    0x08007944   0x08007944   0x0000004b   Data   RO         4045    .conststring        app_main.o
    0x0800798f   0x0800798f   0x00000001   PAD
    0x08007990   0x08007990   0x00000020   Data   RO         5105    Region$$Table       anon$$obj.o


    Execution Region RW_IRAM1 (Exec base: 0x20000000, Load base: 0x080079b0, Size: 0x00002048, Max: 0x00005000, ABSOLUTE)

    Exec Addr    Load Addr    Size         Type   Attr      Idx    E Section Name        Object

    0x20000000   0x080079b0   0x00000009   Data   RW         1078    .data               stm32f1xx_hal.o
    0x20000009   0x080079b9   0x00000003   PAD
    0x2000000c   0x080079bc   0x00000004   Data   RW         3036    .data               system_stm32f1xx.o
    0x20000010   0x080079c0   0x00000014   Data   RW         3280    .data               cjson.o
    0x20000024   0x080079d4   0x00000002   Data   RW         3896    .data               int_at6558r.o
    0x20000026   0x080079d6   0x00000004   Data   RW         3962    .data               int_qs100.o
    0x2000002a   0x080079da   0x00000002   Data   RW         4046    .data               app_main.o
    0x2000002c   0x080079dc   0x00000008   Data   RW         4224    .data               ebyte_e220x.o
    0x20000034   0x080079e4   0x00000004   Data   RW         5060    .data               mc_w.l(stdout.o)
    0x20000038   0x080079e8   0x00000004   Data   RW         5075    .data               mc_w.l(mvars.o)
    0x2000003c   0x080079ec   0x00000004   Data   RW         5076    .data               mc_w.l(mvars.o)
    0x20000040        -       0x00000054   Zero   RW          246    .bss                i2c.o
    0x20000094        -       0x00000014   Zero   RW          288    .bss                rtc.o
    0x200000a8        -       0x00000058   Zero   RW          330    .bss                spi.o
    0x20000100        -       0x000000d8   Zero   RW          374    .bss                usart.o
    0x200001d8        -       0x0000022c   Zero   RW         3139    .bss                com_status.o
    0x20000404        -       0x00000800   Zero   RW         3895    .bss                int_at6558r.o
    0x20000c04        -       0x00000100   Zero   RW         3961    .bss                int_qs100.o
    0x20000d04        -       0x00000800   Zero   RW         4044    .bss                app_main.o
    0x20001504        -       0x00000113   Zero   RW         4222    .bss                ebyte_e220x.o
    0x20001617   0x080079f0   0x00000001   PAD
    0x20001618        -       0x0000002c   Zero   RW         5070    .bss                mc_w.l(localtime_w.o)
    0x20001644   0x080079f0   0x00000004   PAD
    0x20001648        -       0x00000600   Zero   RW            2    HEAP                startup_stm32f103xb.o
    0x20001c48        -       0x00000400   Zero   RW            1    STACK               startup_stm32f103xb.o


==============================================================================

Image component sizes


      Code (inc. data)   RO Data    RW Data    ZI Data      Debug   Object Name

       860        218         75          2       2048       3040   app_main.o
      2756        124          0         20          0      26527   cjson.o
        28          6          0          0          0       1772   com_debug.o
        38          0          0          0          0       1051   com_delay.o
       412        106          0          0        556       5237   com_status.o
       412        198          0          0          0       2251   ebyte_callback.o
         0          0         32          0          0       1727   ebyte_core.o
      2098         92        200          8        275      35393   ebyte_e220x.o
       220         28          0          0          0       4081   ebyte_port.o
       236         12          0          0          0       1047   gpio.o
       176         24          0          0         84       1745   i2c.o
       364         96          0          2       2048       4221   int_at6558r.o
       328         62          0          0          0       2349   int_ds3553.o
        48         10          0          0          0       1996   int_lora.o
      1632        574          0          4        256       7856   int_qs100.o
       204          0          0          0          0     415961   main.o
       108         22          0          0         20       1619   rtc.o
       200         20          0          0         88       1773   spi.o
        36          8        236          0       2560        832   startup_stm32f103xb.o
       192         36          0          9          0       6161   stm32f1xx_hal.o
       304         22          0          0          0      29655   stm32f1xx_hal_cortex.o
       262          4          0          0          0       1855   stm32f1xx_hal_dma.o
       828         34          0          0          0       3451   stm32f1xx_hal_gpio.o
      3124         50          0          0          0      12006   stm32f1xx_hal_i2c.o
        84          8          0          0          0        962   stm32f1xx_hal_msp.o
        52         12          0          0          0       1102   stm32f1xx_hal_pwr.o
      1748         98         18          0          0       6240   stm32f1xx_hal_rcc.o
       556         34         18          0          0       2473   stm32f1xx_hal_rcc_ex.o
      1424          8          0          0          0      11649   stm32f1xx_hal_rtc.o
      1058          6          0          0          0       4609   stm32f1xx_hal_spi.o
      2132          8          0          0          0      12653   stm32f1xx_hal_uart.o
       110         20          0          0          0       6231   stm32f1xx_it.o
         2          0         24          4          0       1223   system_stm32f1xx.o
       552         54          0          0        216       3140   usart.o

    ----------------------------------------------------------------------
     22606       1994        638         52       8152     623888   Object Totals
         0          0         32          0          0          0   (incl. Generated)
        22          0          3          3          1          0   (incl. Padding)

    ----------------------------------------------------------------------

      Code (inc. data)   RO Data    RW Data    ZI Data      Debug   Library Member Name

        56          8          0          0          0         84   __0sscanf.o
        28          0          0          0          0         68   _chval.o
       816          6          0          0          0        112   _scanf.o
       332          0          0          0          0         96   _scanf_int.o
       224          0          0          0          0         96   _scanf_str.o
        64          0          0          0          0         84   _sgetc.o
        40          6         64          0          0         68   ctype_c.o
         0          0          0          0          0          0   entry.o
         0          0          0          0          0          0   entry10a.o
         0          0          0          0          0          0   entry11a.o
         4          0          0          0          0          0   entry12b.o
         8          4          0          0          0          0   entry2.o
         4          0          0          0          0          0   entry5.o
         0          0          0          0          0          0   entry7b.o
         0          0          0          0          0          0   entry8b.o
         8          4          0          0          0          0   entry9a.o
        30          0          0          0          0          0   handlers.o
        36          8          0          0          0         68   init.o
        10          0          0          0          0         68   isspace_c.o
         0          0          0          0          0          0   iusefp.o
        30          0          0          0          0         68   llshl.o
        36          0          0          0          0         68   llsshr.o
        32          0          0          0          0         68   llushr.o
       140          6         12          0          0         76   localtime_i.o
        12          6          0          0         44         68   localtime_w.o
       360         30          0          0          0        356   mallocr.o
        36          0          0          0          0         68   memcpya.o
        36          0          0          0          0        108   memseta.o
       168         18         12          0          0         80   mktime.o
         0          0          0          8          0          0   mvars.o
      2268         96          0          0          0        616   printfa.o
        40          8          0          0          0         84   scanf_char.o
       878         12          0          0          0        216   scanf_fp.o
         0          0          0          4          0          0   stdout.o
        18          0          0          0          0         68   strcpy.o
        14          0          0          0          0         68   strlen.o
        22          0          0          0          0         68   strrchr.o
        36          0          0          0          0         80   strstr.o
        44          0          0          0          0         80   uidiv.o
        98          0          0          0          0         92   uldiv.o
        48          0          0          0          0         68   cdcmple.o
        48          0          0          0          0         68   cdrcmple.o
        56          0          0          0          0         88   d2f.o
       334          0          0          0          0        148   dadd.o
       222          0          0          0          0        100   ddiv.o
       186          0          0          0          0        176   depilogue.o
        62          0          0          0          0         80   dfixi.o
        50          0          0          0          0         76   dfixui.o
        48          0          0          0          0         68   dfixul.o
        34          0          0          0          0         76   dflti.o
        26          0          0          0          0         76   dfltui.o
        24          0          0          0          0         76   dfltul.o
       228          0          0          0          0         96   dmul.o
        38          0          0          0          0         68   f2d.o
       176          0          0          0          0        140   fadd.o
       124          0          0          0          0         88   fdiv.o
       110          0          0          0          0        168   fepilogue.o
        50          0          0          0          0         68   ffixi.o
        18          0          0          0          0         68   fflti.o

    ----------------------------------------------------------------------
      7820        212         88         12         48       4872   Library Totals
        10          0          0          0          4          0   (incl. Padding)

    ----------------------------------------------------------------------

      Code (inc. data)   RO Data    RW Data    ZI Data      Debug   Library Name

      5928        212         88         12         44       3076   mc_w.l
      1882          0          0          0          0       1796   mf_w.l

    ----------------------------------------------------------------------
      7820        212         88         12         48       4872   Library Totals

    ----------------------------------------------------------------------

==============================================================================


      Code (inc. data)   RO Data    RW Data    ZI Data      Debug   

     30426       2206        726         64       8200     615496   Grand Totals
     30426       2206        726         64       8200     615496   ELF Image Totals
     30426       2206        726         64          0          0   ROM Totals

==============================================================================

    Total RO  Size (Code + RO Data)                31152 (  30.42kB)
    Total RW  Size (RW Data + ZI Data)              8264 (   8.07kB)
    Total ROM Size (Code + RO Data + RW Data)      31216 (  30.48kB)

==============================================================================

