Component: ARM Compiler 5.06 update 7 (build 960) Tool: armlink [4d3601]

==============================================================================

Section Cross References

    startup_stm32f103xe.o(RESET) refers to startup_stm32f103xe.o(STACK) for __initial_sp
    startup_stm32f103xe.o(RESET) refers to startup_stm32f103xe.o(.text) for Reset_Handler
    startup_stm32f103xe.o(RESET) refers to stm32f1xx_it.o(i.NMI_Handler) for NMI_Handler
    startup_stm32f103xe.o(RESET) refers to stm32f1xx_it.o(i.HardFault_Handler) for HardFault_Handler
    startup_stm32f103xe.o(RESET) refers to stm32f1xx_it.o(i.MemManage_Handler) for MemManage_Handler
    startup_stm32f103xe.o(RESET) refers to stm32f1xx_it.o(i.BusFault_Handler) for BusFault_Handler
    startup_stm32f103xe.o(RESET) refers to stm32f1xx_it.o(i.UsageFault_Handler) for UsageFault_Handler
    startup_stm32f103xe.o(RESET) refers to stm32f1xx_it.o(i.SVC_Handler) for SVC_Handler
    startup_stm32f103xe.o(RESET) refers to stm32f1xx_it.o(i.DebugMon_Handler) for DebugMon_Handler
    startup_stm32f103xe.o(RESET) refers to stm32f1xx_it.o(i.PendSV_Handler) for PendSV_Handler
    startup_stm32f103xe.o(RESET) refers to stm32f1xx_it.o(i.SysTick_Handler) for SysTick_Handler
    startup_stm32f103xe.o(.text) refers to system_stm32f1xx.o(i.SystemInit) for SystemInit
    startup_stm32f103xe.o(.text) refers to entry.o(.ARM.Collect$$$$00000000) for __main
    main.o(i.SystemClock_Config) refers to memseta.o(.text) for __aeabi_memclr4
    main.o(i.SystemClock_Config) refers to stm32f1xx_hal_rcc.o(i.HAL_RCC_OscConfig) for HAL_RCC_OscConfig
    main.o(i.SystemClock_Config) refers to main.o(i.Error_Handler) for Error_Handler
    main.o(i.SystemClock_Config) refers to stm32f1xx_hal_rcc.o(i.HAL_RCC_ClockConfig) for HAL_RCC_ClockConfig
    main.o(i.main) refers to stm32f1xx_hal.o(i.HAL_Init) for HAL_Init
    main.o(i.main) refers to main.o(i.SystemClock_Config) for SystemClock_Config
    main.o(i.main) refers to gpio.o(i.MX_GPIO_Init) for MX_GPIO_Init
    main.o(i.main) refers to usart.o(i.MX_USART1_UART_Init) for MX_USART1_UART_Init
    main.o(i.main) refers to spi.o(i.MX_SPI1_Init) for MX_SPI1_Init
    main.o(i.main) refers to spi.o(i.MX_SPI2_Init) for MX_SPI2_Init
    main.o(i.main) refers to strrchr.o(.text) for strrchr
    main.o(i.main) refers to printf3.o(i.__0printf$3) for __2printf
    main.o(i.main) refers to int_lora.o(i.Int_LoRa_Init) for Int_LoRa_Init
    main.o(i.main) refers to int_w5500.o(i.Int_W5500_Init) for Int_W5500_Init
    main.o(i.main) refers to int_lora.o(i.Int_Lora_Receive) for Int_Lora_Receive
    main.o(i.main) refers to com_delay.o(i.Com_Delay_Sec) for Com_Delay_Sec
    gpio.o(i.MX_GPIO_Init) refers to stm32f1xx_hal_gpio.o(i.HAL_GPIO_WritePin) for HAL_GPIO_WritePin
    gpio.o(i.MX_GPIO_Init) refers to stm32f1xx_hal_gpio.o(i.HAL_GPIO_Init) for HAL_GPIO_Init
    spi.o(i.HAL_SPI_MspDeInit) refers to stm32f1xx_hal_gpio.o(i.HAL_GPIO_DeInit) for HAL_GPIO_DeInit
    spi.o(i.HAL_SPI_MspInit) refers to stm32f1xx_hal_gpio.o(i.HAL_GPIO_Init) for HAL_GPIO_Init
    spi.o(i.MX_SPI1_Init) refers to stm32f1xx_hal_spi.o(i.HAL_SPI_Init) for HAL_SPI_Init
    spi.o(i.MX_SPI1_Init) refers to main.o(i.Error_Handler) for Error_Handler
    spi.o(i.MX_SPI1_Init) refers to spi.o(.bss) for hspi1
    spi.o(i.MX_SPI2_Init) refers to stm32f1xx_hal_spi.o(i.HAL_SPI_Init) for HAL_SPI_Init
    spi.o(i.MX_SPI2_Init) refers to main.o(i.Error_Handler) for Error_Handler
    spi.o(i.MX_SPI2_Init) refers to spi.o(.bss) for hspi2
    usart.o(i.HAL_UART_MspDeInit) refers to stm32f1xx_hal_gpio.o(i.HAL_GPIO_DeInit) for HAL_GPIO_DeInit
    usart.o(i.HAL_UART_MspInit) refers to stm32f1xx_hal_gpio.o(i.HAL_GPIO_Init) for HAL_GPIO_Init
    usart.o(i.MX_USART1_UART_Init) refers to stm32f1xx_hal_uart.o(i.HAL_UART_Init) for HAL_UART_Init
    usart.o(i.MX_USART1_UART_Init) refers to main.o(i.Error_Handler) for Error_Handler
    usart.o(i.MX_USART1_UART_Init) refers to usart.o(.bss) for huart1
    stm32f1xx_it.o(i.SysTick_Handler) refers to stm32f1xx_hal.o(i.HAL_IncTick) for HAL_IncTick
    stm32f1xx_hal_spi.o(i.HAL_SPI_Abort) refers to stm32f1xx_hal_dma.o(i.HAL_DMA_Abort) for HAL_DMA_Abort
    stm32f1xx_hal_spi.o(i.HAL_SPI_Abort) refers to system_stm32f1xx.o(.data) for SystemCoreClock
    stm32f1xx_hal_spi.o(i.HAL_SPI_Abort) refers to stm32f1xx_hal_spi.o(i.SPI_AbortTx_ISR) for SPI_AbortTx_ISR
    stm32f1xx_hal_spi.o(i.HAL_SPI_Abort) refers to stm32f1xx_hal_spi.o(i.SPI_AbortRx_ISR) for SPI_AbortRx_ISR
    stm32f1xx_hal_spi.o(i.HAL_SPI_Abort_IT) refers to stm32f1xx_hal_dma.o(i.HAL_DMA_Abort_IT) for HAL_DMA_Abort_IT
    stm32f1xx_hal_spi.o(i.HAL_SPI_Abort_IT) refers to stm32f1xx_hal_spi.o(i.HAL_SPI_AbortCpltCallback) for HAL_SPI_AbortCpltCallback
    stm32f1xx_hal_spi.o(i.HAL_SPI_Abort_IT) refers to system_stm32f1xx.o(.data) for SystemCoreClock
    stm32f1xx_hal_spi.o(i.HAL_SPI_Abort_IT) refers to stm32f1xx_hal_spi.o(i.SPI_AbortTx_ISR) for SPI_AbortTx_ISR
[...]
    Removing ebyte_e220x.o(i.Ebyte_E220x_SetRxBoosted), (56 bytes).
    Removing ebyte_e220x.o(i.Ebyte_E220x_SetRxDutyCycle), (64 bytes).
    Removing ebyte_e220x.o(i.Ebyte_E220x_SetRxTxFallbackMode), (14 bytes).
    Removing ebyte_e220x.o(i.Ebyte_E220x_SetStopRxTimerOnPreambleDetect), (14 bytes).
    Removing ebyte_e220x.o(i.Ebyte_E220x_SetTxContinuousWave), (14 bytes).
    Removing ebyte_e220x.o(i.Ebyte_E220x_SetTxInfinitePreamble), (14 bytes).
    Removing ebyte_e220x.o(i.Ebyte_E220x_SetWhiteningSeed), (58 bytes).
    Removing ebyte_port.o(.rev16_text), (4 bytes).
    Removing ebyte_port.o(.revsh_text), (4 bytes).
    Removing ebyte_port.o(.rrx_text), (6 bytes).
    Removing socket.o(i.ctlsocket), (300 bytes).
    Removing socket.o(i.disconnect), (188 bytes).
    Removing socket.o(i.getsockopt), (408 bytes).
    Removing socket.o(i.listen), (158 bytes).
    Removing socket.o(i.recv), (288 bytes).
    Removing socket.o(i.recvfrom), (780 bytes).
    Removing socket.o(i.sendto), (524 bytes).
    Removing socket.o(i.setsockopt), (398 bytes).
    Removing wizchip_conf.o(.rev16_text), (4 bytes).
    Removing wizchip_conf.o(.revsh_text), (4 bytes).
    Removing wizchip_conf.o(.rrx_text), (6 bytes).
    Removing wizchip_conf.o(i.ctlnetwork), (80 bytes).
    Removing wizchip_conf.o(i.ctlwizchip), (288 bytes).
    Removing wizchip_conf.o(i.reg_wizchip_bus_cbfunc), (52 bytes).
    Removing wizchip_conf.o(i.reg_wizchip_cris_cbfunc), (40 bytes).
    Removing wizchip_conf.o(i.reg_wizchip_spiburst_cbfunc), (52 bytes).
    Removing wizchip_conf.o(i.wizchip_clrinterrupt), (60 bytes).
    Removing wizchip_conf.o(i.wizchip_getinterrupt), (42 bytes).
    Removing wizchip_conf.o(i.wizchip_getinterruptmask), (40 bytes).
    Removing wizchip_conf.o(i.wizchip_getnetinfo), (92 bytes).
    Removing wizchip_conf.o(i.wizchip_getnetmode), (10 bytes).
    Removing wizchip_conf.o(i.wizchip_gettimeout), (40 bytes).
    Removing wizchip_conf.o(i.wizchip_init), (144 bytes).
    Removing wizchip_conf.o(i.wizchip_setinterruptmask), (30 bytes).
    Removing wizchip_conf.o(i.wizchip_setnetinfo), (88 bytes).
    Removing wizchip_conf.o(i.wizchip_setnetmode), (38 bytes).
    Removing wizchip_conf.o(i.wizchip_settimeout), (38 bytes).
    Removing wizchip_conf.o(i.wizchip_spi_readburst), (2 bytes).
    Removing wizchip_conf.o(i.wizchip_spi_writeburst), (2 bytes).
    Removing wizchip_conf.o(i.wizchip_sw_reset), (114 bytes).
    Removing wizchip_conf.o(i.wizphy_getphyconf), (120 bytes).
    Removing wizchip_conf.o(i.wizphy_getphylink), (24 bytes).
    Removing wizchip_conf.o(i.wizphy_getphypmode), (30 bytes).
    Removing wizchip_conf.o(i.wizphy_getphystat), (28 bytes).
    Removing wizchip_conf.o(i.wizphy_reset), (52 bytes).
    Removing wizchip_conf.o(i.wizphy_setphyconf), (88 bytes).
    Removing wizchip_conf.o(i.wizphy_setphypmode), (100 bytes).
    Removing w5500.o(i.getSn_RX_RSR), (108 bytes).
    Removing w5500.o(i.wiz_recv_data), (132 bytes).
    Removing w5500.o(i.wiz_recv_ignore), (102 bytes).
    Removing int_w5500.o(.rev16_text), (4 bytes).
    Removing int_w5500.o(.revsh_text), (4 bytes).
    Removing int_w5500.o(.rrx_text), (6 bytes).
    Removing dmul.o(.text), (228 bytes).
    Removing dadd.o(.text), (334 bytes).
    Removing dfixul.o(.text), (48 bytes).
    Removing cdrcmple.o(.text), (48 bytes).

377 unused section(s) (total 28634 bytes) removed from the image.

==============================================================================

Image Symbol Table

    Local Symbols

    Symbol Name                              Value     Ov Type        Size  Object(Section)

    ../Core/Src/gpio.c                       0x00000000   Number         0  gpio.o ABSOLUTE
    ../Core/Src/main.c                       0x00000000   Number         0  main.o ABSOLUTE
    ../Core/Src/spi.c                        0x00000000   Number         0  spi.o ABSOLUTE
    ../Core/Src/stm32f1xx_hal_msp.c          0x00000000   Number         0  stm32f1xx_hal_msp.o ABSOLUTE
    ../Core/Src/stm32f1xx_it.c               0x00000000   Number         0  stm32f1xx_it.o ABSOLUTE
    ../Core/Src/system_stm32f1xx.c           0x00000000   Number         0  system_stm32f1xx.o ABSOLUTE
    ../Core/Src/usart.c                      0x00000000   Number         0  usart.o ABSOLUTE
    ../Drivers/STM32F1xx_HAL_Driver/Src/stm32f1xx_hal.c 0x00000000   Number         0  stm32f1xx_hal.o ABSOLUTE
    ../Drivers/STM32F1xx_HAL_Driver/Src/stm32f1xx_hal_cortex.c 0x00000000   Number         0  stm32f1xx_hal_cortex.o ABSOLUTE
    ../Drivers/STM32F1xx_HAL_Driver/Src/stm32f1xx_hal_dma.c 0x00000000   Number         0  stm32f1xx_hal_dma.o ABSOLUTE
    ../Drivers/STM32F1xx_HAL_Driver/Src/stm32f1xx_hal_exti.c 0x00000000   Number         0  stm32f1xx_hal_exti.o ABSOLUTE
    ../Drivers/STM32F1xx_HAL_Driver/Src/stm32f1xx_hal_flash.c 0x00000000   Number         0  stm32f1xx_hal_flash.o ABSOLUTE
    ../Drivers/STM32F1xx_HAL_Driver/Src/stm32f1xx_hal_flash_ex.c 0x00000000   Number         0  stm32f1xx_hal_flash_ex.o ABSOLUTE
    ../Drivers/STM32F1xx_HAL_Driver/Src/stm32f1xx_hal_gpio.c 0x00000000   Number         0  stm32f1xx_hal_gpio.o ABSOLUTE
    ../Drivers/STM32F1xx_HAL_Driver/Src/stm32f1xx_hal_gpio_ex.c 0x00000000   Number         0  stm32f1xx_hal_gpio_ex.o ABSOLUTE
    ../Drivers/STM32F1xx_HAL_Driver/Src/stm32f1xx_hal_pwr.c 0x00000000   Number         0  stm32f1xx_hal_pwr.o ABSOLUTE
    ../Drivers/STM32F1xx_HAL_Driver/Src/stm32f1xx_hal_rcc.c 0x00000000   Number         0  stm32f1xx_hal_rcc.o ABSOLUTE
    ../Drivers/STM32F1xx_HAL_Driver/Src/stm32f1xx_hal_rcc_ex.c 0x00000000   Number         0  stm32f1xx_hal_rcc_ex.o ABSOLUTE
    ../Drivers/STM32F1xx_HAL_Driver/Src/stm32f1xx_hal_spi.c 0x00000000   Number         0  stm32f1xx_hal_spi.o ABSOLUTE
    ../Drivers/STM32F1xx_HAL_Driver/Src/stm32f1xx_hal_uart.c 0x00000000   Number         0  stm32f1xx_hal_uart.o ABSOLUTE
    ../clib/microlib/division.c              0x00000000   Number         0  uidiv.o ABSOLUTE
    ../clib/microlib/division.c              0x00000000   Number         0  uldiv.o ABSOLUTE
    ../clib/microlib/init/entry.s            0x00000000   Number         0  entry11a.o ABSOLUTE
    ../clib/microlib/init/entry.s            0x00000000   Number         0  entry10b.o ABSOLUTE
    ../clib/microlib/init/entry.s            0x00000000   Number         0  entry10a.o ABSOLUTE
    ../clib/microlib/init/entry.s            0x00000000   Number         0  entry9b.o ABSOLUTE
    ../clib/microlib/init/entry.s            0x00000000   Number         0  entry9a.o ABSOLUTE
    ../clib/microlib/init/entry.s            0x00000000   Number         0  entry7b.o ABSOLUTE
    ../clib/microlib/init/entry.s            0x00000000   Number         0  entry8a.o ABSOLUTE
    ../clib/microlib/init/entry.s            0x00000000   Number         0  entry11b.o ABSOLUTE
    ../clib/microlib/init/entry.s            0x00000000   Number         0  entry8b.o ABSOLUTE
    ../clib/microlib/init/entry.s            0x00000000   Number         0  entry5.o ABSOLUTE
    ../clib/microlib/init/entry.s            0x00000000   Number         0  entry2.o ABSOLUTE
    ../clib/microlib/init/entry.s            0x00000000   Number         0  entry7a.o ABSOLUTE
    ../clib/microlib/init/entry.s            0x00000000   Number         0  entry.o ABSOLUTE
    ../clib/microlib/init/entry.s            0x00000000   Number         0  entry12a.o ABSOLUTE
    ../clib/microlib/init/entry.s            0x00000000   Number         0  entry12b.o ABSOLUTE
    ../clib/microlib/longlong.c              0x00000000   Number         0  llshl.o ABSOLUTE
    ../clib/microlib/longlong.c              0x00000000   Number         0  llushr.o ABSOLUTE
    ../clib/microlib/longlong.c              0x00000000   Number         0  llsshr.o ABSOLUTE
    ../clib/microlib/printf/printf.c         0x00000000   Number         0  printf2.o ABSOLUTE
    ../clib/microlib/printf/printf.c         0x00000000   Number         0  printfb.o ABSOLUTE
    ../clib/microlib/printf/printf.c         0x00000000   Number         0  printf8.o ABSOLUTE
    ../clib/microlib/printf/printf.c         0x00000000   Number         0  printfa.o ABSOLUTE
    ../clib/microlib/printf/printf.c         0x00000000   Number         0  printf1.o ABSOLUTE
    ../clib/microlib/printf/printf.c         0x00000000   Number         0  printf4.o ABSOLUTE
    ../clib/microlib/printf/printf.c         0x00000000   Number         0  printf5.o ABSOLUTE
    ../clib/microlib/printf/printf.c         0x00000000   Number         0  printf0.o ABSOLUTE
    ../clib/microlib/printf/printf.c         0x00000000   Number         0  printf6.o ABSOLUTE
    ../clib/microlib/printf/printf.c         0x00000000   Number         0  printf7.o ABSOLUTE
    ../clib/microlib/printf/printf.c         0x00000000   Number         0  printf3.o ABSOLUTE
    ../clib/microlib/printf/stubs.s          0x00000000   Number         0  stubs.o ABSOLUTE
    ../clib/microlib/stdio/streams.c         0x00000000   Number         0  stdout.o ABSOLUTE
    ../clib/microlib/string/memset.c         0x00000000   Number         0  memseta.o ABSOLUTE
    ../clib/microlib/string/strrchr.c        0x00000000   Number         0  strrchr.o ABSOLUTE
    ../clib/microlib/stubs.s                 0x00000000   Number         0  iusefp.o ABSOLUTE
    ../fplib/microlib/fpadd.c                0x00000000   Number         0  dadd.o ABSOLUTE
    ../fplib/microlib/fpdiv.c                0x00000000   Number         0  ddiv.o ABSOLUTE
    ../fplib/microlib/fpepilogue.c           0x00000000   Number         0  depilogue.o ABSOLUTE
    ../fplib/microlib/fpfix.c                0x00000000   Number         0  dfixui.o ABSOLUTE
    ../fplib/microlib/fpfix.c                0x00000000   Number         0  dfixul.o ABSOLUTE
    ../fplib/microlib/fpflt.c                0x00000000   Number         0  dfltui.o ABSOLUTE
    ../fplib/microlib/fpmul.c                0x00000000   Number         0  dmul.o ABSOLUTE
    ..\Com\Com_Debug.c                       0x00000000   Number         0  com_debug.o ABSOLUTE
    ..\Com\Com_Delay.c                       0x00000000   Number         0  com_delay.o ABSOLUTE
    ..\Core\Src\gpio.c                       0x00000000   Number         0  gpio.o ABSOLUTE
    ..\Core\Src\main.c                       0x00000000   Number         0  main.o ABSOLUTE
    ..\Core\Src\spi.c                        0x00000000   Number         0  spi.o ABSOLUTE
    ..\Core\Src\stm32f1xx_hal_msp.c          0x00000000   Number         0  stm32f1xx_hal_msp.o ABSOLUTE
    ..\Core\Src\stm32f1xx_it.c               0x00000000   Number         0  stm32f1xx_it.o ABSOLUTE
    ..\Core\Src\system_stm32f1xx.c           0x00000000   Number         0  system_stm32f1xx.o ABSOLUTE
    ..\Core\Src\usart.c                      0x00000000   Number         0  usart.o ABSOLUTE
    ..\Drivers\STM32F1xx_HAL_Driver\Src\stm32f1xx_hal.c 0x00000000   Number         0  stm32f1xx_hal.o ABSOLUTE
    ..\Drivers\STM32F1xx_HAL_Driver\Src\stm32f1xx_hal_cortex.c 0x00000000   Number         0  stm32f1xx_hal_cortex.o ABSOLUTE
    ..\Drivers\STM32F1xx_HAL_Driver\Src\stm32f1xx_hal_dma.c 0x00000000   Number         0  stm32f1xx_hal_dma.o ABSOLUTE
    ..\Drivers\STM32F1xx_HAL_Driver\Src\stm32f1xx_hal_exti.c 0x00000000   Number         0  stm32f1xx_hal_exti.o ABSOLUTE
    ..\Drivers\STM32F1xx_HAL_Driver\Src\stm32f1xx_hal_flash.c 0x00000000   Number         0  stm32f1xx_hal_flash.o ABSOLUTE
    ..\Drivers\STM32F1xx_HAL_Driver\Src\stm32f1xx_hal_flash_ex.c 0x00000000   Number         0  stm32f1xx_hal_flash_ex.o ABSOLUTE
    ..\Drivers\STM32F1xx_HAL_Driver\Src\stm32f1xx_hal_gpio.c 0x00000000   Number         0  stm32f1xx_hal_gpio.o ABSOLUTE
    ..\Drivers\STM32F1xx_HAL_Driver\Src\stm32f1xx_hal_gpio_ex.c 0x00000000   Number         0  stm32f1xx_hal_gpio_ex.o ABSOLUTE
    ..\Drivers\STM32F1xx_HAL_Driver\Src\stm32f1xx_hal_pwr.c 0x00000000   Number         0  stm32f1xx_hal_pwr.o ABSOLUTE
    ..\Drivers\STM32F1xx_HAL_Driver\Src\stm32f1xx_hal_rcc.c 0x00000000   Number         0  stm32f1xx_hal_rcc.o ABSOLUTE
    ..\Drivers\STM32F1xx_HAL_Driver\Src\stm32f1xx_hal_rcc_ex.c 0x00000000   Number         0  stm32f1xx_hal_rcc_ex.o ABSOLUTE
    ..\Drivers\STM32F1xx_HAL_Driver\Src\stm32f1xx_hal_spi.c 0x00000000   Number         0  stm32f1xx_hal_spi.o ABSOLUTE
    ..\Drivers\STM32F1xx_HAL_Driver\Src\stm32f1xx_hal_uart.c 0x00000000   Number         0  stm32f1xx_hal_uart.o ABSOLUTE
    ..\Int\eth\Int_w5500.c                   0x00000000   Number         0  int_w5500.o ABSOLUTE
    ..\Int\eth\W5500\w5500.c                 0x00000000   Number         0  w5500.o ABSOLUTE
    ..\Int\eth\socket.c                      0x00000000   Number         0  socket.o ABSOLUTE
    ..\Int\eth\wizchip_conf.c                0x00000000   Number         0  wizchip_conf.o ABSOLUTE
    ..\Int\lora\E220xMx\ebyte_callback.c     0x00000000   Number         0  ebyte_callback.o ABSOLUTE
    ..\Int\lora\E220xMx\ebyte_e220x.c        0x00000000   Number         0  ebyte_e220x.o ABSOLUTE
    ..\Int\lora\E220xMx\ebyte_port.c         0x00000000   Number         0  ebyte_port.o ABSOLUTE
    ..\Int\lora\Int_Lora.c                   0x00000000   Number         0  int_lora.o ABSOLUTE
    ..\Int\lora\ebyte_core.c                 0x00000000   Number         0  ebyte_core.o ABSOLUTE
    ..\\Com\\Com_Debug.c                     0x00000000   Number         0  com_debug.o ABSOLUTE
    ..\\Com\\Com_Delay.c                     0x00000000   Number         0  com_delay.o ABSOLUTE
    ..\\Int\\eth\\Int_w5500.c                0x00000000   Number         0  int_w5500.o ABSOLUTE
    ..\\Int\\eth\\wizchip_conf.c             0x00000000   Number         0  wizchip_conf.o ABSOLUTE
    ..\\Int\\lora\\E220xMx\\ebyte_callback.c 0x00000000   Number         0  ebyte_callback.o ABSOLUTE
    ..\\Int\\lora\\E220xMx\\ebyte_port.c     0x00000000   Number         0  ebyte_port.o ABSOLUTE
    cdrcmple.s                               0x00000000   Number         0  cdrcmple.o ABSOLUTE
    dc.s                                     0x00000000   Number         0  dc.o ABSOLUTE
    handlers.s                               0x00000000   Number         0  handlers.o ABSOLUTE
    init.s                                   0x00000000   Number         0  init.o ABSOLUTE
    startup_stm32f103xe.s                    0x00000000   Number         0  startup_stm32f103xe.o ABSOLUTE
    RESET                                    0x08000000   Section      304  startup_stm32f103xe.o(RESET)
    .ARM.Collect$$$$00000000                 0x08000130   Section        0  entry.o(.ARM.Collect$$$$00000000)
    .ARM.Collect$$$$00000001                 0x08000130   Section        4  entry2.o(.ARM.Collect$$$$00000001)
    .ARM.Collect$$$$00000004                 0x08000134   Section        4  entry5.o(.ARM.Collect$$$$00000004)
    .ARM.Collect$$$$00000008                 0x08000138   Section        0  entry7b.o(.ARM.Collect$$$$00000008)
    .ARM.Collect$$$$0000000A                 0x08000138   Section        0  entry8b.o(.ARM.Collect$$$$0000000A)
    .ARM.Collect$$$$0000000B                 0x08000138   Section        8  entry9a.o(.ARM.Collect$$$$0000000B)
    .ARM.Collect$$$$0000000E                 0x08000140   Section        4  entry12b.o(.ARM.Collect$$$$0000000E)
    .ARM.Collect$$$$0000000F                 0x08000144   Section        0  entry10a.o(.ARM.Collect$$$$0000000F)
    .ARM.Collect$$$$00000011                 0x08000144   Section        0  entry11a.o(.ARM.Collect$$$$00000011)
    .ARM.Collect$$$$00002712                 0x08000144   Section        4  entry2.o(.ARM.Collect$$$$00002712)
    __lit__00000000                          0x08000144   Data           4  entry2.o(.ARM.Collect$$$$00002712)
    .text                                    0x08000148   Section       36  startup_stm32f103xe.o(.text)
    .text                                    0x0800016c   Section        0  llushr.o(.text)
    .text                                    0x0800018c   Section        0  memseta.o(.text)
    .text                                    0x080001b0   Section        0  strrchr.o(.text)
    .text                                    0x080001c6   Section        0  ddiv.o(.text)
    .text                                    0x080002a4   Section        0  dfltui.o(.text)
    .text                                    0x080002be   Section        0  dfixui.o(.text)
    .text                                    0x080002f0   Section        0  uidiv.o(.text)
    .text                                    0x0800031c   Section        0  iusefp.o(.text)
    .text                                    0x0800031c   Section        0  depilogue.o(.text)
    .text                                    0x080003d8   Section       36  init.o(.text)
    .text                                    0x080003fc   Section        0  llshl.o(.text)
    i.BusFault_Handler                       0x0800041a   Section        0  stm32f1xx_it.o(i.BusFault_Handler)
    i.Com_Delay_Ms                           0x0800041e   Section        0  com_delay.o(i.Com_Delay_Ms)
    i.Com_Delay_Sec                          0x0800042a   Section        0  com_delay.o(i.Com_Delay_Sec)
    i.DebugMon_Handler                       0x08000444   Section        0  stm32f1xx_it.o(i.DebugMon_Handler)
    i.Ebyte_E220x_Calibrate                  0x08000446   Section        0  ebyte_e220x.o(i.Ebyte_E220x_Calibrate)
    i.Ebyte_E220x_CalibrateImage             0x08000454   Section        0  ebyte_e220x.o(i.Ebyte_E220x_CalibrateImage)
    i.Ebyte_E220x_CheckReady                 0x080004dc   Section        0  ebyte_e220x.o(i.Ebyte_E220x_CheckReady)
    i.Ebyte_E220x_ClearIrqStatus             0x080004f6   Section        0  ebyte_e220x.o(i.Ebyte_E220x_ClearIrqStatus)
    i.Ebyte_E220x_GetDriverVersion           0x08000512   Section        0  ebyte_e220x.o(i.Ebyte_E220x_GetDriverVersion)
    i.Ebyte_E220x_GetIrqStatus               0x08000516   Section        0  ebyte_e220x.o(i.Ebyte_E220x_GetIrqStatus)
    i.Ebyte_E220x_GetLoraPacketStatus        0x08000530   Section        0  ebyte_e220x.o(i.Ebyte_E220x_GetLoraPacketStatus)
    i.Ebyte_E220x_GetName                    0x08000584   Section        0  ebyte_e220x.o(i.Ebyte_E220x_GetName)
    i.Ebyte_E220x_GetOperatingMode           0x0800058c   Section        0  ebyte_e220x.o(i.Ebyte_E220x_GetOperatingMode)
    i.Ebyte_E220x_GetPayload                 0x08000598   Section        0  ebyte_e220x.o(i.Ebyte_E220x_GetPayload)
    i.Ebyte_E220x_GetRxBufferStatus          0x080005c6   Section        0  ebyte_e220x.o(i.Ebyte_E220x_GetRxBufferStatus)
    i.Ebyte_E220x_Init                       0x08000600   Section        0  ebyte_e220x.o(i.Ebyte_E220x_Init)
    i.Ebyte_E220x_IntOrPollTask              0x0800068c   Section        0  ebyte_e220x.o(i.Ebyte_E220x_IntOrPollTask)
    i.Ebyte_E220x_InterruptTrigger           0x080006e4   Section        0  ebyte_e220x.o(i.Ebyte_E220x_InterruptTrigger)
    i.Ebyte_E220x_ReadBuffer                 0x080006e6   Section        0  ebyte_e220x.o(i.Ebyte_E220x_ReadBuffer)
    i.Ebyte_E220x_ReadCommand                0x0800072e   Section        0  ebyte_e220x.o(i.Ebyte_E220x_ReadCommand)
    i.Ebyte_E220x_ReadRegister               0x08000770   Section        0  ebyte_e220x.o(i.Ebyte_E220x_ReadRegister)
    i.Ebyte_E220x_ReadRegisters              0x08000784   Section        0  ebyte_e220x.o(i.Ebyte_E220x_ReadRegisters)
    i.Ebyte_E220x_Reset                      0x080007d2   Section        0  ebyte_e220x.o(i.Ebyte_E220x_Reset)
    i.Ebyte_E220x_RfIoEnterRxMode            0x080007f4   Section        0  ebyte_e220x.o(i.Ebyte_E220x_RfIoEnterRxMode)
    i.Ebyte_E220x_RfIoEnterTxMode            0x08000804   Section        0  ebyte_e220x.o(i.Ebyte_E220x_RfIoEnterTxMode)
    i.Ebyte_E220x_SendPayload                0x08000814   Section        0  ebyte_e220x.o(i.Ebyte_E220x_SendPayload)
    i.Ebyte_E220x_SetBufferBaseAddress       0x08000856   Section        0  ebyte_e220x.o(i.Ebyte_E220x_SetBufferBaseAddress)
    i.Ebyte_E220x_SetDio2AsRfSwitchCtrl      0x08000870   Section        0  ebyte_e220x.o(i.Ebyte_E220x_SetDio2AsRfSwitchCtrl)
    i.Ebyte_E220x_SetDioIrqParams            0x0800087e   Section        0  ebyte_e220x.o(i.Ebyte_E220x_SetDioIrqParams)
    i.Ebyte_E220x_SetLoraPacketParams        0x080008c8   Section        0  ebyte_e220x.o(i.Ebyte_E220x_SetLoraPacketParams)
    i.Ebyte_E220x_SetLoraSyncWord            0x08000902   Section        0  ebyte_e220x.o(i.Ebyte_E220x_SetLoraSyncWord)
    i.Ebyte_E220x_SetModulationLoraParams    0x0800091c   Section        0  ebyte_e220x.o(i.Ebyte_E220x_SetModulationLoraParams)
    i.Ebyte_E220x_SetPaConfig                0x08000948   Section        0  ebyte_e220x.o(i.Ebyte_E220x_SetPaConfig)
    i.Ebyte_E220x_SetPacketType              0x08000970   Section        0  ebyte_e220x.o(i.Ebyte_E220x_SetPacketType)
    i.Ebyte_E220x_SetPayload                 0x0800098c   Section        0  ebyte_e220x.o(i.Ebyte_E220x_SetPayload)
    i.Ebyte_E220x_SetRegulatorMode           0x0800099e   Section        0  ebyte_e220x.o(i.Ebyte_E220x_SetRegulatorMode)
    i.Ebyte_E220x_SetRfFrequency             0x080009ac   Section        0  ebyte_e220x.o(i.Ebyte_E220x_SetRfFrequency)
    i.Ebyte_E220x_SetRx                      0x08000a20   Section        0  ebyte_e220x.o(i.Ebyte_E220x_SetRx)
    i.Ebyte_E220x_SetSleep                   0x08000a88   Section        0  ebyte_e220x.o(i.Ebyte_E220x_SetSleep)
    i.Ebyte_E220x_SetStandby                 0x08000aac   Section        0  ebyte_e220x.o(i.Ebyte_E220x_SetStandby)
    i.Ebyte_E220x_SetTx                      0x08000ad4   Section        0  ebyte_e220x.o(i.Ebyte_E220x_SetTx)
    i.Ebyte_E220x_SetTxPaParams              0x08000b34   Section        0  ebyte_e220x.o(i.Ebyte_E220x_SetTxPaParams)
    i.Ebyte_E220x_WaitOnBusy                 0x08000b78   Section        0  ebyte_e220x.o(i.Ebyte_E220x_WaitOnBusy)
    i.Ebyte_E220x_Wakeup                     0x08000b86   Section        0  ebyte_e220x.o(i.Ebyte_E220x_Wakeup)
    i.Ebyte_E220x_WriteBuffer                0x08000ba6   Section        0  ebyte_e220x.o(i.Ebyte_E220x_WriteBuffer)
    i.Ebyte_E220x_WriteCommand               0x08000be6   Section        0  ebyte_e220x.o(i.Ebyte_E220x_WriteCommand)
    i.Ebyte_E220x_WriteRegister              0x08000c24   Section        0  ebyte_e220x.o(i.Ebyte_E220x_WriteRegister)
    i.Ebyte_E220x_WriteRegisters             0x08000c34   Section        0  ebyte_e220x.o(i.Ebyte_E220x_WriteRegisters)
    i.Ebyte_Port_BusyIoRead                  0x08000c7c   Section        0  ebyte_port.o(i.Ebyte_Port_BusyIoRead)
    i.Ebyte_Port_DelayMs                     0x08000c94   Section        0  ebyte_port.o(i.Ebyte_Port_DelayMs)
    i.Ebyte_Port_ReceiveCallback             0x08000ca0   Section        0  ebyte_callback.o(i.Ebyte_Port_ReceiveCallback)
    i.Ebyte_Port_RstIoControl                0x08000d84   Section        0  ebyte_port.o(i.Ebyte_Port_RstIoControl)
    i.Ebyte_Port_RxenIoControl               0x08000dac   Section        0  ebyte_port.o(i.Ebyte_Port_RxenIoControl)
    i.Ebyte_Port_SpiCsIoControl              0x08000dd0   Section        0  ebyte_port.o(i.Ebyte_Port_SpiCsIoControl)
    i.Ebyte_Port_SpiTransmitAndReceivce      0x08000df8   Section        0  ebyte_port.o(i.Ebyte_Port_SpiTransmitAndReceivce)
    i.Ebyte_Port_TransmitCallback            0x08000e1c   Section        0  ebyte_callback.o(i.Ebyte_Port_TransmitCallback)
    i.Ebyte_Port_TxenIoControl               0x08000ee0   Section        0  ebyte_port.o(i.Ebyte_Port_TxenIoControl)
    i.Error_Handler                          0x08000f04   Section        0  main.o(i.Error_Handler)
    i.HAL_Delay                              0x08000f0c   Section        0  stm32f1xx_hal.o(i.HAL_Delay)
    i.HAL_GPIO_Init                          0x08000f34   Section        0  stm32f1xx_hal_gpio.o(i.HAL_GPIO_Init)
    i.HAL_GPIO_ReadPin                       0x08001274   Section        0  stm32f1xx_hal_gpio.o(i.HAL_GPIO_ReadPin)
    i.HAL_GPIO_WritePin                      0x08001284   Section        0  stm32f1xx_hal_gpio.o(i.HAL_GPIO_WritePin)
    i.HAL_GetTick                            0x08001290   Section        0  stm32f1xx_hal.o(i.HAL_GetTick)
    i.HAL_IncTick                            0x0800129c   Section        0  stm32f1xx_hal.o(i.HAL_IncTick)
    i.HAL_Init                               0x080012b4   Section        0  stm32f1xx_hal.o(i.HAL_Init)
    i.HAL_InitTick                           0x080012dc   Section        0  stm32f1xx_hal.o(i.HAL_InitTick)
    i.HAL_MspInit                            0x08001328   Section        0  stm32f1xx_hal_msp.o(i.HAL_MspInit)
    i.HAL_NVIC_SetPriority                   0x0800137c   Section        0  stm32f1xx_hal_cortex.o(i.HAL_NVIC_SetPriority)
    i.HAL_NVIC_SetPriorityGrouping           0x080013f8   Section        0  stm32f1xx_hal_cortex.o(i.HAL_NVIC_SetPriorityGrouping)
    i.HAL_RCC_ClockConfig                    0x08001420   Section        0  stm32f1xx_hal_rcc.o(i.HAL_RCC_ClockConfig)
    i.HAL_RCC_GetHCLKFreq                    0x080015ac   Section        0  stm32f1xx_hal_rcc.o(i.HAL_RCC_GetHCLKFreq)
    i.HAL_RCC_GetPCLK1Freq                   0x080015b8   Section        0  stm32f1xx_hal_rcc.o(i.HAL_RCC_GetPCLK1Freq)
    i.HAL_RCC_GetPCLK2Freq                   0x080015d8   Section        0  stm32f1xx_hal_rcc.o(i.HAL_RCC_GetPCLK2Freq)
    i.HAL_RCC_GetSysClockFreq                0x080015f8   Section        0  stm32f1xx_hal_rcc.o(i.HAL_RCC_GetSysClockFreq)
    i.HAL_RCC_OscConfig                      0x08001668   Section        0  stm32f1xx_hal_rcc.o(i.HAL_RCC_OscConfig)
    i.HAL_SPI_Init                           0x08001acc   Section        0  stm32f1xx_hal_spi.o(i.HAL_SPI_Init)
    i.HAL_SPI_MspInit                        0x08001b8c   Section        0  spi.o(i.HAL_SPI_MspInit)
    i.HAL_SPI_Receive                        0x08001c84   Section        0  stm32f1xx_hal_spi.o(i.HAL_SPI_Receive)
    i.HAL_SPI_Transmit                       0x08001e06   Section        0  stm32f1xx_hal_spi.o(i.HAL_SPI_Transmit)
    i.HAL_SPI_TransmitReceive                0x08001fc4   Section        0  stm32f1xx_hal_spi.o(i.HAL_SPI_TransmitReceive)
    i.HAL_SYSTICK_Config                     0x0800220c   Section        0  stm32f1xx_hal_cortex.o(i.HAL_SYSTICK_Config)
    i.HAL_UART_Init                          0x08002240   Section        0  stm32f1xx_hal_uart.o(i.HAL_UART_Init)
    i.HAL_UART_MspInit                       0x080022b8   Section        0  usart.o(i.HAL_UART_MspInit)
    i.HAL_UART_Transmit                      0x08002340   Section        0  stm32f1xx_hal_uart.o(i.HAL_UART_Transmit)
    i.HardFault_Handler                      0x080023fe   Section        0  stm32f1xx_it.o(i.HardFault_Handler)
    i.Int_LoRa_Init                          0x08002404   Section        0  int_lora.o(i.Int_LoRa_Init)
    i.Int_Lora_Receive                       0x0800241c   Section        0  int_lora.o(i.Int_Lora_Receive)
    i.Int_W5500_GetSocketStatus              0x0800242c   Section        0  int_w5500.o(i.Int_W5500_GetSocketStatus)
    i.Int_W5500_Init                         0x080025c4   Section        0  int_w5500.o(i.Int_W5500_Init)
    i.Int_w5500_SendData                     0x08002628   Section        0  int_w5500.o(i.Int_w5500_SendData)
    i.MX_GPIO_Init                           0x08002644   Section        0  gpio.o(i.MX_GPIO_Init)
    i.MX_SPI1_Init                           0x08002794   Section        0  spi.o(i.MX_SPI1_Init)
    i.MX_SPI2_Init                           0x080027d8   Section        0  spi.o(i.MX_SPI2_Init)
    i.MX_USART1_UART_Init                    0x0800281c   Section        0  usart.o(i.MX_USART1_UART_Init)
    i.MemManage_Handler                      0x08002854   Section        0  stm32f1xx_it.o(i.MemManage_Handler)
    i.NMI_Handler                            0x08002858   Section        0  stm32f1xx_it.o(i.NMI_Handler)
    i.PendSV_Handler                         0x0800285c   Section        0  stm32f1xx_it.o(i.PendSV_Handler)
    i.RCC_Delay                              0x08002860   Section        0  stm32f1xx_hal_rcc.o(i.RCC_Delay)
    RCC_Delay                                0x08002861   Thumb Code    36  stm32f1xx_hal_rcc.o(i.RCC_Delay)
    i.SPI_EndRxTransaction                   0x08002888   Section        0  stm32f1xx_hal_spi.o(i.SPI_EndRxTransaction)
    SPI_EndRxTransaction                     0x08002889   Thumb Code   120  stm32f1xx_hal_spi.o(i.SPI_EndRxTransaction)
    i.SPI_EndRxTxTransaction                 0x08002900   Section        0  stm32f1xx_hal_spi.o(i.SPI_EndRxTxTransaction)
    SPI_EndRxTxTransaction                   0x08002901   Thumb Code    68  stm32f1xx_hal_spi.o(i.SPI_EndRxTxTransaction)
    i.SPI_WaitFlagStateUntilTimeout          0x08002944   Section        0  stm32f1xx_hal_spi.o(i.SPI_WaitFlagStateUntilTimeout)
    SPI_WaitFlagStateUntilTimeout            0x08002945   Thumb Code   210  stm32f1xx_hal_spi.o(i.SPI_WaitFlagStateUntilTimeout)
    i.SVC_Handler                            0x08002a1c   Section        0  stm32f1xx_it.o(i.SVC_Handler)
    i.SysTick_Handler                        0x08002a1e   Section        0  stm32f1xx_it.o(i.SysTick_Handler)
    i.SystemClock_Config                     0x08002a26   Section        0  main.o(i.SystemClock_Config)
    i.SystemInit                             0x08002a8c   Section        0  system_stm32f1xx.o(i.SystemInit)
    i.UART_EndRxTransfer                     0x08002a8e   Section        0  stm32f1xx_hal_uart.o(i.UART_EndRxTransfer)
    UART_EndRxTransfer                       0x08002a8f   Thumb Code   108  stm32f1xx_hal_uart.o(i.UART_EndRxTransfer)
    i.UART_SetConfig                         0x08002afc   Section        0  stm32f1xx_hal_uart.o(i.UART_SetConfig)
    UART_SetConfig                           0x08002afd   Thumb Code   248  stm32f1xx_hal_uart.o(i.UART_SetConfig)
    i.UART_WaitOnFlagUntilTimeout            0x08002bf8   Section        0  stm32f1xx_hal_uart.o(i.UART_WaitOnFlagUntilTimeout)
    UART_WaitOnFlagUntilTimeout              0x08002bf9   Thumb Code   140  stm32f1xx_hal_uart.o(i.UART_WaitOnFlagUntilTimeout)
    i.UsageFault_Handler                     0x08002c84   Section        0  stm32f1xx_it.o(i.UsageFault_Handler)
    i.WIZCHIP_READ                           0x08002c88   Section        0  w5500.o(i.WIZCHIP_READ)
    i.WIZCHIP_READ_BUF                       0x08002cfc   Section        0  w5500.o(i.WIZCHIP_READ_BUF)
    i.WIZCHIP_WRITE                          0x08002d88   Section        0  w5500.o(i.WIZCHIP_WRITE)
    i.WIZCHIP_WRITE_BUF                      0x08002dfc   Section        0  w5500.o(i.WIZCHIP_WRITE_BUF)
    i.__0printf$3                            0x08002e84   Section        0  printf3.o(i.__0printf$3)
    i.__NVIC_GetPriorityGrouping             0x08002ea4   Section        0  stm32f1xx_hal_cortex.o(i.__NVIC_GetPriorityGrouping)
    __NVIC_GetPriorityGrouping               0x08002ea5   Thumb Code    10  stm32f1xx_hal_cortex.o(i.__NVIC_GetPriorityGrouping)
    i.__NVIC_SetPriority                     0x08002eb4   Section        0  stm32f1xx_hal_cortex.o(i.__NVIC_SetPriority)
    __NVIC_SetPriority                       0x08002eb5   Thumb Code    32  stm32f1xx_hal_cortex.o(i.__NVIC_SetPriority)
    i.__scatterload_copy                     0x08002edc   Section       14  handlers.o(i.__scatterload_copy)
    i.__scatterload_null                     0x08002eea   Section        2  handlers.o(i.__scatterload_null)
    i.__scatterload_zeroinit                 0x08002eec   Section       14  handlers.o(i.__scatterload_zeroinit)
    i._printf_core                           0x08002efc   Section        0  printf3.o(i._printf_core)
    _printf_core                             0x08002efd   Thumb Code   436  printf3.o(i._printf_core)
    i.close                                  0x080030b4   Section        0  socket.o(i.close)
    i.connect                                0x08003154   Section        0  socket.o(i.connect)
    i.fputc                                  0x080032b0   Section        0  com_debug.o(i.fputc)
    i.getSn_TX_FSR                           0x080032cc   Section        0  w5500.o(i.getSn_TX_FSR)
    i.main                                   0x08003338   Section        0  main.o(i.main)
    i.reg_wizchip_cs_cbfunc                  0x080033b8   Section        0  wizchip_conf.o(i.reg_wizchip_cs_cbfunc)
    i.reg_wizchip_spi_cbfunc                 0x080033e0   Section        0  wizchip_conf.o(i.reg_wizchip_spi_cbfunc)
    i.send                                   0x08003414   Section        0  socket.o(i.send)
    i.socket                                 0x08003594   Section        0  socket.o(i.socket)
    i.wiz_send_data                          0x08003728   Section        0  w5500.o(i.wiz_send_data)
    i.wizchip_bus_readdata                   0x080037ac   Section        0  wizchip_conf.o(i.wizchip_bus_readdata)
    i.wizchip_bus_writedata                  0x080037b2   Section        0  wizchip_conf.o(i.wizchip_bus_writedata)
    i.wizchip_cris_enter                     0x080037b6   Section        0  wizchip_conf.o(i.wizchip_cris_enter)
    i.wizchip_cris_exit                      0x080037b8   Section        0  wizchip_conf.o(i.wizchip_cris_exit)
    i.wizchip_cs_deselect                    0x080037bc   Section        0  wizchip_conf.o(i.wizchip_cs_deselect)
    i.wizchip_cs_select                      0x080037d0   Section        0  wizchip_conf.o(i.wizchip_cs_select)
    i.wizchip_spi_readbyte                   0x080037e4   Section        0  wizchip_conf.o(i.wizchip_spi_readbyte)
    i.wizchip_spi_writebyte                  0x08003804   Section        0  wizchip_conf.o(i.wizchip_spi_writebyte)
    i.wizchip_userRegisterCallBack           0x0800381c   Section        0  wizchip_conf.o(i.wizchip_userRegisterCallBack)
    .constdata                               0x08003840   Section       18  stm32f1xx_hal_rcc.o(.constdata)
    aPLLMULFactorTable                       0x08003840   Data          16  stm32f1xx_hal_rcc.o(.constdata)
    aPredivFactorTable                       0x08003850   Data           2  stm32f1xx_hal_rcc.o(.constdata)
    .constdata                               0x08003852   Section       24  system_stm32f1xx.o(.constdata)
    .constdata                               0x0800386c   Section       32  ebyte_core.o(.constdata)
    .constdata                               0x0800388c   Section      200  ebyte_e220x.o(.constdata)
    Ebyte_E220x_LoraBpsTable                 0x0800388c   Data          24  ebyte_e220x.o(.constdata)
    .data                                    0x20000000   Section        9  stm32f1xx_hal.o(.data)
    .data                                    0x2000000c   Section        4  system_stm32f1xx.o(.data)
    .data                                    0x20000010   Section        8  ebyte_e220x.o(.data)
    OperatingMode                            0x20000010   Data           1  ebyte_e220x.o(.data)
    PacketType                               0x20000011   Data           1  ebyte_e220x.o(.data)
    FrequencyError                           0x20000014   Data           4  ebyte_e220x.o(.data)
    .data                                    0x20000018   Section       14  socket.o(.data)
    sock_any_port                            0x20000018   Data           2  socket.o(.data)
    sock_io_mode                             0x2000001a   Data           2  socket.o(.data)
    sock_is_sending                          0x2000001c   Data           2  socket.o(.data)
    .data                                    0x20000028   Section       49  wizchip_conf.o(.data)
    _DNS_                                    0x20000054   Data           4  wizchip_conf.o(.data)
    _DHCP_                                   0x20000058   Data           1  wizchip_conf.o(.data)
    .data                                    0x2000005a   Section       29  int_w5500.o(.data)
    .data                                    0x20000078   Section        4  stdout.o(.data)
    .bss                                     0x2000007c   Section      176  spi.o(.bss)
    .bss                                     0x2000012c   Section       72  usart.o(.bss)
    .bss                                     0x20000174   Section      275  ebyte_e220x.o(.bss)
    PacketStatus                             0x20000174   Data          20  ebyte_e220x.o(.bss)
    RecvPacketBuffer                         0x20000188   Data         255  ebyte_e220x.o(.bss)
    .bss                                     0x20000288   Section       16  socket.o(.bss)
    sock_remained_size                       0x20000288   Data          16  socket.o(.bss)
    STACK                                    0x20000298   Section     1024  startup_stm32f103xe.o(STACK)

    Global Symbols

    Symbol Name                              Value     Ov Type        Size  Object(Section)

    BuildAttributes$$THM_ISAv4$P$D$K$B$S$PE$A:L22UL41UL21$X:L11$S22US41US21$IEEE1$IW$USESV6$~STKCKD$USESV7$~SHL$OSPACE$ROPI$EBA8$MICROLIB$REQ8$PRES8$EABIv2 0x00000000   Number         0  anon$$obj.o ABSOLUTE
    __ARM_use_no_argv                        0x00000000   Number         0  main.o ABSOLUTE
    _printf_a                                0x00000000   Number         0  stubs.o ABSOLUTE
    _printf_c                                0x00000000   Number         0  stubs.o ABSOLUTE
    _printf_charcount                        0x00000000   Number         0  stubs.o ABSOLUTE
    _printf_d                                0x00000000   Number         0  stubs.o ABSOLUTE
    _printf_e                                0x00000000   Number         0  stubs.o ABSOLUTE
    _printf_f                                0x00000000   Number         0  stubs.o ABSOLUTE
    _printf_flags                            0x00000000   Number         0  stubs.o ABSOLUTE
    _printf_fp_dec                           0x00000000   Number         0  stubs.o ABSOLUTE
    _printf_fp_hex                           0x00000000   Number         0  stubs.o ABSOLUTE
    _printf_g                                0x00000000   Number         0  stubs.o ABSOLUTE
    _printf_i                                0x00000000   Number         0  stubs.o ABSOLUTE
    _printf_int_dec                          0x00000000   Number         0  stubs.o ABSOLUTE
    _printf_l                                0x00000000   Number         0  stubs.o ABSOLUTE
    _printf_lc                               0x00000000   Number         0  stubs.o ABSOLUTE
    _printf_ll                               0x00000000   Number         0  stubs.o ABSOLUTE
    _printf_lld                              0x00000000   Number         0  stubs.o ABSOLUTE
    _printf_lli                              0x00000000   Number         0  stubs.o ABSOLUTE
    _printf_llo                              0x00000000   Number         0  stubs.o ABSOLUTE
    _printf_llu                              0x00000000   Number         0  stubs.o ABSOLUTE
    _printf_llx                              0x00000000   Number         0  stubs.o ABSOLUTE
    _printf_longlong_dec                     0x00000000   Number         0  stubs.o ABSOLUTE
    _printf_longlong_hex                     0x00000000   Number         0  stubs.o ABSOLUTE
    _printf_longlong_oct                     0x00000000   Number         0  stubs.o ABSOLUTE
    _printf_ls                               0x00000000   Number         0  stubs.o ABSOLUTE
    _printf_mbtowc                           0x00000000   Number         0  stubs.o ABSOLUTE
    _printf_n                                0x00000000   Number         0  stubs.o ABSOLUTE
    _printf_o                                0x00000000   Number         0  stubs.o ABSOLUTE
    _printf_p                                0x00000000   Number         0  stubs.o ABSOLUTE
    _printf_percent                          0x00000000   Number         0  stubs.o ABSOLUTE
    _printf_pre_padding                      0x00000000   Number         0  stubs.o ABSOLUTE
    _printf_return_value                     0x00000000   Number         0  stubs.o ABSOLUTE
    _printf_s                                0x00000000   Number         0  stubs.o ABSOLUTE
    _printf_sizespec                         0x00000000   Number         0  stubs.o ABSOLUTE
    _printf_str                              0x00000000   Number         0  stubs.o ABSOLUTE
    _printf_truncate_signed                  0x00000000   Number         0  stubs.o ABSOLUTE
    _printf_truncate_unsigned                0x00000000   Number         0  stubs.o ABSOLUTE
    _printf_u                                0x00000000   Number         0  stubs.o ABSOLUTE
    _printf_wc                               0x00000000   Number         0  stubs.o ABSOLUTE
    _printf_wctomb                           0x00000000   Number         0  stubs.o ABSOLUTE
    _printf_widthprec                        0x00000000   Number         0  stubs.o ABSOLUTE
    _printf_x                                0x00000000   Number         0  stubs.o ABSOLUTE
    __arm_fini_                               - Undefined Weak Reference
    __cpp_initialize__aeabi_                  - Undefined Weak Reference
    __cxa_finalize                            - Undefined Weak Reference
    __decompress                              - Undefined Weak Reference
    _clock_init                               - Undefined Weak Reference
    _microlib_exit                            - Undefined Weak Reference
    __Vectors_Size                           0x00000130   Number         0  startup_stm32f103xe.o ABSOLUTE
    __Vectors                                0x08000000   Data           4  startup_stm32f103xe.o(RESET)
    __Vectors_End                            0x08000130   Data           0  startup_stm32f103xe.o(RESET)
    __main                                   0x08000131   Thumb Code     0  entry.o(.ARM.Collect$$$$00000000)
    _main_stk                                0x08000131   Thumb Code     0  entry2.o(.ARM.Collect$$$$00000001)
    _main_scatterload                        0x08000135   Thumb Code     0  entry5.o(.ARM.Collect$$$$00000004)
    __main_after_scatterload                 0x08000139   Thumb Code     0  entry5.o(.ARM.Collect$$$$00000004)
    _main_clock                              0x08000139   Thumb Code     0  entry7b.o(.ARM.Collect$$$$00000008)
    _main_cpp_init                           0x08000139   Thumb Code     0  entry8b.o(.ARM.Collect$$$$0000000A)
    _main_init                               0x08000139   Thumb Code     0  entry9a.o(.ARM.Collect$$$$0000000B)
    __rt_lib_shutdown_fini                   0x08000141   Thumb Code     0  entry12b.o(.ARM.Collect$$$$0000000E)
    __rt_final_cpp                           0x08000145   Thumb Code     0  entry10a.o(.ARM.Collect$$$$0000000F)
    __rt_final_exit                          0x08000145   Thumb Code     0  entry11a.o(.ARM.Collect$$$$00000011)
    Reset_Handler                            0x08000149   Thumb Code     8  startup_stm32f103xe.o(.text)
    ADC1_2_IRQHandler                        0x08000163   Thumb Code     0  startup_stm32f103xe.o(.text)
    ADC3_IRQHandler                          0x08000163   Thumb Code     0  startup_stm32f103xe.o(.text)
    CAN1_RX1_IRQHandler                      0x08000163   Thumb Code     0  startup_stm32f103xe.o(.text)
    CAN1_SCE_IRQHandler                      0x08000163   Thumb Code     0  startup_stm32f103xe.o(.text)
    DMA1_Channel1_IRQHandler                 0x08000163   Thumb Code     0  startup_stm32f103xe.o(.text)
    DMA1_Channel2_IRQHandler                 0x08000163   Thumb Code     0  startup_stm32f103xe.o(.text)
    DMA1_Channel3_IRQHandler                 0x08000163   Thumb Code     0  startup_stm32f103xe.o(.text)
    DMA1_Channel4_IRQHandler                 0x08000163   Thumb Code     0  startup_stm32f103xe.o(.text)
    DMA1_Channel5_IRQHandler                 0x08000163   Thumb Code     0  startup_stm32f103xe.o(.text)
    DMA1_Channel6_IRQHandler                 0x08000163   Thumb Code     0  startup_stm32f103xe.o(.text)
    DMA1_Channel7_IRQHandler                 0x08000163   Thumb Code     0  startup_stm32f103xe.o(.text)
    DMA2_Channel1_IRQHandler                 0x08000163   Thumb Code     0  startup_stm32f103xe.o(.text)
    DMA2_Channel2_IRQHandler                 0x08000163   Thumb Code     0  startup_stm32f103xe.o(.text)
    DMA2_Channel3_IRQHandler                 0x08000163   Thumb Code     0  startup_stm32f103xe.o(.text)
    DMA2_Channel4_5_IRQHandler               0x08000163   Thumb Code     0  startup_stm32f103xe.o(.text)
    EXTI0_IRQHandler                         0x08000163   Thumb Code     0  startup_stm32f103xe.o(.text)
    EXTI15_10_IRQHandler                     0x08000163   Thumb Code     0  startup_stm32f103xe.o(.text)
    EXTI1_IRQHandler                         0x08000163   Thumb Code     0  startup_stm32f103xe.o(.text)
    EXTI2_IRQHandler                         0x08000163   Thumb Code     0  startup_stm32f103xe.o(.text)
    EXTI3_IRQHandler                         0x08000163   Thumb Code     0  startup_stm32f103xe.o(.text)
    EXTI4_IRQHandler                         0x08000163   Thumb Code     0  startup_stm32f103xe.o(.text)
    EXTI9_5_IRQHandler                       0x08000163   Thumb Code     0  startup_stm32f103xe.o(.text)
    FLASH_IRQHandler                         0x08000163   Thumb Code     0  startup_stm32f103xe.o(.text)
    FSMC_IRQHandler                          0x08000163   Thumb Code     0  startup_stm32f103xe.o(.text)
    I2C1_ER_IRQHandler                       0x08000163   Thumb Code     0  startup_stm32f103xe.o(.text)
    I2C1_EV_IRQHandler                       0x08000163   Thumb Code     0  startup_stm32f103xe.o(.text)
    I2C2_ER_IRQHandler                       0x08000163   Thumb Code     0  startup_stm32f103xe.o(.text)
    I2C2_EV_IRQHandler                       0x08000163   Thumb Code     0  startup_stm32f103xe.o(.text)
    PVD_IRQHandler                           0x08000163   Thumb Code     0  startup_stm32f103xe.o(.text)
    RCC_IRQHandler                           0x08000163   Thumb Code     0  startup_stm32f103xe.o(.text)
    RTC_Alarm_IRQHandler                     0x08000163   Thumb Code     0  startup_stm32f103xe.o(.text)
    RTC_IRQHandler                           0x08000163   Thumb Code     0  startup_stm32f103xe.o(.text)
    SDIO_IRQHandler                          0x08000163   Thumb Code     0  startup_stm32f103xe.o(.text)
    SPI1_IRQHandler                          0x08000163   Thumb Code     0  startup_stm32f103xe.o(.text)
    SPI2_IRQHandler                          0x08000163   Thumb Code     0  startup_stm32f103xe.o(.text)
    SPI3_IRQHandler                          0x08000163   Thumb Code     0  startup_stm32f103xe.o(.text)
    TAMPER_IRQHandler                        0x08000163   Thumb Code     0  startup_stm32f103xe.o(.text)
    TIM1_BRK_IRQHandler                      0x08000163   Thumb Code     0  startup_stm32f103xe.o(.text)
    TIM1_CC_IRQHandler                       0x08000163   Thumb Code     0  startup_stm32f103xe.o(.text)
    TIM1_TRG_COM_IRQHandler                  0x08000163   Thumb Code     0  startup_stm32f103xe.o(.text)
    TIM1_UP_IRQHandler                       0x08000163   Thumb Code     0  startup_stm32f103xe.o(.text)
    TIM2_IRQHandler                          0x08000163   Thumb Code     0  startup_stm32f103xe.o(.text)
    TIM3_IRQHandler                          0x08000163   Thumb Code     0  startup_stm32f103xe.o(.text)
    TIM4_IRQHandler                          0x08000163   Thumb Code     0  startup_stm32f103xe.o(.text)
    TIM5_IRQHandler                          0x08000163   Thumb Code     0  startup_stm32f103xe.o(.text)
    TIM6_IRQHandler                          0x08000163   Thumb Code     0  startup_stm32f103xe.o(.text)
    TIM7_IRQHandler                          0x08000163   Thumb Code     0  startup_stm32f103xe.o(.text)
    TIM8_BRK_IRQHandler                      0x08000163   Thumb Code     0  startup_stm32f103xe.o(.text)
    TIM8_CC_IRQHandler                       0x08000163   Thumb Code     0  startup_stm32f103xe.o(.text)
    TIM8_TRG_COM_IRQHandler                  0x08000163   Thumb Code     0  startup_stm32f103xe.o(.text)
    TIM8_UP_IRQHandler                       0x08000163   Thumb Code     0  startup_stm32f103xe.o(.text)
    UART4_IRQHandler                         0x08000163   Thumb Code     0  startup_stm32f103xe.o(.text)
    UART5_IRQHandler                         0x08000163   Thumb Code     0  startup_stm32f103xe.o(.text)
    USART1_IRQHandler                        0x08000163   Thumb Code     0  startup_stm32f103xe.o(.text)
    USART2_IRQHandler                        0x08000163   Thumb Code     0  startup_stm32f103xe.o(.text)
    USART3_IRQHandler                        0x08000163   Thumb Code     0  startup_stm32f103xe.o(.text)
    USBWakeUp_IRQHandler                     0x08000163   Thumb Code     0  startup_stm32f103xe.o(.text)
    USB_HP_CAN1_TX_IRQHandler                0x08000163   Thumb Code     0  startup_stm32f103xe.o(.text)
    USB_LP_CAN1_RX0_IRQHandler               0x08000163   Thumb Code     0  startup_stm32f103xe.o(.text)
    WWDG_IRQHandler                          0x08000163   Thumb Code     0  startup_stm32f103xe.o(.text)
    __aeabi_llsr                             0x0800016d   Thumb Code    32  llushr.o(.text)
    _ll_ushift_r                             0x0800016d   Thumb Code     0  llushr.o(.text)
    __aeabi_memset                           0x0800018d   Thumb Code    14  memseta.o(.text)
    __aeabi_memset4                          0x0800018d   Thumb Code     0  memseta.o(.text)
    __aeabi_memset8                          0x0800018d   Thumb Code     0  memseta.o(.text)
    __aeabi_memclr                           0x0800019b   Thumb Code     4  memseta.o(.text)
    __aeabi_memclr4                          0x0800019b   Thumb Code     0  memseta.o(.text)
    __aeabi_memclr8                          0x0800019b   Thumb Code     0  memseta.o(.text)
    _memset$wrapper                          0x0800019f   Thumb Code    18  memseta.o(.text)
    strrchr                                  0x080001b1   Thumb Code    22  strrchr.o(.text)
    __aeabi_ddiv                             0x080001c7   Thumb Code   222  ddiv.o(.text)
    __aeabi_ui2d                             0x080002a5   Thumb Code    26  dfltui.o(.text)
    __aeabi_d2uiz                            0x080002bf   Thumb Code    50  dfixui.o(.text)
    __aeabi_uidiv                            0x080002f1   Thumb Code     0  uidiv.o(.text)
    __aeabi_uidivmod                         0x080002f1   Thumb Code    44  uidiv.o(.text)
    __I$use$fp                               0x0800031d   Thumb Code     0  iusefp.o(.text)
    _double_round                            0x0800031d   Thumb Code    30  depilogue.o(.text)
    _double_epilogue                         0x0800033b   Thumb Code   156  depilogue.o(.text)
    __scatterload                            0x080003d9   Thumb Code    28  init.o(.text)
    __scatterload_rt2                        0x080003d9   Thumb Code     0  init.o(.text)
    __aeabi_llsl                             0x080003fd   Thumb Code    30  llshl.o(.text)
    _ll_shift_l                              0x080003fd   Thumb Code     0  llshl.o(.text)
    BusFault_Handler                         0x0800041b   Thumb Code     4  stm32f1xx_it.o(i.BusFault_Handler)
    Com_Delay_Ms                             0x0800041f   Thumb Code    12  com_delay.o(i.Com_Delay_Ms)
    Com_Delay_Sec                            0x0800042b   Thumb Code    26  com_delay.o(i.Com_Delay_Sec)
    DebugMon_Handler                         0x08000445   Thumb Code     2  stm32f1xx_it.o(i.DebugMon_Handler)
    Ebyte_E220x_Calibrate                    0x08000447   Thumb Code    14  ebyte_e220x.o(i.Ebyte_E220x_Calibrate)
    Ebyte_E220x_CalibrateImage               0x08000455   Thumb Code   114  ebyte_e220x.o(i.Ebyte_E220x_CalibrateImage)
    Ebyte_E220x_CheckReady                   0x080004dd   Thumb Code    26  ebyte_e220x.o(i.Ebyte_E220x_CheckReady)
    Ebyte_E220x_ClearIrqStatus               0x080004f7   Thumb Code    28  ebyte_e220x.o(i.Ebyte_E220x_ClearIrqStatus)
    Ebyte_E220x_GetDriverVersion             0x08000513   Thumb Code     4  ebyte_e220x.o(i.Ebyte_E220x_GetDriverVersion)
    Ebyte_E220x_GetIrqStatus                 0x08000517   Thumb Code    26  ebyte_e220x.o(i.Ebyte_E220x_GetIrqStatus)
    Ebyte_E220x_GetLoraPacketStatus          0x08000531   Thumb Code    78  ebyte_e220x.o(i.Ebyte_E220x_GetLoraPacketStatus)
    Ebyte_E220x_GetName                      0x08000585   Thumb Code     4  ebyte_e220x.o(i.Ebyte_E220x_GetName)
    Ebyte_E220x_GetOperatingMode             0x0800058d   Thumb Code     6  ebyte_e220x.o(i.Ebyte_E220x_GetOperatingMode)
    Ebyte_E220x_GetPayload                   0x08000599   Thumb Code    46  ebyte_e220x.o(i.Ebyte_E220x_GetPayload)
    Ebyte_E220x_GetRxBufferStatus            0x080005c7   Thumb Code    58  ebyte_e220x.o(i.Ebyte_E220x_GetRxBufferStatus)
    Ebyte_E220x_Init                         0x08000601   Thumb Code   126  ebyte_e220x.o(i.Ebyte_E220x_Init)
    Ebyte_E220x_IntOrPollTask                0x0800068d   Thumb Code    78  ebyte_e220x.o(i.Ebyte_E220x_IntOrPollTask)
    Ebyte_E220x_InterruptTrigger             0x080006e5   Thumb Code     2  ebyte_e220x.o(i.Ebyte_E220x_InterruptTrigger)
    Ebyte_E220x_ReadBuffer                   0x080006e7   Thumb Code    72  ebyte_e220x.o(i.Ebyte_E220x_ReadBuffer)
    Ebyte_E220x_ReadCommand                  0x0800072f   Thumb Code    66  ebyte_e220x.o(i.Ebyte_E220x_ReadCommand)
    Ebyte_E220x_ReadRegister                 0x08000771   Thumb Code    20  ebyte_e220x.o(i.Ebyte_E220x_ReadRegister)
    Ebyte_E220x_ReadRegisters                0x08000785   Thumb Code    78  ebyte_e220x.o(i.Ebyte_E220x_ReadRegisters)
    Ebyte_E220x_Reset                        0x080007d3   Thumb Code    34  ebyte_e220x.o(i.Ebyte_E220x_Reset)
    Ebyte_E220x_RfIoEnterRxMode              0x080007f5   Thumb Code    16  ebyte_e220x.o(i.Ebyte_E220x_RfIoEnterRxMode)
    Ebyte_E220x_RfIoEnterTxMode              0x08000805   Thumb Code    16  ebyte_e220x.o(i.Ebyte_E220x_RfIoEnterTxMode)
    Ebyte_E220x_SendPayload                  0x08000815   Thumb Code    66  ebyte_e220x.o(i.Ebyte_E220x_SendPayload)
    Ebyte_E220x_SetBufferBaseAddress         0x08000857   Thumb Code    26  ebyte_e220x.o(i.Ebyte_E220x_SetBufferBaseAddress)
    Ebyte_E220x_SetDio2AsRfSwitchCtrl        0x08000871   Thumb Code    14  ebyte_e220x.o(i.Ebyte_E220x_SetDio2AsRfSwitchCtrl)
    Ebyte_E220x_SetDioIrqParams              0x0800087f   Thumb Code    74  ebyte_e220x.o(i.Ebyte_E220x_SetDioIrqParams)
    Ebyte_E220x_SetLoraPacketParams          0x080008c9   Thumb Code    58  ebyte_e220x.o(i.Ebyte_E220x_SetLoraPacketParams)
    Ebyte_E220x_SetLoraSyncWord              0x08000903   Thumb Code    26  ebyte_e220x.o(i.Ebyte_E220x_SetLoraSyncWord)
    Ebyte_E220x_SetModulationLoraParams      0x0800091d   Thumb Code    44  ebyte_e220x.o(i.Ebyte_E220x_SetModulationLoraParams)
    Ebyte_E220x_SetPaConfig                  0x08000949   Thumb Code    38  ebyte_e220x.o(i.Ebyte_E220x_SetPaConfig)
    Ebyte_E220x_SetPacketType                0x08000971   Thumb Code    22  ebyte_e220x.o(i.Ebyte_E220x_SetPacketType)
    Ebyte_E220x_SetPayload                   0x0800098d   Thumb Code    18  ebyte_e220x.o(i.Ebyte_E220x_SetPayload)
    Ebyte_E220x_SetRegulatorMode             0x0800099f   Thumb Code    14  ebyte_e220x.o(i.Ebyte_E220x_SetRegulatorMode)
    Ebyte_E220x_SetRfFrequency               0x080009ad   Thumb Code   112  ebyte_e220x.o(i.Ebyte_E220x_SetRfFrequency)
    Ebyte_E220x_SetRx                        0x08000a21   Thumb Code    98  ebyte_e220x.o(i.Ebyte_E220x_SetRx)
    Ebyte_E220x_SetSleep                     0x08000a89   Thumb Code    32  ebyte_e220x.o(i.Ebyte_E220x_SetSleep)
    Ebyte_E220x_SetStandby                   0x08000aad   Thumb Code    34  ebyte_e220x.o(i.Ebyte_E220x_SetStandby)
    Ebyte_E220x_SetTx                        0x08000ad5   Thumb Code    92  ebyte_e220x.o(i.Ebyte_E220x_SetTx)
    Ebyte_E220x_SetTxPaParams                0x08000b35   Thumb Code    68  ebyte_e220x.o(i.Ebyte_E220x_SetTxPaParams)
    Ebyte_E220x_WaitOnBusy                   0x08000b79   Thumb Code    14  ebyte_e220x.o(i.Ebyte_E220x_WaitOnBusy)
    Ebyte_E220x_Wakeup                       0x08000b87   Thumb Code    32  ebyte_e220x.o(i.Ebyte_E220x_Wakeup)
    Ebyte_E220x_WriteBuffer                  0x08000ba7   Thumb Code    64  ebyte_e220x.o(i.Ebyte_E220x_WriteBuffer)
    Ebyte_E220x_WriteCommand                 0x08000be7   Thumb Code    62  ebyte_e220x.o(i.Ebyte_E220x_WriteCommand)
    Ebyte_E220x_WriteRegister                0x08000c25   Thumb Code    16  ebyte_e220x.o(i.Ebyte_E220x_WriteRegister)
    Ebyte_E220x_WriteRegisters               0x08000c35   Thumb Code    70  ebyte_e220x.o(i.Ebyte_E220x_WriteRegisters)
    Ebyte_Port_BusyIoRead                    0x08000c7d   Thumb Code    18  ebyte_port.o(i.Ebyte_Port_BusyIoRead)
    Ebyte_Port_DelayMs                       0x08000c95   Thumb Code    12  ebyte_port.o(i.Ebyte_Port_DelayMs)
    Ebyte_Port_ReceiveCallback               0x08000ca1   Thumb Code   118  ebyte_callback.o(i.Ebyte_Port_ReceiveCallback)
    Ebyte_Port_RstIoControl                  0x08000d85   Thumb Code    34  ebyte_port.o(i.Ebyte_Port_RstIoControl)
    Ebyte_Port_RxenIoControl                 0x08000dad   Thumb Code    32  ebyte_port.o(i.Ebyte_Port_RxenIoControl)
    Ebyte_Port_SpiCsIoControl                0x08000dd1   Thumb Code    34  ebyte_port.o(i.Ebyte_Port_SpiCsIoControl)
    Ebyte_Port_SpiTransmitAndReceivce        0x08000df9   Thumb Code    32  ebyte_port.o(i.Ebyte_Port_SpiTransmitAndReceivce)
    Ebyte_Port_TransmitCallback              0x08000e1d   Thumb Code   102  ebyte_callback.o(i.Ebyte_Port_TransmitCallback)
    Ebyte_Port_TxenIoControl                 0x08000ee1   Thumb Code    32  ebyte_port.o(i.Ebyte_Port_TxenIoControl)
    Error_Handler                            0x08000f05   Thumb Code     6  main.o(i.Error_Handler)
    HAL_Delay                                0x08000f0d   Thumb Code    36  stm32f1xx_hal.o(i.HAL_Delay)
    HAL_GPIO_Init                            0x08000f35   Thumb Code   792  stm32f1xx_hal_gpio.o(i.HAL_GPIO_Init)
    HAL_GPIO_ReadPin                         0x08001275   Thumb Code    16  stm32f1xx_hal_gpio.o(i.HAL_GPIO_ReadPin)
    HAL_GPIO_WritePin                        0x08001285   Thumb Code    12  stm32f1xx_hal_gpio.o(i.HAL_GPIO_WritePin)
    HAL_GetTick                              0x08001291   Thumb Code     6  stm32f1xx_hal.o(i.HAL_GetTick)
    HAL_IncTick                              0x0800129d   Thumb Code    16  stm32f1xx_hal.o(i.HAL_IncTick)
    HAL_Init                                 0x080012b5   Thumb Code    34  stm32f1xx_hal.o(i.HAL_Init)
    HAL_InitTick                             0x080012dd   Thumb Code    64  stm32f1xx_hal.o(i.HAL_InitTick)
    HAL_MspInit                              0x08001329   Thumb Code    76  stm32f1xx_hal_msp.o(i.HAL_MspInit)
    HAL_NVIC_SetPriority                     0x0800137d   Thumb Code   124  stm32f1xx_hal_cortex.o(i.HAL_NVIC_SetPriority)
    HAL_NVIC_SetPriorityGrouping             0x080013f9   Thumb Code    32  stm32f1xx_hal_cortex.o(i.HAL_NVIC_SetPriorityGrouping)
    HAL_RCC_ClockConfig                      0x08001421   Thumb Code   376  stm32f1xx_hal_rcc.o(i.HAL_RCC_ClockConfig)
    HAL_RCC_GetHCLKFreq                      0x080015ad   Thumb Code     6  stm32f1xx_hal_rcc.o(i.HAL_RCC_GetHCLKFreq)
    HAL_RCC_GetPCLK1Freq                     0x080015b9   Thumb Code    22  stm32f1xx_hal_rcc.o(i.HAL_RCC_GetPCLK1Freq)
    HAL_RCC_GetPCLK2Freq                     0x080015d9   Thumb Code    22  stm32f1xx_hal_rcc.o(i.HAL_RCC_GetPCLK2Freq)
    HAL_RCC_GetSysClockFreq                  0x080015f9   Thumb Code    92  stm32f1xx_hal_rcc.o(i.HAL_RCC_GetSysClockFreq)
    HAL_RCC_OscConfig                        0x08001669   Thumb Code  1114  stm32f1xx_hal_rcc.o(i.HAL_RCC_OscConfig)
    HAL_SPI_Init                             0x08001acd   Thumb Code   190  stm32f1xx_hal_spi.o(i.HAL_SPI_Init)
    HAL_SPI_MspInit                          0x08001b8d   Thumb Code   226  spi.o(i.HAL_SPI_MspInit)
    HAL_SPI_Receive                          0x08001c85   Thumb Code   386  stm32f1xx_hal_spi.o(i.HAL_SPI_Receive)
    HAL_SPI_Transmit                         0x08001e07   Thumb Code   446  stm32f1xx_hal_spi.o(i.HAL_SPI_Transmit)
    HAL_SPI_TransmitReceive                  0x08001fc5   Thumb Code   584  stm32f1xx_hal_spi.o(i.HAL_SPI_TransmitReceive)
    HAL_SYSTICK_Config                       0x0800220d   Thumb Code    52  stm32f1xx_hal_cortex.o(i.HAL_SYSTICK_Config)
    HAL_UART_Init                            0x08002241   Thumb Code   118  stm32f1xx_hal_uart.o(i.HAL_UART_Init)
    HAL_UART_MspInit                         0x080022b9   Thumb Code   122  usart.o(i.HAL_UART_MspInit)
    HAL_UART_Transmit                        0x08002341   Thumb Code   190  stm32f1xx_hal_uart.o(i.HAL_UART_Transmit)
    HardFault_Handler                        0x080023ff   Thumb Code     4  stm32f1xx_it.o(i.HardFault_Handler)
    Int_LoRa_Init                            0x08002405   Thumb Code    18  int_lora.o(i.Int_LoRa_Init)
    Int_Lora_Receive                         0x0800241d   Thumb Code    10  int_lora.o(i.Int_Lora_Receive)
    Int_W5500_GetSocketStatus                0x0800242d   Thumb Code   246  int_w5500.o(i.Int_W5500_GetSocketStatus)
    Int_W5500_Init                           0x080025c5   Thumb Code    92  int_w5500.o(i.Int_W5500_Init)
    Int_w5500_SendData                       0x08002629   Thumb Code    26  int_w5500.o(i.Int_w5500_SendData)
    MX_GPIO_Init                             0x08002645   Thumb Code   318  gpio.o(i.MX_GPIO_Init)
    MX_SPI1_Init                             0x08002795   Thumb Code    60  spi.o(i.MX_SPI1_Init)
    MX_SPI2_Init                             0x080027d9   Thumb Code    58  spi.o(i.MX_SPI2_Init)
    MX_USART1_UART_Init                      0x0800281d   Thumb Code    46  usart.o(i.MX_USART1_UART_Init)
    MemManage_Handler                        0x08002855   Thumb Code     4  stm32f1xx_it.o(i.MemManage_Handler)
    NMI_Handler                              0x08002859   Thumb Code     4  stm32f1xx_it.o(i.NMI_Handler)
    PendSV_Handler                           0x0800285d   Thumb Code     2  stm32f1xx_it.o(i.PendSV_Handler)
    SVC_Handler                              0x08002a1d   Thumb Code     2  stm32f1xx_it.o(i.SVC_Handler)
    SysTick_Handler                          0x08002a1f   Thumb Code     8  stm32f1xx_it.o(i.SysTick_Handler)
    SystemClock_Config                       0x08002a27   Thumb Code   102  main.o(i.SystemClock_Config)
    SystemInit                               0x08002a8d   Thumb Code     2  system_stm32f1xx.o(i.SystemInit)
    UsageFault_Handler                       0x08002c85   Thumb Code     4  stm32f1xx_it.o(i.UsageFault_Handler)
    WIZCHIP_READ                             0x08002c89   Thumb Code   112  w5500.o(i.WIZCHIP_READ)
    WIZCHIP_READ_BUF                         0x08002cfd   Thumb Code   136  w5500.o(i.WIZCHIP_READ_BUF)
    WIZCHIP_WRITE                            0x08002d89   Thumb Code   112  w5500.o(i.WIZCHIP_WRITE)
    WIZCHIP_WRITE_BUF                        0x08002dfd   Thumb Code   132  w5500.o(i.WIZCHIP_WRITE_BUF)
    __0printf$3                              0x08002e85   Thumb Code    22  printf3.o(i.__0printf$3)
    __1printf$3                              0x08002e85   Thumb Code     0  printf3.o(i.__0printf$3)
    __2printf                                0x08002e85   Thumb Code     0  printf3.o(i.__0printf$3)
    __scatterload_copy                       0x08002edd   Thumb Code    14  handlers.o(i.__scatterload_copy)
    __scatterload_null                       0x08002eeb   Thumb Code     2  handlers.o(i.__scatterload_null)
    __scatterload_zeroinit                   0x08002eed   Thumb Code    14  handlers.o(i.__scatterload_zeroinit)
    close                                    0x080030b5   Thumb Code   142  socket.o(i.close)
    connect                                  0x08003155   Thumb Code   342  socket.o(i.connect)
    fputc                                    0x080032b1   Thumb Code    22  com_debug.o(i.fputc)
    getSn_TX_FSR                             0x080032cd   Thumb Code   108  w5500.o(i.getSn_TX_FSR)
    main                                     0x08003339   Thumb Code    82  main.o(i.main)
    reg_wizchip_cs_cbfunc                    0x080033b9   Thumb Code    26  wizchip_conf.o(i.reg_wizchip_cs_cbfunc)
    reg_wizchip_spi_cbfunc                   0x080033e1   Thumb Code    40  wizchip_conf.o(i.reg_wizchip_spi_cbfunc)
    send                                     0x08003415   Thumb Code   374  socket.o(i.send)
    socket                                   0x08003595   Thumb Code   384  socket.o(i.socket)
    wiz_send_data                            0x08003729   Thumb Code   132  w5500.o(i.wiz_send_data)
    wizchip_bus_readdata                     0x080037ad   Thumb Code     6  wizchip_conf.o(i.wizchip_bus_readdata)
    wizchip_bus_writedata                    0x080037b3   Thumb Code     4  wizchip_conf.o(i.wizchip_bus_writedata)
    wizchip_cris_enter                       0x080037b7   Thumb Code     2  wizchip_conf.o(i.wizchip_cris_enter)
    wizchip_cris_exit                        0x080037b9   Thumb Code     2  wizchip_conf.o(i.wizchip_cris_exit)
    wizchip_cs_deselect                      0x080037bd   Thumb Code    14  wizchip_conf.o(i.wizchip_cs_deselect)
    wizchip_cs_select                        0x080037d1   Thumb Code    14  wizchip_conf.o(i.wizchip_cs_select)
    wizchip_spi_readbyte                     0x080037e5   Thumb Code    26  wizchip_conf.o(i.wizchip_spi_readbyte)
    wizchip_spi_writebyte                    0x08003805   Thumb Code    18  wizchip_conf.o(i.wizchip_spi_writebyte)
    wizchip_userRegisterCallBack             0x0800381d   Thumb Code    20  wizchip_conf.o(i.wizchip_userRegisterCallBack)
    AHBPrescTable                            0x08003852   Data          16  system_stm32f1xx.o(.constdata)
    APBPrescTable                            0x08003862   Data           8  system_stm32f1xx.o(.constdata)
    Ebyte_RF                                 0x0800386c   Data          32  ebyte_core.o(.constdata)
    FskBandwidths                            0x080038a4   Data         176  ebyte_e220x.o(.constdata)
    Region$$Table$$Base                      0x08003954   Number         0  anon$$obj.o(Region$$Table)
    Region$$Table$$Limit                     0x08003974   Number         0  anon$$obj.o(Region$$Table)
    uwTick                                   0x20000000   Data           4  stm32f1xx_hal.o(.data)
    uwTickPrio                               0x20000004   Data           4  stm32f1xx_hal.o(.data)
    uwTickFreq                               0x20000008   Data           1  stm32f1xx_hal.o(.data)
    SystemCoreClock                          0x2000000c   Data           4  system_stm32f1xx.o(.data)
    sock_pack_info                           0x2000001e   Data           8  socket.o(.data)
    WIZCHIP                                  0x20000028   Data          44  wizchip_conf.o(.data)
    dest_ip                                  0x2000005a   Data           4  int_w5500.o(.data)
    dest_port                                0x2000005e   Data           2  int_w5500.o(.data)
    default_net_info                         0x20000060   Data          23  int_w5500.o(.data)
    __stdout                                 0x20000078   Data           4  stdout.o(.data)
    hspi1                                    0x2000007c   Data          88  spi.o(.bss)
    hspi2                                    0x200000d4   Data          88  spi.o(.bss)
    huart1                                   0x2000012c   Data          72  usart.o(.bss)
    __initial_sp                             0x20000698   Data           0  startup_stm32f103xe.o(STACK)



==============================================================================

Memory Map of the image

  Image Entry point : 0x08000131

  Load Region LR_IROM1 (Base: 0x08000000, Size: 0x000039f0, Max: 0x00080000, ABSOLUTE)

    Execution Region ER_IROM1 (Exec base: 0x08000000, Load base: 0x08000000, Size: 0x00003974, Max: 0x00080000, ABSOLUTE)

    Exec Addr    Load Addr    Size         Type   Attr      Idx    E Section Name        Object

    0x08000000   0x08000000   0x00000130   Data   RO            3    RESET               startup_stm32f103xe.o
    0x08000130   0x08000130   0x00000000   Code   RO         3270  * .ARM.Collect$$$$00000000  mc_w.l(entry.o)
    0x08000130   0x08000130   0x00000004   Code   RO         3548    .ARM.Collect$$$$00000001  mc_w.l(entry2.o)
    0x08000134   0x08000134   0x00000004   Code   RO         3551    .ARM.Collect$$$$00000004  mc_w.l(entry5.o)
    0x08000138   0x08000138   0x00000000   Code   RO         3553    .ARM.Collect$$$$00000008  mc_w.l(entry7b.o)
    0x08000138   0x08000138   0x00000000   Code   RO         3555    .ARM.Collect$$$$0000000A  mc_w.l(entry8b.o)
    0x08000138   0x08000138   0x00000008   Code   RO         3556    .ARM.Collect$$$$0000000B  mc_w.l(entry9a.o)
    0x08000140   0x08000140   0x00000004   Code   RO         3563    .ARM.Collect$$$$0000000E  mc_w.l(entry12b.o)
    0x08000144   0x08000144   0x00000000   Code   RO         3558    .ARM.Collect$$$$0000000F  mc_w.l(entry10a.o)
    0x08000144   0x08000144   0x00000000   Code   RO         3560    .ARM.Collect$$$$00000011  mc_w.l(entry11a.o)
    0x08000144   0x08000144   0x00000004   Code   RO         3549    .ARM.Collect$$$$00002712  mc_w.l(entry2.o)
    0x08000148   0x08000148   0x00000024   Code   RO            4    .text               startup_stm32f103xe.o
    0x0800016c   0x0800016c   0x00000020   Code   RO         3273    .text               mc_w.l(llushr.o)
    0x0800018c   0x0800018c   0x00000024   Code   RO         3275    .text               mc_w.l(memseta.o)
    0x080001b0   0x080001b0   0x00000016   Code   RO         3277    .text               mc_w.l(strrchr.o)
    0x080001c6   0x080001c6   0x000000de   Code   RO         3542    .text               mf_w.l(ddiv.o)
    0x080002a4   0x080002a4   0x0000001a   Code   RO         3544    .text               mf_w.l(dfltui.o)
    0x080002be   0x080002be   0x00000032   Code   RO         3546    .text               mf_w.l(dfixui.o)
    0x080002f0   0x080002f0   0x0000002c   Code   RO         3565    .text               mc_w.l(uidiv.o)
    0x0800031c   0x0800031c   0x00000000   Code   RO         3569    .text               mc_w.l(iusefp.o)
    0x0800031c   0x0800031c   0x000000ba   Code   RO         3570    .text               mf_w.l(depilogue.o)
    0x080003d6   0x080003d6   0x00000002   PAD
    0x080003d8   0x080003d8   0x00000024   Code   RO         3578    .text               mc_w.l(init.o)
    0x080003fc   0x080003fc   0x0000001e   Code   RO         3580    .text               mc_w.l(llshl.o)
    0x0800041a   0x0800041a   0x00000004   Code   RO          304    i.BusFault_Handler  stm32f1xx_it.o
    0x0800041e   0x0800041e   0x0000000c   Code   RO         2216    i.Com_Delay_Ms      com_delay.o
    0x0800042a   0x0800042a   0x0000001a   Code   RO         2217    i.Com_Delay_Sec     com_delay.o
    0x08000444   0x08000444   0x00000002   Code   RO          305    i.DebugMon_Handler  stm32f1xx_it.o
    0x08000446   0x08000446   0x0000000e   Code   RO         2352    i.Ebyte_E220x_Calibrate  ebyte_e220x.o
    0x08000454   0x08000454   0x00000088   Code   RO         2353    i.Ebyte_E220x_CalibrateImage  ebyte_e220x.o
    0x080004dc   0x080004dc   0x0000001a   Code   RO         2354    i.Ebyte_E220x_CheckReady  ebyte_e220x.o
    0x080004f6   0x080004f6   0x0000001c   Code   RO         2356    i.Ebyte_E220x_ClearIrqStatus  ebyte_e220x.o
    0x08000512   0x08000512   0x00000004   Code   RO         2358    i.Ebyte_E220x_GetDriverVersion  ebyte_e220x.o
    0x08000516   0x08000516   0x0000001a   Code   RO         2361    i.Ebyte_E220x_GetIrqStatus  ebyte_e220x.o
    0x08000530   0x08000530   0x00000054   Code   RO         2362    i.Ebyte_E220x_GetLoraPacketStatus  ebyte_e220x.o
    0x08000584   0x08000584   0x00000008   Code   RO         2363    i.Ebyte_E220x_GetName  ebyte_e220x.o
    0x0800058c   0x0800058c   0x0000000c   Code   RO         2364    i.Ebyte_E220x_GetOperatingMode  ebyte_e220x.o
    0x08000598   0x08000598   0x0000002e   Code   RO         2366    i.Ebyte_E220x_GetPayload  ebyte_e220x.o
    0x080005c6   0x080005c6   0x0000003a   Code   RO         2369    i.Ebyte_E220x_GetRxBufferStatus  ebyte_e220x.o
    0x08000600   0x08000600   0x0000008c   Code   RO         2371    i.Ebyte_E220x_Init  ebyte_e220x.o
    0x0800068c   0x0800068c   0x00000058   Code   RO         2372    i.Ebyte_E220x_IntOrPollTask  ebyte_e220x.o
    0x080006e4   0x080006e4   0x00000002   Code   RO         2373    i.Ebyte_E220x_InterruptTrigger  ebyte_e220x.o
    0x080006e6   0x080006e6   0x00000048   Code   RO         2374    i.Ebyte_E220x_ReadBuffer  ebyte_e220x.o
    0x0800072e   0x0800072e   0x00000042   Code   RO         2375    i.Ebyte_E220x_ReadCommand  ebyte_e220x.o
    0x08000770   0x08000770   0x00000014   Code   RO         2376    i.Ebyte_E220x_ReadRegister  ebyte_e220x.o
    0x08000784   0x08000784   0x0000004e   Code   RO         2377    i.Ebyte_E220x_ReadRegisters  ebyte_e220x.o
    0x080007d2   0x080007d2   0x00000022   Code   RO         2378    i.Ebyte_E220x_Reset  ebyte_e220x.o
    0x080007f4   0x080007f4   0x00000010   Code   RO         2379    i.Ebyte_E220x_RfIoEnterRxMode  ebyte_e220x.o
    0x08000804   0x08000804   0x00000010   Code   RO         2380    i.Ebyte_E220x_RfIoEnterTxMode  ebyte_e220x.o
    0x08000814   0x08000814   0x00000042   Code   RO         2381    i.Ebyte_E220x_SendPayload  ebyte_e220x.o
    0x08000856   0x08000856   0x0000001a   Code   RO         2382    i.Ebyte_E220x_SetBufferBaseAddress  ebyte_e220x.o
    0x08000870   0x08000870   0x0000000e   Code   RO         2387    i.Ebyte_E220x_SetDio2AsRfSwitchCtrl  ebyte_e220x.o
    0x0800087e   0x0800087e   0x0000004a   Code   RO         2389    i.Ebyte_E220x_SetDioIrqParams  ebyte_e220x.o
    0x080008c8   0x080008c8   0x0000003a   Code   RO         2394    i.Ebyte_E220x_SetLoraPacketParams  ebyte_e220x.o
    0x08000902   0x08000902   0x0000001a   Code   RO         2395    i.Ebyte_E220x_SetLoraSyncWord  ebyte_e220x.o
    0x0800091c   0x0800091c   0x0000002c   Code   RO         2397    i.Ebyte_E220x_SetModulationLoraParams  ebyte_e220x.o
    0x08000948   0x08000948   0x00000026   Code   RO         2398    i.Ebyte_E220x_SetPaConfig  ebyte_e220x.o
    0x0800096e   0x0800096e   0x00000002   PAD
    0x08000970   0x08000970   0x0000001c   Code   RO         2399    i.Ebyte_E220x_SetPacketType  ebyte_e220x.o
    0x0800098c   0x0800098c   0x00000012   Code   RO         2400    i.Ebyte_E220x_SetPayload  ebyte_e220x.o
    0x0800099e   0x0800099e   0x0000000e   Code   RO         2401    i.Ebyte_E220x_SetRegulatorMode  ebyte_e220x.o
    0x080009ac   0x080009ac   0x00000074   Code   RO         2402    i.Ebyte_E220x_SetRfFrequency  ebyte_e220x.o
    0x08000a20   0x08000a20   0x00000068   Code   RO         2403    i.Ebyte_E220x_SetRx  ebyte_e220x.o
    0x08000a88   0x08000a88   0x00000024   Code   RO         2407    i.Ebyte_E220x_SetSleep  ebyte_e220x.o
    0x08000aac   0x08000aac   0x00000028   Code   RO         2408    i.Ebyte_E220x_SetStandby  ebyte_e220x.o
    0x08000ad4   0x08000ad4   0x00000060   Code   RO         2410    i.Ebyte_E220x_SetTx  ebyte_e220x.o
    0x08000b34   0x08000b34   0x00000044   Code   RO         2413    i.Ebyte_E220x_SetTxPaParams  ebyte_e220x.o
    0x08000b78   0x08000b78   0x0000000e   Code   RO         2415    i.Ebyte_E220x_WaitOnBusy  ebyte_e220x.o
    0x08000b86   0x08000b86   0x00000020   Code   RO         2416    i.Ebyte_E220x_Wakeup  ebyte_e220x.o
    0x08000ba6   0x08000ba6   0x00000040   Code   RO         2417    i.Ebyte_E220x_WriteBuffer  ebyte_e220x.o
    0x08000be6   0x08000be6   0x0000003e   Code   RO         2418    i.Ebyte_E220x_WriteCommand  ebyte_e220x.o
    0x08000c24   0x08000c24   0x00000010   Code   RO         2419    i.Ebyte_E220x_WriteRegister  ebyte_e220x.o
    0x08000c34   0x08000c34   0x00000046   Code   RO         2420    i.Ebyte_E220x_WriteRegisters  ebyte_e220x.o
    0x08000c7a   0x08000c7a   0x00000002   PAD
    0x08000c7c   0x08000c7c   0x00000018   Code   RO         2783    i.Ebyte_Port_BusyIoRead  ebyte_port.o
    0x08000c94   0x08000c94   0x0000000c   Code   RO         2784    i.Ebyte_Port_DelayMs  ebyte_port.o
    0x08000ca0   0x08000ca0   0x000000e4   Code   RO         2316    i.Ebyte_Port_ReceiveCallback  ebyte_callback.o
    0x08000d84   0x08000d84   0x00000028   Code   RO         2785    i.Ebyte_Port_RstIoControl  ebyte_port.o
    0x08000dac   0x08000dac   0x00000024   Code   RO         2786    i.Ebyte_Port_RxenIoControl  ebyte_port.o
    0x08000dd0   0x08000dd0   0x00000028   Code   RO         2787    i.Ebyte_Port_SpiCsIoControl  ebyte_port.o
    0x08000df8   0x08000df8   0x00000024   Code   RO         2788    i.Ebyte_Port_SpiTransmitAndReceivce  ebyte_port.o
    0x08000e1c   0x08000e1c   0x000000c4   Code   RO         2317    i.Ebyte_Port_TransmitCallback  ebyte_callback.o
    0x08000ee0   0x08000ee0   0x00000024   Code   RO         2789    i.Ebyte_Port_TxenIoControl  ebyte_port.o
    0x08000f04   0x08000f04   0x00000006   Code   RO           13    i.Error_Handler     main.o
    0x08000f0a   0x08000f0a   0x00000002   PAD
    0x08000f0c   0x08000f0c   0x00000028   Code   RO          768    i.HAL_Delay         stm32f1xx_hal.o
    0x08000f34   0x08000f34   0x00000340   Code   RO         1083    i.HAL_GPIO_Init     stm32f1xx_hal_gpio.o
    0x08001274   0x08001274   0x00000010   Code   RO         1085    i.HAL_GPIO_ReadPin  stm32f1xx_hal_gpio.o
    0x08001284   0x08001284   0x0000000c   Code   RO         1087    i.HAL_GPIO_WritePin  stm32f1xx_hal_gpio.o
    0x08001290   0x08001290   0x0000000c   Code   RO          772    i.HAL_GetTick       stm32f1xx_hal.o
    0x0800129c   0x0800129c   0x00000018   Code   RO          778    i.HAL_IncTick       stm32f1xx_hal.o
    0x080012b4   0x080012b4   0x00000028   Code   RO          779    i.HAL_Init          stm32f1xx_hal.o
    0x080012dc   0x080012dc   0x0000004c   Code   RO          780    i.HAL_InitTick      stm32f1xx_hal.o
    0x08001328   0x08001328   0x00000054   Code   RO          379    i.HAL_MspInit       stm32f1xx_hal_msp.o
    0x0800137c   0x0800137c   0x0000007c   Code   RO         1249    i.HAL_NVIC_SetPriority  stm32f1xx_hal_cortex.o
    0x080013f8   0x080013f8   0x00000028   Code   RO         1250    i.HAL_NVIC_SetPriorityGrouping  stm32f1xx_hal_cortex.o
    0x08001420   0x08001420   0x0000018c   Code   RO          936    i.HAL_RCC_ClockConfig  stm32f1xx_hal_rcc.o
    0x080015ac   0x080015ac   0x0000000c   Code   RO          941    i.HAL_RCC_GetHCLKFreq  stm32f1xx_hal_rcc.o
    0x080015b8   0x080015b8   0x00000020   Code   RO          943    i.HAL_RCC_GetPCLK1Freq  stm32f1xx_hal_rcc.o
    0x080015d8   0x080015d8   0x00000020   Code   RO          944    i.HAL_RCC_GetPCLK2Freq  stm32f1xx_hal_rcc.o
    0x080015f8   0x080015f8   0x00000070   Code   RO          945    i.HAL_RCC_GetSysClockFreq  stm32f1xx_hal_rcc.o
    0x08001668   0x08001668   0x00000464   Code   RO          948    i.HAL_RCC_OscConfig  stm32f1xx_hal_rcc.o
    0x08001acc   0x08001acc   0x000000be   Code   RO          450    i.HAL_SPI_Init      stm32f1xx_hal_spi.o
    0x08001b8a   0x08001b8a   0x00000002   PAD
    0x08001b8c   0x08001b8c   0x000000f8   Code   RO          215    i.HAL_SPI_MspInit   spi.o
    0x08001c84   0x08001c84   0x00000182   Code   RO          453    i.HAL_SPI_Receive   stm32f1xx_hal_spi.o
    0x08001e06   0x08001e06   0x000001be   Code   RO          458    i.HAL_SPI_Transmit  stm32f1xx_hal_spi.o
    0x08001fc4   0x08001fc4   0x00000248   Code   RO          459    i.HAL_SPI_TransmitReceive  stm32f1xx_hal_spi.o
    0x0800220c   0x0800220c   0x00000034   Code   RO         1254    i.HAL_SYSTICK_Config  stm32f1xx_hal_cortex.o
    0x08002240   0x08002240   0x00000076   Code   RO         1799    i.HAL_UART_Init     stm32f1xx_hal_uart.o
    0x080022b6   0x080022b6   0x00000002   PAD
    0x080022b8   0x080022b8   0x00000088   Code   RO          263    i.HAL_UART_MspInit  usart.o
    0x08002340   0x08002340   0x000000be   Code   RO         1807    i.HAL_UART_Transmit  stm32f1xx_hal_uart.o
    0x080023fe   0x080023fe   0x00000004   Code   RO          306    i.HardFault_Handler  stm32f1xx_it.o
    0x08002402   0x08002402   0x00000002   PAD
    0x08002404   0x08002404   0x00000018   Code   RO         2273    i.Int_LoRa_Init     int_lora.o
    0x0800241c   0x0800241c   0x00000010   Code   RO         2274    i.Int_Lora_Receive  int_lora.o
    0x0800242c   0x0800242c   0x00000198   Code   RO         3234    i.Int_W5500_GetSocketStatus  int_w5500.o
    0x080025c4   0x080025c4   0x00000064   Code   RO         3235    i.Int_W5500_Init    int_w5500.o
    0x08002628   0x08002628   0x0000001a   Code   RO         3236    i.Int_w5500_SendData  int_w5500.o
    0x08002642   0x08002642   0x00000002   PAD
    0x08002644   0x08002644   0x00000150   Code   RO          190    i.MX_GPIO_Init      gpio.o
    0x08002794   0x08002794   0x00000044   Code   RO          216    i.MX_SPI1_Init      spi.o
    0x080027d8   0x080027d8   0x00000044   Code   RO          217    i.MX_SPI2_Init      spi.o
    0x0800281c   0x0800281c   0x00000038   Code   RO          264    i.MX_USART1_UART_Init  usart.o
    0x08002854   0x08002854   0x00000004   Code   RO          307    i.MemManage_Handler  stm32f1xx_it.o
    0x08002858   0x08002858   0x00000004   Code   RO          308    i.NMI_Handler       stm32f1xx_it.o
    0x0800285c   0x0800285c   0x00000002   Code   RO          309    i.PendSV_Handler    stm32f1xx_it.o
    0x0800285e   0x0800285e   0x00000002   PAD
    0x08002860   0x08002860   0x00000028   Code   RO          949    i.RCC_Delay         stm32f1xx_hal_rcc.o
    0x08002888   0x08002888   0x00000078   Code   RO          487    i.SPI_EndRxTransaction  stm32f1xx_hal_spi.o
    0x08002900   0x08002900   0x00000044   Code   RO          488    i.SPI_EndRxTxTransaction  stm32f1xx_hal_spi.o
    0x08002944   0x08002944   0x000000d8   Code   RO          493    i.SPI_WaitFlagStateUntilTimeout  stm32f1xx_hal_spi.o
    0x08002a1c   0x08002a1c   0x00000002   Code   RO          310    i.SVC_Handler       stm32f1xx_it.o
    0x08002a1e   0x08002a1e   0x00000008   Code   RO          311    i.SysTick_Handler   stm32f1xx_it.o
    0x08002a26   0x08002a26   0x00000066   Code   RO           14    i.SystemClock_Config  main.o
    0x08002a8c   0x08002a8c   0x00000002   Code   RO         2143    i.SystemInit        system_stm32f1xx.o
    0x08002a8e   0x08002a8e   0x0000006c   Code   RO         1822    i.UART_EndRxTransfer  stm32f1xx_hal_uart.o
    0x08002afa   0x08002afa   0x00000002   PAD
    0x08002afc   0x08002afc   0x000000fc   Code   RO         1826    i.UART_SetConfig    stm32f1xx_hal_uart.o
    0x08002bf8   0x08002bf8   0x0000008c   Code   RO         1830    i.UART_WaitOnFlagUntilTimeout  stm32f1xx_hal_uart.o
    0x08002c84   0x08002c84   0x00000004   Code   RO          312    i.UsageFault_Handler  stm32f1xx_it.o
    0x08002c88   0x08002c88   0x00000074   Code   RO         3168    i.WIZCHIP_READ      w5500.o
    0x08002cfc   0x08002cfc   0x0000008c   Code   RO         3169    i.WIZCHIP_READ_BUF  w5500.o
    0x08002d88   0x08002d88   0x00000074   Code   RO         3170    i.WIZCHIP_WRITE     w5500.o
    0x08002dfc   0x08002dfc   0x00000088   Code   RO         3171    i.WIZCHIP_WRITE_BUF  w5500.o
    0x08002e84   0x08002e84   0x00000020   Code   RO         3368    i.__0printf$3       mc_w.l(printf3.o)
    0x08002ea4   0x08002ea4   0x00000010   Code   RO         1256    i.__NVIC_GetPriorityGrouping  stm32f1xx_hal_cortex.o
    0x08002eb4   0x08002eb4   0x00000028   Code   RO         1257    i.__NVIC_SetPriority  stm32f1xx_hal_cortex.o
    0x08002edc   0x08002edc   0x0000000e   Code   RO         3586    i.__scatterload_copy  mc_w.l(handlers.o)
    0x08002eea   0x08002eea   0x00000002   Code   RO         3587    i.__scatterload_null  mc_w.l(handlers.o)
    0x08002eec   0x08002eec   0x0000000e   Code   RO         3588    i.__scatterload_zeroinit  mc_w.l(handlers.o)
    0x08002efa   0x08002efa   0x00000002   PAD
    0x08002efc   0x08002efc   0x000001b8   Code   RO         3375    i._printf_core      mc_w.l(printf3.o)
    0x080030b4   0x080030b4   0x000000a0   Code   RO         2840    i.close             socket.o
    0x08003154   0x08003154   0x0000015c   Code   RO         2841    i.connect           socket.o
    0x080032b0   0x080032b0   0x0000001c   Code   RO         2179    i.fputc             com_debug.o
    0x080032cc   0x080032cc   0x0000006c   Code   RO         3173    i.getSn_TX_FSR      w5500.o
    0x08003338   0x08003338   0x00000080   Code   RO           15    i.main              main.o
    0x080033b8   0x080033b8   0x00000028   Code   RO         2929    i.reg_wizchip_cs_cbfunc  wizchip_conf.o
    0x080033e0   0x080033e0   0x00000034   Code   RO         2930    i.reg_wizchip_spi_cbfunc  wizchip_conf.o
    0x08003414   0x08003414   0x00000180   Code   RO         2848    i.send              socket.o
    0x08003594   0x08003594   0x00000194   Code   RO         2851    i.socket            socket.o
    0x08003728   0x08003728   0x00000084   Code   RO         3176    i.wiz_send_data     w5500.o
    0x080037ac   0x080037ac   0x00000006   Code   RO         2932    i.wizchip_bus_readdata  wizchip_conf.o
    0x080037b2   0x080037b2   0x00000004   Code   RO         2933    i.wizchip_bus_writedata  wizchip_conf.o
    0x080037b6   0x080037b6   0x00000002   Code   RO         2935    i.wizchip_cris_enter  wizchip_conf.o
    0x080037b8   0x080037b8   0x00000002   Code   RO         2936    i.wizchip_cris_exit  wizchip_conf.o
    0x080037ba   0x080037ba   0x00000002   PAD
    0x080037bc   0x080037bc   0x00000014   Code   RO         2937    i.wizchip_cs_deselect  wizchip_conf.o
    0x080037d0   0x080037d0   0x00000014   Code   RO         2938    i.wizchip_cs_select  wizchip_conf.o
    0x080037e4   0x080037e4   0x00000020   Code   RO         2950    i.wizchip_spi_readbyte  wizchip_conf.o
    0x08003804   0x08003804   0x00000018   Code   RO         2952    i.wizchip_spi_writebyte  wizchip_conf.o
    0x0800381c   0x0800381c   0x00000024   Code   RO         2954    i.wizchip_userRegisterCallBack  wizchip_conf.o
    0x08003840   0x08003840   0x00000012   Data   RO          950    .constdata          stm32f1xx_hal_rcc.o
    0x08003852   0x08003852   0x00000018   Data   RO         2144    .constdata          system_stm32f1xx.o
    0x0800386a   0x0800386a   0x00000002   PAD
    0x0800386c   0x0800386c   0x00000020   Data   RO         2246    .constdata          ebyte_core.o
    0x0800388c   0x0800388c   0x000000c8   Data   RO         2422    .constdata          ebyte_e220x.o
    0x08003954   0x08003954   0x00000020   Data   RO         3584    Region$$Table       anon$$obj.o


    Execution Region RW_IRAM1 (Exec base: 0x20000000, Load base: 0x08003974, Size: 0x00000698, Max: 0x00010000, ABSOLUTE)

    Exec Addr    Load Addr    Size         Type   Attr      Idx    E Section Name        Object

    0x20000000   0x08003974   0x00000009   Data   RW          786    .data               stm32f1xx_hal.o
    0x20000009   0x0800397d   0x00000003   PAD
    0x2000000c   0x08003980   0x00000004   Data   RW         2145    .data               system_stm32f1xx.o
    0x20000010   0x08003984   0x00000008   Data   RW         2423    .data               ebyte_e220x.o
    0x20000018   0x0800398c   0x0000000e   Data   RW         2853    .data               socket.o
    0x20000026   0x0800399a   0x00000002   PAD
    0x20000028   0x0800399c   0x00000031   Data   RW         2962    .data               wizchip_conf.o
    0x20000059   0x080039cd   0x00000001   PAD
    0x2000005a   0x080039ce   0x0000001d   Data   RW         3237    .data               int_w5500.o
    0x20000077   0x080039eb   0x00000001   PAD
    0x20000078   0x080039ec   0x00000004   Data   RW         3564    .data               mc_w.l(stdout.o)
    0x2000007c        -       0x000000b0   Zero   RW          218    .bss                spi.o
    0x2000012c        -       0x00000048   Zero   RW          265    .bss                usart.o
    0x20000174        -       0x00000113   Zero   RW         2421    .bss                ebyte_e220x.o
    0x20000287   0x080039f0   0x00000001   PAD
    0x20000288        -       0x00000010   Zero   RW         2852    .bss                socket.o
    0x20000298        -       0x00000400   Zero   RW            1    STACK               startup_stm32f103xe.o


==============================================================================

Image component sizes


      Code (inc. data)   RO Data    RW Data    ZI Data      Debug   Object Name

        28          6          0          0          0       1760   com_debug.o
        38          0          0          0          0        995   com_delay.o
       424        204          0          0          0       2171   ebyte_callback.o
         0          0         32          0          0       1607   ebyte_core.o
      2098         92        200          8        275      34065   ebyte_e220x.o
       224         30          0          0          0       3881   ebyte_port.o
       336         18          0          0          0       1099   gpio.o
        40         12          0          0          0        915   int_lora.o
       534        170          0         29          0       2395   int_w5500.o
       236         46          0          0          0     465054   main.o
      1296         54          0         14         16       4263   socket.o
       384         40          0          0        176       2278   spi.o
        36          8        304          0       1024        808   startup_stm32f103xe.o
       192         36          0          9          0       6545   stm32f1xx_hal.o
       272         22          0          0          0      28790   stm32f1xx_hal_cortex.o
       860         40          0          0          0       3351   stm32f1xx_hal_gpio.o
        84          8          0          0          0        906   stm32f1xx_hal_msp.o
      1748         98         18          0          0       6008   stm32f1xx_hal_rcc.o
      2010          6          0          0          0       7526   stm32f1xx_hal_spi.o
       808          4          0          0          0       4412   stm32f1xx_hal_uart.o
        34          0          0          0          0       3974   stm32f1xx_it.o
         2          0         24          4          0       1131   system_stm32f1xx.o
       192         24          0          0         72       1682   usart.o
       748         16          0          0          0       4473   w5500.o
       238         66          0         49          0       9043   wizchip_conf.o

    ----------------------------------------------------------------------
     12882       1000        612        120       1564     599132   Object Totals
         0          0         32          0          0          0   (incl. Generated)
        20          0          2          7          1          0   (incl. Padding)

    ----------------------------------------------------------------------

      Code (inc. data)   RO Data    RW Data    ZI Data      Debug   Library Member Name

         0          0          0          0          0          0   entry.o
         0          0          0          0          0          0   entry10a.o
         0          0          0          0          0          0   entry11a.o
         4          0          0          0          0          0   entry12b.o
         8          4          0          0          0          0   entry2.o
         4          0          0          0          0          0   entry5.o
         0          0          0          0          0          0   entry7b.o
         0          0          0          0          0          0   entry8b.o
         8          4          0          0          0          0   entry9a.o
        30          0          0          0          0          0   handlers.o
        36          8          0          0          0         68   init.o
         0          0          0          0          0          0   iusefp.o
        30          0          0          0          0         68   llshl.o
        32          0          0          0          0         68   llushr.o
        36          0          0          0          0        108   memseta.o
       472         14          0          0          0        184   printf3.o
         0          0          0          4          0          0   stdout.o
        22          0          0          0          0         68   strrchr.o
        44          0          0          0          0         80   uidiv.o
       222          0          0          0          0        100   ddiv.o
       186          0          0          0          0        176   depilogue.o
        50          0          0          0          0         76   dfixui.o
        26          0          0          0          0         76   dfltui.o

    ----------------------------------------------------------------------
      1214         30          0          4          0       1072   Library Totals
         4          0          0          0          0          0   (incl. Padding)

    ----------------------------------------------------------------------

      Code (inc. data)   RO Data    RW Data    ZI Data      Debug   Library Name

       726         30          0          4          0        644   mc_w.l
       484          0          0          0          0        428   mf_w.l

    ----------------------------------------------------------------------
      1214         30          0          4          0       1072   Library Totals

    ----------------------------------------------------------------------

==============================================================================


      Code (inc. data)   RO Data    RW Data    ZI Data      Debug   

     14096       1030        612        124       1564     593128   Grand Totals
     14096       1030        612        124       1564     593128   ELF Image Totals
     14096       1030        612        124          0          0   ROM Totals

==============================================================================

    Total RO  Size (Code + RO Data)                14708 (  14.36kB)
    Total RW  Size (RW Data + ZI Data)              1688 (   1.65kB)
    Total ROM Size (Code + RO Data + RW Data)      14832 (  14.48kB)

==============================================================================

