<html>
<body>
<pre>
<h1>µVision Build Log</h1>
<h2>Tool Versions:</h2>
IDE-Version: ¦ÌVision V5.38.0.0
Copyright (C) 2022 ARM Ltd and ARM Germany GmbH. All rights reserved.
License Information: 1111 jch, 222, LIC=KRMW3-A87C8-56DQ2-96GVL-Y5SIP-SMTZS
 
Tool Versions:
Toolchain:       MDK-ARM Plus  Version: 5.38.0.0
Toolchain Path:  C:\Keil_v5\ARM\arm5_compiler\Bin
C Compiler:      Armcc.exe V5.06 update 7 (build 960)
Assembler:       Armasm.exe V5.06 update 7 (build 960)
Linker/Locator:  ArmLink.exe V5.06 update 7 (build 960)
Library Manager: ArmAr.exe V5.06 update 7 (build 960)
Hex Converter:   FromElf.exe V5.06 update 7 (build 960)
CPU DLL:         SARMCM3.DLL V5.38.0.0
Dialog DLL:      DCM.DLL V1.17.5.0
Target DLL:      STLink\ST-LINKIII-KEIL_SWO.dll V3.1.0.0
Dialog DLL:      TCM.DLL V1.56.4.0
 
<h2>Project:</h2>
d:\jch\sz251120\1_location_source\03_code\gateway\gateway\MDK-ARM\gateway.uvprojx
Project File Date:  02/27/2026

<h2>Output:</h2>
*** Using Compiler 'V5.06 update 7 (build 960)', folder: 'C:\Keil_v5\ARM\arm5_compiler\Bin'
Rebuild target 'gateway'
assembling startup_stm32f103xe.s...
compiling stm32f1xx_it.c...
compiling usart.c...
compiling stm32f1xx_hal_msp.c...
compiling stm32f1xx_hal_gpio.c...
compiling stm32f1xx_hal.c...
compiling stm32f1xx_hal_rcc_ex.c...
compiling stm32f1xx_hal_pwr.c...
compiling gpio.c...
compiling spi.c...
compiling stm32f1xx_hal_dma.c...
compiling stm32f1xx_hal_spi.c...
compiling main.c...
..\Int\eth\Int_w5500.h(24): warning:  #1-D: last line of file ends without a newline
  #endif /* __INT_W5500_H__ */
../Core/Src/main.c: 1 warning, 0 errors
compiling stm32f1xx_hal_gpio_ex.c...
compiling stm32f1xx_hal_flash.c...
compiling stm32f1xx_hal_cortex.c...
compiling stm32f1xx_hal_rcc.c...
compiling ebyte_core.c...
compiling Int_Lora.c...
compiling ebyte_e220x.c...
compiling w5500.c...
compiling socket.c...
compiling system_stm32f1xx.c...
compiling Com_Delay.c...
compiling Com_Debug.c...
compiling stm32f1xx_hal_exti.c...
compiling ebyte_callback.c...
..\Int\eth\Int_w5500.h(24): warning:  #1-D: last line of file ends without a newline
  #endif /* __INT_W5500_H__ */
..\Int\lora\E220xMx\ebyte_callback.c: 1 warning, 0 errors
compiling ebyte_port.c...
compiling stm32f1xx_hal_flash_ex.c...
compiling Int_w5500.c...
..\Int\eth\Int_w5500.h(24): warning:  #1-D: last line of file ends without a newline
  #endif /* __INT_W5500_H__ */
..\Int\eth\Int_w5500.c(55): warning:  #1182-D: a declaration cannot have a label
          int8_t result1 = connect(SOCKET_ID, dest_ip, dest_port);
..\Int\eth\Int_w5500.c(37): warning:  #546-D: transfer of control bypasses initialization of:
            variable "result"  (declared at line 43)
            variable "result1"  (declared at line 55)
      switch (getSn_SR(SOCKET_ID))
      ^
..\Int\eth\Int_w5500.c(88): warning:  #1-D: last line of file ends without a newline
  }
..\Int\eth\Int_w5500.c: 4 warnings, 0 errors
compiling wizchip_conf.c...
compiling stm32f1xx_hal_uart.c...
linking...
Program Size: Code=14096 RO-data=612 RW-data=124 ZI-data=1564  
FromELF: creating hex file...
"gateway\gateway.axf" - 0 Error(s), 6 Warning(s).

<h2>Software Packages used:</h2>

Package Vendor: ARM
                http://www.keil.com/pack/ARM.CMSIS.5.9.0.pack
                ARM.CMSIS.5.9.0
                CMSIS (Common Microcontroller Software Interface Standard)
   * Component: CORE Version: 5.6.0

Package Vendor: Keil
                https://www.keil.com/pack/Keil.STM32F1xx_DFP.2.4.1.pack
                Keil.STM32F1xx_DFP.2.4.1
                STMicroelectronics STM32F1 Series Device Support, Drivers and Examples

<h2>Collection of Component include folders:</h2>
  ./RTE/_gateway
  C:/Users/jch/AppData/Local/Arm/Packs/ARM/CMSIS/5.9.0/CMSIS/Core/Include
  C:/Users/jch/AppData/Local/Arm/Packs/Keil/STM32F1xx_DFP/2.4.1/Device/Include

<h2>Collection of Component Files used:</h2>

   * Component: ARM::CMSIS:CORE:5.6.0
      Include file:  CMSIS/Core/Include/tz_context.h
Build Time Elapsed:  00:00:11
</pre>
</body>
</html>
