*** Using Compiler 'V5.06 update 7 (build 960)', folder: 'C:\Keil_v5\ARM\ARMCC\Bin'
Build target 'location'
assembling startup_stm32f103xb.s...
compiling gpio.c...
compiling stm32f1xx_it.c...
compiling main.c...
compiling stm32f1xx_hal_msp.c...
compiling stm32f1xx_hal.c...
compiling stm32f1xx_hal_gpio_ex.c...
compiling rtc.c...
compiling stm32f1xx_hal_rcc_ex.c...
compiling stm32f1xx_hal_i2c.c...
compiling i2c.c...
compiling stm32f1xx_hal_cortex.c...
compiling stm32f1xx_hal_rcc.c...
compiling usart.c...
compiling stm32f1xx_hal_dma.c...
compiling Com_Status.c...
compiling stm32f1xx_hal_flash.c...
compiling stm32f1xx_hal_gpio.c...
compiling cJSON.c...
compiling spi.c...
compiling stm32f1xx_hal_pwr.c...
compiling stm32f1xx_hal_rtc.c...
compiling stm32f1xx_hal_flash_ex.c...
compiling ebyte_core.c...
compiling stm32f1xx_hal_exti.c...
compiling Com_Debug.c...
compiling Int_DS3553.c...
compiling Int_Lora.c...
compiling stm32f1xx_hal_rtc_ex.c...
compiling system_stm32f1xx.c...
compiling stm32f1xx_hal_uart.c...
compiling ebyte_e220x.c...
compiling stm32f1xx_hal_spi.c...
compiling Com_Delay.c...
compiling Int_AT6558R.c...
compiling App_Main.c...
compiling Int_QS100.c...
compiling ebyte_port.c...
compiling ebyte_callback.c...
linking...
Program Size: Code=30426 RO-data=726 RW-data=64 ZI-data=8200  
FromELF: creating hex file...
"location\location.axf" - 0 Error(s), 0 Warning(s).
Build Time Elapsed:  00:00:06
